07-04 09:19:55.825 I/SurfaceTexture(  129): [com.miui.home/com.miui.home.launcher.Launcher](this:0x42eb1e28,api:1) [void* android::SurfaceTexture::createImage(EGLDisplay, const android::sp<android::GraphicBuffer>&)]
07-04 09:19:55.825 I/BufferQueue(  129):     [NEW] gb=0x42ebad80, handle=0x42ebae48, w=720, h=1280, s=736, fmt=5
07-04 09:19:55.825 D/SurfaceTexture(  129):     GraphicBuffer: gb=0x4397e260 handle=0x44ccdeb8
07-04 09:19:55.825 D/SurfaceTexture(  129):     EGLImage: dpy=0x1, img=0x44c81f68
07-04 09:19:55.825 I/BufferQueue(  129): [com.miui.home/com.miui.home.launcher.Launcher](this:0x44ccede0,api:1) [release] fps:0.04, dur:24724.33, max:24724.33, min:24724.33
07-04 09:19:55.825 I/SurfaceFlinger(  129): [SurfaceFlinger] fps:0.231442,dur:25924.37,max:25141.24,min:74.80
07-04 09:19:55.825 I/SurfaceTextureClient(  129): [STC::queueBuffer] (this:0x42b67a78) fps:0.23, dur:25924.22, max:25141.11, min:74.83
07-04 09:19:55.825 I/SurfaceTextureClient(  129): [STC::queueBuffer] this:0x42b67a78, api:1, last queue time elapsed:25141.11
07-04 09:19:55.826 I/BufferQueue(  129): [FramebufferSurface](this:0x42b6a008,api:1) [release] fps:0.23, dur:25924.23, max:25141.14, min:74.83
07-04 09:19:55.826 I/BufferQueue(  129): [FramebufferSurface](this:0x42b6a008,api:1) [queue] fps:0.23, dur:25924.23, max:25141.17, min:74.83
07-04 09:19:55.831 D/PowerManagerService(  461): unblankAllDisplays 2
07-04 09:19:55.831 I/TV/JNI  (  461): [TVOut] jboolean tvoutPowerEnable(JNIEnv*, jobject, jboolean)(1) ret = 0
07-04 09:19:55.831 I/hdmi    (  461): [HDMI] JNI com.mediatek.hdmi.HDMINative.enableHDMIPOWER(1)
07-04 09:19:55.831 D/PowerManagerDisplayState(  461): mTask: on = true, mActualOn = true, backlight = 0, mActualBacklight = 0
07-04 09:19:55.832 D/PowerManagerDisplayState(  461): Requesting new screen state: on=true, backlight=20, mChangeInProgress=false
07-04 09:19:55.832 D/PowerManagerDisplayController(  461): sendMessage.
07-04 09:19:55.832 D/PowerManagerDisplayState(  461): on mTask
07-04 09:19:55.832 D/PowerManagerDisplayState(  461): mTask: on = true, mActualOn = true, backlight = 20, mActualBacklight = 0
07-04 09:19:55.832 D/PowerManagerDisplayState(  461): mTask: on = true, onChanged = false, backlightChanged = true, backlight = 20
07-04 09:19:55.832 D/LightsService(  461): setLight_native: light=0, colorARGB=0xff141414, flashMode=0, onMS=0, offMS=0, brightnessMode=0
07-04 09:19:55.832 D/lights  (  461): write_int open fd=303
07-04 09:19:55.832 D/PowerManagerDisplayState(  461): mTask: on = true, mActualOn = true, backlight = 20, mActualBacklight = 20
07-04 09:19:55.832 D/PowerManagerDisplayController(  461): mProximity = -1, mWaitingForNegativeProximity = false, mScreenOffBecauseOfProximity = false, mPowerRequest.useProximitySensor = false, mPowerRequest.forceProximitySensorEnable = false, mPowerRequest.forceWakeUpEnable = false
07-04 09:19:55.833 V/Provider/Settings(  461):  from settings cache , name = status_bar_expandable_under_fullscreen , value = null
07-04 09:19:55.834 D/PowerManagerDisplayController(  461): setScreenOn true
07-04 09:19:55.834 D/PowerManagerDisplayController(  461): updatePowerState: mustNotify=true, mScreenOnWasBlocked=false, mElectronBeamOnAnimator=false, mElectronBeamOffAnimator=false, waitUntilClean=true
07-04 09:19:55.834 D/PowerManagerDisplayController(  461): Display ready!
07-04 09:19:55.834 D/PowerManagerDisplayController(  461): requestPowerState: screenState=2, useProximitySensor=false, forceProximitySensorEnable=false, forceWakeUpEnable=false, screenBrightness=60, screenAutoBrightnessAdjustment=-0.6255319, useAutoBrightness=true, useEcoBrightness=false, blockScreenOn=false, waitForNegativeProximity=false
07-04 09:19:55.834 I/PowerManagerService(  461): setBrightness mButtonLight, screenBrightness=60
07-04 09:19:55.834 D/PowerManagerNotifier(  461): onWakeUpFinished
07-04 09:19:55.849 W/hwcomposer_v1.0(  129): [WKR] late sync failed!
07-04 09:19:55.863 D/dalvikvm( 3514): GC_CONCURRENT freed 425K, 7% free 9012K/9592K, paused 14ms+3ms, total 41ms
07-04 09:19:56.001 D/ADB_SERVICES( 3229): adb fdevent_process list (21) (15) (25) (27) (26) (24) 
07-04 09:19:56.001 D/ADB_SERVICES( 3229): adb socket read list (21) (25) (27) (26) (24) 
07-04 09:19:56.001 D/ADB_SERVICES( 3229): read_data=344342
07-04 09:19:56.001 D/ADB_SERVICES( 3229): max_read_time=0.001797 max_send_time=0.000082 
07-04 09:19:56.001 D/ADB_SERVICES( 3229): adb local_socket_ready list (21) (25) (24) (26) (27) 
07-04 09:19:56.079 W/ADB_SERVICES( 3229): create_local_service_socket() name=tcp:10201
07-04 09:19:56.080 I/System.out( 3627): close [socket][/0.0.0.0:-1]
07-04 09:19:56.081 I/System.out( 3627): [CDS]EAGAIN or EWOULDBLOCK in Recvfrom
07-04 09:19:56.082 W/ADB_SERVICES( 3229): create_local_service_socket() name=tcp:10201
07-04 09:19:56.083 W/ADB_SERVICES( 3229): create_local_service_socket() name=tcp:10201
07-04 09:19:56.083 I/System.out( 3627): close [socket][/0.0.0.0:-1]
07-04 09:19:56.085 I/System.out( 3627): [CDS]EAGAIN or EWOULDBLOCK in Recvfrom
07-04 09:19:56.087 I/System.out( 3627): [CDS]EAGAIN or EWOULDBLOCK in Recvfrom
07-04 09:19:56.088 I/System.out( 3627): close [socket][/0.0.0.0:-1]
07-04 09:19:56.098 I/System.out( 3627): [CDS]close[10201]
07-04 09:19:56.098 I/System.out( 3627): close [socket][/0.0.0.0:10201]
07-04 09:19:56.229 D/FramerateTokenList(  461): createToken: miui.maml.elements.FramerateController@42852f00
07-04 09:19:56.328 I/SurfaceTextureClient(  616): [STC::queueBuffer] (this:0x60364460) fps:4.99, dur:1002.59, max:232.45, min:179.97
07-04 09:19:56.328 I/BufferQueue(  129): [StatusBar](this:0x42ecea00,api:1) [queue] fps:4.99, dur:1001.33, max:232.51, min:178.57
07-04 09:19:56.345 I/BufferQueue(  129): [StatusBar](this:0x42ecea00,api:1) [release] fps:4.99, dur:1001.91, max:244.87, min:168.37
07-04 09:19:56.395 I/SurfaceTextureClient(  461): [STC::queueBuffer] (this:0x666c0b08) fps:28.02, dur:1035.00, max:105.11, min:17.16
07-04 09:19:56.395 I/BufferQueue(  129): [Keyguard](this:0x42ebca50,api:1) [queue] fps:28.06, dur:1033.50, max:103.67, min:17.21
07-04 09:19:56.401 I/BufferQueue(  129): [Keyguard](this:0x42ebca50,api:1) [release] fps:28.99, dur:1000.42, max:105.36, min:18.60
07-04 09:19:56.446 D/PowerManagerDisplayController(  461): updateAmbientLux: Initializing: , mRecentShortTermAverageLux=40.0, mRecentLongTermAverageLux=40.0, mAmbientLux=40.0
07-04 09:19:56.446 D/PowerManagerDisplayController(  461): updateAutoBrightness: adjGamma=1.9881748
07-04 09:19:56.446 D/PowerManagerDisplayController(  461): updateAutoBrightness: gamma=1.9881748, in=0.21522096, out=0.047169134
07-04 09:19:56.502 D/InputReader(  461): AP_PROF:AppLaunch_dispatchPtr:Down:974048
07-04 09:19:56.502 I/AP_PROF (  461): unable to open /proc/mtprof/status entry
07-04 09:19:56.502 D/PowerManagerNotifier(  461): onUserActivity: event=2, uid=1000
07-04 09:19:56.503 D/PowerManagerDisplayController(  461): requestPowerState: screenState=2, useProximitySensor=false, forceProximitySensorEnable=false, forceWakeUpEnable=false, screenBrightness=60, screenAutoBrightnessAdjustment=-0.6255319, useAutoBrightness=true, useEcoBrightness=false, blockScreenOn=false, waitForNegativeProximity=false
07-04 09:19:56.503 I/PowerManagerService(  461): setBrightness mButtonLight, screenBrightness=60
07-04 09:19:56.508 D/PowerManagerDisplayController(  461): requestPowerState: screenState=2, useProximitySensor=false, forceProximitySensorEnable=false, forceWakeUpEnable=false, screenBrightness=60, screenAutoBrightnessAdjustment=-0.6255319, useAutoBrightness=true, useEcoBrightness=false, blockScreenOn=false, waitForNegativeProximity=false
07-04 09:19:56.508 I/PowerManagerService(  461): setBrightness mButtonLight, screenBrightness=60
07-04 09:19:56.511 D/PhoneInterfaceManager(  713): state = IDLE
07-04 09:19:56.512 V/Provider/Settings(  461):  from settings cache , name = haptic_feedback_enabled , value = 0
07-04 09:19:56.512 D/PowerManagerDisplayController(  461): requestPowerState: screenState=2, useProximitySensor=false, forceProximitySensorEnable=false, forceWakeUpEnable=false, screenBrightness=60, screenAutoBrightnessAdjustment=-0.6255319, useAutoBrightness=true, useEcoBrightness=false, blockScreenOn=false, waitForNegativeProximity=false
07-04 09:19:56.512 I/PowerManagerService(  461): setBrightness mButtonLight, screenBrightness=60
07-04 09:19:56.516 D/FramerateTokenList(  461): createToken: miui.maml.elements.FramerateController@42b27728
07-04 09:19:56.521 W/ADB_SERVICES( 3229): create_local_service_socket() name=tcp:10201
07-04 09:19:56.523 I/System.out( 3627): close [socket][/0.0.0.0:-1]
07-04 09:19:56.523 I/System.out( 3627): [CDS]EAGAIN or EWOULDBLOCK in Recvfrom
07-04 09:19:56.533 I/System.out( 3627): [CDS]close[10201]
07-04 09:19:56.534 I/System.out( 3627): close [socket][/0.0.0.0:10201]
07-04 09:19:56.537 D/PowerManagerDisplayController(  461): requestPowerState: screenState=2, useProximitySensor=false, forceProximitySensorEnable=false, forceWakeUpEnable=false, screenBrightness=60, screenAutoBrightnessAdjustment=-0.6255319, useAutoBrightness=true, useEcoBrightness=false, blockScreenOn=false, waitForNegativeProximity=false
07-04 09:19:56.537 I/PowerManagerService(  461): setBrightness mButtonLight, screenBrightness=60
07-04 09:19:56.572 D/PowerManagerDisplayController(  461): requestPowerState: screenState=2, useProximitySensor=false, forceProximitySensorEnable=false, forceWakeUpEnable=false, screenBrightness=60, screenAutoBrightnessAdjustment=-0.6255319, useAutoBrightness=true, useEcoBrightness=false, blockScreenOn=false, waitForNegativeProximity=false
07-04 09:19:56.572 I/PowerManagerService(  461): setBrightness mButtonLight, screenBrightness=60
07-04 09:19:56.590 D/PowerManagerDisplayController(  461): requestPowerState: screenState=2, useProximitySensor=false, forceProximitySensorEnable=false, forceWakeUpEnable=false, screenBrightness=60, screenAutoBrightnessAdjustment=-0.6255319, useAutoBrightness=true, useEcoBrightness=false, blockScreenOn=false, waitForNegativeProximity=false
07-04 09:19:56.590 I/PowerManagerService(  461): setBrightness mButtonLight, screenBrightness=60
07-04 09:19:56.610 D/PowerManagerDisplayController(  461): requestPowerState: screenState=2, useProximitySensor=false, forceProximitySensorEnable=false, forceWakeUpEnable=false, screenBrightness=60, screenAutoBrightnessAdjustment=-0.6255319, useAutoBrightness=true, useEcoBrightness=false, blockScreenOn=false, waitForNegativeProximity=false
07-04 09:19:56.610 I/PowerManagerService(  461): setBrightness mButtonLight, screenBrightness=60
07-04 09:19:56.629 D/PowerManagerDisplayController(  461): requestPowerState: screenState=2, useProximitySensor=false, forceProximitySensorEnable=false, forceWakeUpEnable=false, screenBrightness=60, screenAutoBrightnessAdjustment=-0.6255319, useAutoBrightness=true, useEcoBrightness=false, blockScreenOn=false, waitForNegativeProximity=false
07-04 09:19:56.629 I/PowerManagerService(  461): setBrightness mButtonLight, screenBrightness=60
07-04 09:19:56.648 D/PhoneInterfaceManager(  713): state = IDLE
07-04 09:19:56.649 V/Provider/Settings(  461):  from settings cache , name = haptic_feedback_enabled , value = 0
07-04 09:19:56.649 D/PowerManagerDisplayController(  461): requestPowerState: screenState=2, useProximitySensor=false, forceProximitySensorEnable=false, forceWakeUpEnable=false, screenBrightness=60, screenAutoBrightnessAdjustment=-0.6255319, useAutoBrightness=true, useEcoBrightness=false, blockScreenOn=false, waitForNegativeProximity=false
07-04 09:19:56.649 I/PowerManagerService(  461): setBrightness mButtonLight, screenBrightness=60
07-04 09:19:56.651 D/FramerateTokenList(  461): createToken: miui.maml.elements.FramerateController@42cd03b8
07-04 09:19:56.666 D/PowerManagerDisplayController(  461): requestPowerState: screenState=2, useProximitySensor=false, forceProximitySensorEnable=false, forceWakeUpEnable=false, screenBrightness=60, screenAutoBrightnessAdjustment=-0.6255319, useAutoBrightness=true, useEcoBrightness=false, blockScreenOn=false, waitForNegativeProximity=false
07-04 09:19:56.666 I/PowerManagerService(  461): setBrightness mButtonLight, screenBrightness=60
07-04 09:19:56.671 D/StatusBar.NetworkControllerGemini(  616): isSimInserted(0), SimInserted=true
07-04 09:19:56.671 D/StatusBar.NetworkControllerGemini(  616): isSimInserted(1), SimInserted=false
07-04 09:19:56.673 D/TelephonyManagerEx(  616): isNetworkRoaming
07-04 09:19:56.674 D/TelephonyManagerEx(  616): isNetworkRoaming
07-04 09:19:56.675 D/TelephonyManagerEx(  616): isNetworkRoaming
07-04 09:19:56.676 D/TelephonyManagerEx(  616): isNetworkRoaming
07-04 09:19:56.677 D/StatusBar.NetworkControllerGemini(  616): isSimInserted(0), SimInserted=true
07-04 09:19:56.677 D/StatusBar.NetworkControllerGemini(  616): isSimInserted(1), SimInserted=false
07-04 09:19:56.678 D/TelephonyManagerEx(  616): isNetworkRoaming
07-04 09:19:56.679 D/TelephonyManagerEx(  616): isNetworkRoaming
07-04 09:19:56.680 D/TelephonyManagerEx(  616): isNetworkRoaming
07-04 09:19:56.682 D/TelephonyManagerEx(  616): isNetworkRoaming
07-04 09:19:56.684 D/PowerManagerDisplayController(  461): requestPowerState: screenState=2, useProximitySensor=false, forceProximitySensorEnable=false, forceWakeUpEnable=false, screenBrightness=60, screenAutoBrightnessAdjustment=-0.6255319, useAutoBrightness=true, useEcoBrightness=false, blockScreenOn=false, waitForNegativeProximity=false
07-04 09:19:56.685 I/PowerManagerService(  461): setBrightness mButtonLight, screenBrightness=60
07-04 09:19:56.703 D/PowerManagerDisplayController(  461): requestPowerState: screenState=2, useProximitySensor=false, forceProximitySensorEnable=false, forceWakeUpEnable=false, screenBrightness=60, screenAutoBrightnessAdjustment=-0.6255319, useAutoBrightness=true, useEcoBrightness=false, blockScreenOn=false, waitForNegativeProximity=false
07-04 09:19:56.703 I/PowerManagerService(  461): setBrightness mButtonLight, screenBrightness=60
07-04 09:19:56.704 D/StateMachine(  461): handleMessage: E msg.what=151572
07-04 09:19:56.704 D/StateMachine(  461): processMsg: ConnectedState
07-04 09:19:56.704 D/WifiStateMachine(  461): ConnectedState{ what=151572 when=0 target=Handler (com.android.internal.util.StateMachine$SmHandler) {428f74f8} }
07-04 09:19:56.705 D/StateMachine(  461): processMsg: L2ConnectedState
07-04 09:19:56.705 D/WifiStateMachine(  461): L2ConnectedState{ what=151572 when=0 target=Handler (com.android.internal.util.StateMachine$SmHandler) {428f74f8} }
07-04 09:19:56.705 D/WifiNative-wlan0(  461): doString: SIGNAL_POLL
07-04 09:19:56.705 D/WifiCommon(  461): [wlan0] SET "SIGNAL_POLL"
07-04 09:19:56.705 D/wpa_supplicant(  673): RX ctrl_iface - hexdump(len=11): 53 49 47 4e 41 4c 5f 50 4f 4c 4c
07-04 09:19:56.705 D/wpa_supplicant(  673): wlan0: Control interface command 'SIGNAL_POLL'
07-04 09:19:56.721 D/PowerManagerDisplayController(  461): requestPowerState: screenState=2, useProximitySensor=false, forceProximitySensorEnable=false, forceWakeUpEnable=false, screenBrightness=60, screenAutoBrightnessAdjustment=-0.6255319, useAutoBrightness=true, useEcoBrightness=false, blockScreenOn=false, waitForNegativeProximity=false
07-04 09:19:56.721 I/PowerManagerService(  461): setBrightness mButtonLight, screenBrightness=60
07-04 09:19:56.725 D/wpa_supplicant(  673): nl80211: survey data missing!
07-04 09:19:56.725 I/WifiStateMachine(  461): fetchRssiAndLinkSpeedNative, newRssi:-43, newLinkSpeed:65, SSID:"OPPO-SZ"
07-04 09:19:56.725 D/WifiNative-wlan0(  461): doString: PKTCNT_POLL
07-04 09:19:56.725 D/WifiCommon(  461): [wlan0] SET "PKTCNT_POLL"
07-04 09:19:56.725 D/wpa_supplicant(  673): RX ctrl_iface - hexdump(len=11): 50 4b 54 43 4e 54 5f 50 4f 4c 4c
07-04 09:19:56.725 D/wpa_supplicant(  673): wlan0: Control interface command 'PKTCNT_POLL'
07-04 09:19:56.726 D/WifiStateMachine(  461): pktcntPoll:TXGOOD=406
07-04 09:19:56.726 D/WifiStateMachine(  461): TXBAD=9
07-04 09:19:56.726 D/WifiStateMachine(  461): RXGOOD=0
07-04 09:19:56.727 D/StateMachine(  461): handleMessage: X
07-04 09:19:56.727 D/WifiWatchdogStateMachine(  461): Fetch RSSI succeed, rssi=-43 mrssi=-43 txbad=9 txgood=406
07-04 09:19:56.740 D/PowerManagerDisplayController(  461): requestPowerState: screenState=2, useProximitySensor=false, forceProximitySensorEnable=false, forceWakeUpEnable=false, screenBrightness=60, screenAutoBrightnessAdjustment=-0.6255319, useAutoBrightness=true, useEcoBrightness=false, blockScreenOn=false, waitForNegativeProximity=false
07-04 09:19:56.741 I/PowerManagerService(  461): setBrightness mButtonLight, screenBrightness=60
07-04 09:19:56.750 D/InputReader(  461): AP_PROF:AppLaunch_dispatchPtr:Up:974295
07-04 09:19:56.758 D/PowerManagerDisplayController(  461): requestPowerState: screenState=2, useProximitySensor=false, forceProximitySensorEnable=false, forceWakeUpEnable=false, screenBrightness=60, screenAutoBrightnessAdjustment=-0.6255319, useAutoBrightness=true, useEcoBrightness=false, blockScreenOn=false, waitForNegativeProximity=false
07-04 09:19:56.758 I/PowerManagerService(  461): setBrightness mButtonLight, screenBrightness=60
07-04 09:19:56.776 I/LockScreen_AdvancedSlider(  461): unlock touch up
07-04 09:19:56.960 I/SurfaceFlinger(  129): [SurfaceFlinger] fps:37.899498,dur:1134.58,max:167.77,min:18.38
07-04 09:19:57.408 W/ApplicationContext(  461): Calling a method in the system process without a qualified user: android.app.ContextImpl.sendBroadcast:1157 android.content.ContextWrapper.sendBroadcast:343 com.android.internal.policy.impl.AwesomeLockScreen.sendLockscreenIntentTypeAnalytics:304 
07-04 09:19:57.664 D/ConnectivityService(  461): getActiveNetworkInfo:NetworkInfo: type: WIFI[], state: CONNECTED/CONNECTED, reason: (unspecified), extra: "OPPO-SZ", roaming: false, failover: false, isAvailable: true, simId: 0/10085
07-04 09:19:57.664 D/ConnectivityService(  461): getActiveNetworkInfo:NetworkInfo: type: WIFI[], state: CONNECTED/CONNECTED, reason: (unspecified), extra: "OPPO-SZ", roaming: false, failover: false, isAvailable: true, simId: 0/10085
07-04 09:19:57.665 V/ActivityManager(  461): Broadcast: Intent { act=miui.intent.action.TRACK_EVENT flg=0x10 (has extras) } ordered=false userid=0
07-04 09:19:57.667 D/TelephonyManager( 3627): getDefaultSim is sim1
07-04 09:19:57.668 D/LockPatternKeyguardView(  461): getUnlockMode sim1=NOT_READY sim2=ABSENT
07-04 09:19:57.669 D/AwesomeLockScreen(  461): lockscreen awake time: [26 sec] in time range: [2828 sec]
07-04 09:19:57.669 I/PackageManager(  461): Installation done for package: com.wandoujia.phoenix2
07-04 09:19:57.670 D/skia    ( 3627): Flag is not 10
07-04 09:19:57.672 D/StatusBar.NetworkControllerGemini(  616): updateNetworkName showSpn=false spn=null showPlmn=true plmn=鏃犳湇鍔?slotId=0
07-04 09:19:57.674 I/System.out( 3627): [CDS]close[10201]
07-04 09:19:57.676 I/System.out( 3627): close [socket][/0.0.0.0:10201]
07-04 09:19:57.676 I/System.out( 3627): [CDS]close[10201]
07-04 09:19:57.677 I/System.out( 3627): close [socket][/0.0.0.0:10201]
07-04 09:19:57.677 D/ExtensionManager(  713): PhoneGlobalsBroadcastReceiverExtension()
07-04 09:19:57.677 D/PhonePluginExtensionContainer(  713): getPhoneGlobalsBroadcastReceiverExtension()
07-04 09:19:57.678 D/PhoneGlobalsBroadcastReceiverExtensionContainer(  713): onReceive(), sub extension list is null, just return
07-04 09:19:57.678 D/PhoneGlobals(  713): PhoneGlobalsBroadcastReceiver -----action=android.provider.Telephony.SPN_STRINGS_UPDATED
07-04 09:19:57.678 D/PhoneGlobals(  713): [SPN_STRINGS_UPDATED_ACTION]index = 0
07-04 09:19:57.678 D/PhoneGlobals(  713): [SPN_STRINGS_UPDATED_ACTION]plmn = 鏃犳湇鍔?
07-04 09:19:57.683 D/PowerManagerNotifier(  461): onUserActivity: event=0, uid=1000
07-04 09:19:57.683 D/PowerManagerDisplayController(  461): requestPowerState: screenState=2, useProximitySensor=false, forceProximitySensorEnable=false, forceWakeUpEnable=false, screenBrightness=60, screenAutoBrightnessAdjustment=-0.6255319, useAutoBrightness=true, useEcoBrightness=false, blockScreenOn=false, waitForNegativeProximity=false
07-04 09:19:57.683 I/PowerManagerService(  461): setBrightness mButtonLight, screenBrightness=60
07-04 09:19:57.684 D/Provider/Settings(  461): put string name = unlock_failed_attempts , value = 0 userHandle = 0
07-04 09:19:57.684 D/SettingsProvider(  461): call request for 0
07-04 09:19:57.684 V/SettingsProvider(  461): call_put(secure:unlock_failed_attempts=0) for 0
07-04 09:19:57.684 V/SettingsProvider(  461): insert(content://settings/secure) for user 0 by 0
07-04 09:19:57.684 D/SettingsProvider(  461): insert(content://settings/secure) for user 0 by 0
07-04 09:19:57.684 D/SettingsProvider(  461): redundant, old Value: 0 new value: 0
07-04 09:19:57.686 W/ApplicationContext(  461): Calling a method in the system process without a qualified user: android.app.ContextImpl.sendBroadcast:1157 android.content.ContextWrapper.sendBroadcast:343 com.android.internal.policy.impl.MiuiLockPatternKeyguardView.sendKeyguardDurationAnalytics:824 
07-04 09:19:57.687 V/ActivityManager(  461): Broadcast: Intent { act=miui.intent.action.TRACK_EVENT flg=0x10 (has extras) } ordered=false userid=0
07-04 09:19:57.692 I/SurfaceTextureClient(  616): [STC::queueBuffer] (this:0x60364460) fps:4.40, dur:1364.87, max:544.56, min:48.58
07-04 09:19:57.693 I/BufferQueue(  129): [StatusBar](this:0x42ecea00,api:1) [queue] fps:4.40, dur:1364.91, max:544.76, min:48.57
07-04 09:19:57.697 D/StatusBar.NetworkControllerGemini(  616): isSimInserted(0), SimInserted=true
07-04 09:19:57.697 D/StatusBar.NetworkControllerGemini(  616): isSimInserted(1), SimInserted=false
07-04 09:19:57.699 D/TelephonyManagerEx(  616): isNetworkRoaming
07-04 09:19:57.701 D/TelephonyManagerEx(  616): isNetworkRoaming
07-04 09:19:57.702 D/TelephonyManagerEx(  616): isNetworkRoaming
07-04 09:19:57.706 I/BufferQueue(  129): [StatusBar](this:0x42ecea00,api:1) [release] fps:4.41, dur:1361.03, max:540.82, min:55.93
07-04 09:19:57.706 D/StateMachine(  461): handleMessage: E msg.what=151572
07-04 09:19:57.706 D/StateMachine(  461): processMsg: ConnectedState
07-04 09:19:57.706 D/WifiStateMachine(  461): ConnectedState{ what=151572 when=0 target=Handler (com.android.internal.util.StateMachine$SmHandler) {428f74f8} }
07-04 09:19:57.707 D/StateMachine(  461): processMsg: L2ConnectedState
07-04 09:19:57.707 D/WifiStateMachine(  461): L2ConnectedState{ what=151572 when=0 target=Handler (com.android.internal.util.StateMachine$SmHandler) {428f74f8} }
07-04 09:19:57.707 D/WifiNative-wlan0(  461): doString: SIGNAL_POLL
07-04 09:19:57.707 D/WifiCommon(  461): [wlan0] SET "SIGNAL_POLL"
07-04 09:19:57.707 D/wpa_supplicant(  673): RX ctrl_iface - hexdump(len=11): 53 49 47 4e 41 4c 5f 50 4f 4c 4c
07-04 09:19:57.707 D/wpa_supplicant(  673): wlan0: Control interface command 'SIGNAL_POLL'
07-04 09:19:57.707 D/TelephonyManagerEx(  616): isNetworkRoaming
07-04 09:19:57.709 D/StatusBar.NetworkControllerGemini(  616): isSimInserted(0), SimInserted=true
07-04 09:19:57.709 D/StatusBar.NetworkControllerGemini(  616): isSimInserted(1), SimInserted=false
07-04 09:19:57.712 D/TelephonyManagerEx(  616): isNetworkRoaming
07-04 09:19:57.713 W/ADB_SERVICES( 3229): create_local_service_socket() name=tcp:10201
07-04 09:19:57.714 I/System.out( 3627): [CDS]close[10201]
07-04 09:19:57.714 I/System.out( 3627): close [socket][/0.0.0.0:10201]
07-04 09:19:57.714 D/TelephonyManagerEx(  616): isNetworkRoaming
07-04 09:19:57.715 I/System.out( 3627): close [socket][/0.0.0.0:-1]
07-04 09:19:57.718 D/TelephonyManagerEx(  616): isNetworkRoaming
07-04 09:19:57.718 I/System.out( 3627): [CDS]EAGAIN or EWOULDBLOCK in Recvfrom
07-04 09:19:57.725 D/wpa_supplicant(  673): nl80211: survey data missing!
07-04 09:19:57.725 I/WifiStateMachine(  461): fetchRssiAndLinkSpeedNative, newRssi:-43, newLinkSpeed:65, SSID:"OPPO-SZ"
07-04 09:19:57.726 D/WifiNative-wlan0(  461): doString: PKTCNT_POLL
07-04 09:19:57.726 D/WifiCommon(  461): [wlan0] SET "PKTCNT_POLL"
07-04 09:19:57.726 D/wpa_supplicant(  673): RX ctrl_iface - hexdump(len=11): 50 4b 54 43 4e 54 5f 50 4f 4c 4c
07-04 09:19:57.726 D/wpa_supplicant(  673): wlan0: Control interface command 'PKTCNT_POLL'
07-04 09:19:57.727 D/TelephonyManagerEx(  616): isNetworkRoaming
07-04 09:19:57.727 D/WifiStateMachine(  461): pktcntPoll:TXGOOD=407
07-04 09:19:57.727 D/WifiStateMachine(  461): TXBAD=9
07-04 09:19:57.727 D/WifiStateMachine(  461): RXGOOD=0
07-04 09:19:57.727 D/StateMachine(  461): handleMessage: X
07-04 09:19:57.728 D/WifiWatchdogStateMachine(  461): Fetch RSSI succeed, rssi=-43 mrssi=-43 txbad=9 txgood=407
07-04 09:19:57.728 D/WifiWatchdogStateMachine(  461): Incremental loss=0/1 Current loss=0% volume=0.5
07-04 09:19:57.753 D/dalvikvm( 3627): GC_CONCURRENT freed 902K, 21% free 10525K/13284K, paused 2ms+3ms, total 38ms
07-04 09:19:57.776 D/dalvikvm(  616): GC_CONCURRENT freed 1862K, 11% free 19867K/22240K, paused 5ms+5ms, total 45ms
07-04 09:19:57.777 I/System.out(  616): [CDS]close[58375]
07-04 09:19:57.778 I/System.out(  616): close [socket][/0.0.0.0:58375]
07-04 09:19:57.778 I/System.out(  616): close [socket][/0.0.0.0:58375]
07-04 09:19:57.816 D/dalvikvm(  461): GC_CONCURRENT freed 6279K, 37% free 20357K/32288K, paused 5ms+8ms, total 139ms
07-04 09:19:58.078 I/SurfaceFlinger(  129): [SurfaceFlinger] fps:4.470118,dur:1118.54,max:540.92,min:55.75
07-04 09:19:58.091 W/ApplicationContext(  918): Calling a method in the system process without a qualified user: android.app.ContextImpl.startService:1465 android.content.ContextWrapper.startService:450 android.content.ContextWrapper.startService:450 
07-04 09:19:58.108 D/dalvikvm(  713): GC_CONCURRENT freed 412K, 5% free 9225K/9672K, paused 6ms+1ms, total 420ms
07-04 09:19:58.447 D/PowerManagerDisplayController(  461): requestPowerState: screenState=2, useProximitySensor=false, forceProximitySensorEnable=false, forceWakeUpEnable=false, screenBrightness=60, screenAutoBrightnessAdjustment=-0.6255319, useAutoBrightness=true, useEcoBrightness=false, blockScreenOn=false, waitForNegativeProximity=false
07-04 09:19:58.447 I/PowerManagerService(  461): setBrightness mButtonLight, screenBrightness=60
07-04 09:19:58.449 V/Provider/Settings(  461):  from settings cache , name = lockscreen_sounds_enabled , value = 0
07-04 09:19:58.450 V/InputMethodManager(  461): focusOut: com.android.internal.policy.impl.AwesomeLockScreen{43967028 VFE..... ........ 0,0-720,1280} mServedView=null winFocus=true
07-04 09:19:58.450 V/InputMethodManager(  461): Not IME target window, ignoring
07-04 09:19:58.450 D/PowerManagerDisplayController(  461): requestPowerState: screenState=2, useProximitySensor=false, forceProximitySensorEnable=false, forceWakeUpEnable=false, screenBrightness=60, screenAutoBrightnessAdjustment=-0.6255319, useAutoBrightness=true, useEcoBrightness=false, blockScreenOn=false, waitForNegativeProximity=false
07-04 09:19:58.450 I/PowerManagerService(  461): setBrightness mButtonLight, screenBrightness=60
07-04 09:19:58.450 D/IPCThreadState(  461): [DN #5] BR_CLEAR_DEATH_NOTIFICATION_DONE cookie 0x5bfebcd0
07-04 09:19:58.452 D/skia    ( 3627): Flag is not 10
07-04 09:19:58.457 I/libPerfService(  461): 1: set: 2
07-04 09:19:58.459 D/InputReader(  461): InputReader:: getSwitchState lock 
07-04 09:19:58.459 D/InputReader(  461): InputReader::getStateLocked:: return 
07-04 09:19:58.459 V/Provider/Settings(  461):  from settings cache , name = status_bar_expandable_under_fullscreen , value = null
07-04 09:19:58.461 V/Provider/Settings(  461):  from settings cache , name = status_bar_expandable_under_fullscreen , value = null
07-04 09:19:58.462 D/dalvikvm(  918): create interp thread : stack size=32KB
07-04 09:19:58.463 D/PowerManagerDisplayController(  461): requestPowerState: screenState=2, useProximitySensor=false, forceProximitySensorEnable=false, forceWakeUpEnable=false, screenBrightness=60, screenAutoBrightnessAdjustment=-0.6255319, useAutoBrightness=true, useEcoBrightness=false, blockScreenOn=false, waitForNegativeProximity=false
07-04 09:19:58.463 D/LightsService(  461): setLight_native: light=2, colorARGB=0x0, flashMode=0, onMS=0, offMS=0, brightnessMode=0
07-04 09:19:58.463 D/lights  (  461): write_int open fd=-1
07-04 09:19:58.463 I/PowerManagerService(  461): setBrightness mButtonLight 0.
07-04 09:19:58.463 V/ActivityManager(  461): Broadcast: Intent { act=android.intent.action.USER_PRESENT flg=0x28000010 } ordered=false userid=0
07-04 09:19:58.464 D/PhoneStatusBar(  616): disable: < expand icons alerts ticker system_info BACK HOME recent* clock >
07-04 09:19:58.464 V/Provider/Settings(  616):  from settings cache , name = not_use_miui_lockscreen , value = null
07-04 09:19:58.466 D/OpenGLRenderer(  461): Flushing caches (mode 0)
07-04 09:19:58.467 D/dalvikvm(  918): create new thread
07-04 09:19:58.467 D/dalvikvm(  918): new thread created
07-04 09:19:58.467 D/dalvikvm(  918): update thread list
07-04 09:19:58.467 D/dalvikvm(  918): threadid=17: interp stack at 0x5f8f6000
07-04 09:19:58.467 D/dalvikvm(  918): threadid=17: created from interp
07-04 09:19:58.467 D/dalvikvm(  918): start new thread
07-04 09:19:58.467 D/dalvikvm(  918): threadid=17: notify debugger
07-04 09:19:58.467 D/dalvikvm(  918): threadid=17 (IntentService[AnalyticService]): calling run()
07-04 09:19:58.468 V/ActivityManager(  461): Broadcast sticky: Intent { act=android.provider.Telephony.SPN_STRINGS_UPDATED flg=0x10 (has extras) } ordered=false userid=0
07-04 09:19:58.469 D/dalvikvm( 3627): create interp thread : stack size=32KB
07-04 09:19:58.469 D/dalvikvm( 3627): create new thread
07-04 09:19:58.469 D/dalvikvm( 3627): new thread created
07-04 09:19:58.469 D/dalvikvm( 3627): update thread list
07-04 09:19:58.469 D/dalvikvm( 3627): threadid=42: interp stack at 0x60207000
07-04 09:19:58.469 D/dalvikvm( 3627): threadid=42: created from interp
07-04 09:19:58.470 D/dalvikvm( 3627): start new thread
07-04 09:19:58.470 D/dalvikvm( 3627): threadid=42: notify debugger
07-04 09:19:58.470 D/dalvikvm( 3627): threadid=42 (IntentService[sms-service]): calling run()
07-04 09:19:58.472 D/ExtensionManager(  713): PhoneGlobalsBroadcastReceiverExtension()
07-04 09:19:58.473 V/ActivityManager(  461): Broadcast: Intent { act=android.intent.action.APPLICATION_MESSAGE_QUERY flg=0x10 } ordered=false userid=0
07-04 09:19:58.475 D/PhonePluginExtensionContainer(  713): getPhoneGlobalsBroadcastReceiverExtension()
07-04 09:19:58.475 D/PhoneGlobalsBroadcastReceiverExtensionContainer(  713): onReceive(), sub extension list is null, just return
07-04 09:19:58.475 D/PhoneGlobals(  713): PhoneGlobalsBroadcastReceiver -----action=android.provider.Telephony.SPN_STRINGS_UPDATED
07-04 09:19:58.475 D/PhoneGlobals(  713): [SPN_STRINGS_UPDATED_ACTION]index = 1
07-04 09:19:58.475 D/PhoneGlobals(  713): [SPN_STRINGS_UPDATED_ACTION]plmn = 鏃犳湇鍔?
07-04 09:19:58.482 V/ActivityManager(  461): Broadcast: Intent { act=android.intent.action.PACKAGE_ADDED dat=package:com.wandoujia.phoenix2 flg=0x8000010 (has extras) } ordered=false userid=0
07-04 09:19:58.486 D/StatusBar.NetworkControllerGemini(  616): updateNetworkName showSpn=false spn=null showPlmn=true plmn=鏃犳湇鍔?slotId=1
07-04 09:19:58.493 W/ADB_SERVICES( 3229): create_local_service_socket() name=tcp:10201
07-04 09:19:58.493 I/System.out( 3627): [CDS]close[10201]
07-04 09:19:58.493 I/System.out( 3627): close [socket][/0.0.0.0:10201]
07-04 09:19:58.496 D/dalvikvm(  918): create interp thread : stack size=32KB
07-04 09:19:58.496 D/dalvikvm(  918): create new thread
07-04 09:19:58.496 D/dalvikvm(  918): new thread created
07-04 09:19:58.496 D/dalvikvm(  918): update thread list
07-04 09:19:58.497 W/ApplicationContext(  918): Calling a method in the system process without a qualified user: android.app.ContextImpl.startService:1465 android.content.ContextWrapper.startService:450 android.content.ContextWrapper.startService:450 
07-04 09:19:58.498 I/System.out( 3627): close [socket][/0.0.0.0:-1]
07-04 09:19:58.498 I/System.out( 3627): [CDS]EAGAIN or EWOULDBLOCK in Recvfrom
07-04 09:19:58.505 D/dalvikvm(  918): threadid=18: interp stack at 0x5f8fe000
07-04 09:19:58.505 D/dalvikvm(  918): threadid=18: created from interp
07-04 09:19:58.507 D/dalvikvm(  918): start new thread
07-04 09:19:58.508 D/dalvikvm(  918): threadid=18: notify debugger
07-04 09:19:58.508 D/dalvikvm(  918): threadid=18 (Thread-102): calling run()
07-04 09:19:58.512 D/skia    ( 3627): Flag is not 10
07-04 09:19:58.513 V/Provider/Settings(  461):  from settings cache , name = install_non_market_apps , value = 1
07-04 09:19:58.520 V/Provider/Settings(  824):  from settings cache , name = access_control_lock_enabled , value = 0
07-04 09:19:58.520 V/Provider/Settings(  918):  from settings cache , name = upload_log_pref , value = 0
07-04 09:19:58.520 I/XIAOMIANALYTICS(  918): start session(com.android.settings)
07-04 09:19:58.521 I/RenderThread(  824): RenderThread resumed
07-04 09:19:58.527 D/BufferQueue(  129): [Keyguard](this:0x42ebca50,api:1) cancelBuffer: slot=2
07-04 09:19:58.528 D/PackageManager(  461): generateServicesMap() for 0
07-04 09:19:58.530 V/NetworkPolicy(  461): ACTION_PACKAGE_ADDED for uid=10087
07-04 09:19:58.532 I/BufferQueue(  129): [Keyguard](this:0x42ebca50,api:1) disconnect: api=1
07-04 09:19:58.532 I/SurfaceTexture(  129): [Keyguard] [virtual android::status_t android::SurfaceTexture::forceAuxConversionLocked()] mCurrentTexture:1, mCurrentBuf:0x4506b540
07-04 09:19:58.532 I/BufferQueue(  129): [Keyguard](this:0x42ebca50,api:0) getReleasedBuffers: returning mask 0xffffffff
07-04 09:19:58.532 I/SurfaceTexture(  129): [Keyguard](this:0x4506aff0,api:0) destroying EGLImage dpy=0x1 img=0x43e1a520
07-04 09:19:58.532 I/SurfaceTexture(  129): [Keyguard](this:0x4506aff0,api:0) destroying EGLImage dpy=0x1 img=0x4397e968
07-04 09:19:58.532 I/SurfaceTexture(  129): [Keyguard](this:0x4506aff0,api:0) destroying EGLImage dpy=0x1 img=0x42ecf810
07-04 09:19:58.533 D/ConnectivityService(  461): onUidRulesChanged(uid=10087, uidRules=0)
07-04 09:19:58.533 I/SurfaceTexture(  129): [Keyguard](this:0x4506aff0,api:0) destroying EGLImage dpy=0x1 img=0x44cd0ee8
07-04 09:19:58.537 I/NotifierManager(  824): onRegister: miui.maml.NotifierManager$BroadcastNotifier@42e17890
07-04 09:19:58.537 V/Provider/Settings(  824):  from settings cache , name = next_alarm_formatted , value = 
07-04 09:19:58.538 D/dalvikvm( 3627): create interp thread : stack size=32KB
07-04 09:19:58.538 D/dalvikvm( 3627): create new thread
07-04 09:19:58.540 D/dalvikvm( 3627): new thread created
07-04 09:19:58.540 D/dalvikvm( 3627): update thread list
07-04 09:19:58.540 D/dalvikvm( 3627): threadid=48: interp stack at 0x6020f000
07-04 09:19:58.540 D/dalvikvm( 3627): threadid=48: created from interp
07-04 09:19:58.540 D/dalvikvm( 3627): start new thread
07-04 09:19:58.540 D/dalvikvm( 3627): threadid=48: notify debugger
07-04 09:19:58.540 D/dalvikvm( 3627): threadid=48 (Thread-430): calling run()
07-04 09:19:58.544 V/Provider/Settings(  461):  from settings cache , name = status_bar_expandable_under_fullscreen , value = null
07-04 09:19:58.546 D/InputReader(  461): InputReader:: requestRefreshConfiguration lock 
07-04 09:19:58.546 D/AccountTypeManager(  677): Registering external account type=com.tencent.mm.account, packageName=com.tencent.mm
07-04 09:19:58.546 D/InputReader(  461): InputReader:: requestRefreshConfiguration unlock 
07-04 09:19:58.550 I/InputReader(  461): Reconfiguring input devices.  changes=0x00000010
07-04 09:19:58.570 D/TelephonyManager(  918): getDefaultSim is sim1
07-04 09:19:58.570 V/WindowManager(  461): Changing focus from Window{427d5e08 u0 Keyguard EXITING} to null
07-04 09:19:58.571 V/Provider/Settings(  461):  from settings cache , name = status_bar_expandable_under_fullscreen , value = null
07-04 09:19:58.572 D/PhoneStatusBar(  616): disable: < expand icons alerts ticker system_info BACK HOME recent clock >
07-04 09:19:58.573 V/Provider/Settings(  461):  from settings cache , name = read_external_storage_enforced_default , value = null
07-04 09:19:58.574 I/XIAOMIANALYTICS(  918): end session(com.android.settings)
07-04 09:19:58.574 D/dalvikvm(  130): threadid=2: exiting
07-04 09:19:58.574 D/dalvikvm(  130): threadid=2: bye!
07-04 09:19:58.574 D/dalvikvm(  130): threadid=3: exiting
07-04 09:19:58.574 D/dalvikvm(  130): threadid=3: bye!
07-04 09:19:58.574 D/dalvikvm(  130): threadid=4: exiting
07-04 09:19:58.574 D/dalvikvm(  130): threadid=4: bye!
07-04 09:19:58.574 D/dalvikvm(  918): threadid=18: exiting
07-04 09:19:58.575 D/dalvikvm(  130): pre gc
07-04 09:19:58.575 D/dalvikvm(  130): Zygote::ForkAndSpecialize +
07-04 09:19:58.575 D/dalvikvm(  918): threadid=18: bye!
07-04 09:19:58.577 V/Provider/Settings(  461):  from settings cache , name = default_input_method , value = com.baidu.input_mi/.ImeService
07-04 09:19:58.577 V/Provider/Settings(  461):  from settings cache , name = disabled_system_input_methods , value = null
07-04 09:19:58.579 D/dalvikvm(  130): Zygote::ForkAndSpecialize : 3922
07-04 09:19:58.579 D/dalvikvm( 3922): Zygote::ForkAndSpecialize : 0
07-04 09:19:58.579 D/dalvikvm(  130): create interp thread : stack size=32KB
07-04 09:19:58.579 D/dalvikvm(  130): create new thread
07-04 09:19:58.579 D/dalvikvm( 3922): zygote get new systemTid : 3922
07-04 09:19:58.579 D/dalvikvm(  130): new thread created
07-04 09:19:58.579 D/dalvikvm(  130): update thread list
07-04 09:19:58.580 D/MSF.C.LogManager( 3253): [E]onReceive broadcastreceiver.action = android.intent.action.SCREEN_ON
07-04 09:19:58.581 D/dalvikvm(  130): threadid=2: interp stack at 0x5b1db000
07-04 09:19:58.581 D/dalvikvm(  130): threadid=2: created from interp
07-04 09:19:58.581 D/dalvikvm(  130): start new thread
07-04 09:19:58.581 D/dalvikvm(  130): create interp thread : stack size=32KB
07-04 09:19:58.581 D/dalvikvm(  130): threadid=2: notify debugger
07-04 09:19:58.581 D/dalvikvm(  130): threadid=2 (ReferenceQueueDaemon): calling run()
07-04 09:19:58.581 D/dalvikvm(  130): create new thread
07-04 09:19:58.582 D/dalvikvm(  130): new thread created
07-04 09:19:58.582 D/dalvikvm(  130): update thread list
07-04 09:19:58.582 D/AwesomeLockScreen(  461): onPause
07-04 09:19:58.583 D/dalvikvm(  130): threadid=3: interp stack at 0x5b2e3000
07-04 09:19:58.583 D/dalvikvm(  130): threadid=3: created from interp
07-04 09:19:58.583 D/dalvikvm(  130): start new thread
07-04 09:19:58.583 D/dalvikvm(  130): threadid=3: notify debugger
07-04 09:19:58.583 D/dalvikvm(  130): threadid=3 (FinalizerDaemon): calling run()
07-04 09:19:58.583 D/dalvikvm(  130): create interp thread : stack size=32KB
07-04 09:19:58.583 D/dalvikvm(  130): create new thread
07-04 09:19:58.583 D/dalvikvm(  130): new thread created
07-04 09:19:58.583 D/dalvikvm(  130): update thread list
07-04 09:19:58.584 D/dalvikvm(  130): threadid=4: interp stack at 0x5b3eb000
07-04 09:19:58.584 D/dalvikvm(  130): threadid=4: created from interp
07-04 09:19:58.584 D/dalvikvm(  130): start new thread
07-04 09:19:58.584 D/dalvikvm(  130): threadid=4: notify debugger
07-04 09:19:58.584 D/dalvikvm(  130): threadid=4 (FinalizerWatchdogDaemon): calling run()
07-04 09:19:58.585 I/ActivityManager(  461): Start proc com.android.calendar for broadcast com.android.calendar/.birthday.BirthdayReceiver: pid=3922 uid=10007 gids={50007, 3003, 1028}
07-04 09:19:58.590 I/MonitorCenter( 1598): mina mPackageReceiver onReceive
07-04 09:19:58.591 D/dalvikvm( 3922): threadid=2: interp stack at 0x5b2db000
07-04 09:19:58.591 I/SurfaceTextureClient(  824): [STC::queueBuffer] (this:0x61269df0) fps:0.36, dur:2777.14, max:2777.14, min:2777.14
07-04 09:19:58.591 I/BufferQueue(  129): [com.miui.home/com.miui.home.launcher.Launcher](this:0x44ccede0,api:1) [queue] fps:0.36, dur:2776.79, max:2776.79, min:2776.79
07-04 09:19:58.594 W/ADB_SERVICES( 3229): create_local_service_socket() name=tcp:10201
07-04 09:19:58.595 I/System.out( 3627): [CDS]close[10201]
07-04 09:19:58.601 I/SurfaceTexture(  129): [com.miui.home/com.miui.home.launcher.Launcher](this:0x42eb1e28,api:1) [void* android::SurfaceTexture::createImage(EGLDisplay, const android::sp<android::GraphicBuffer>&)]
07-04 09:19:58.602 D/SurfaceTexture(  129):     GraphicBuffer: gb=0x42ebad80 handle=0x42ebae48
07-04 09:19:58.602 D/SurfaceTexture(  129):     EGLImage: dpy=0x1, img=0x43e1a520
07-04 09:19:58.602 I/BufferQueue(  129): [com.miui.home/com.miui.home.launcher.Launcher](this:0x44ccede0,api:1) [release] fps:0.36, dur:2777.12, max:2777.12, min:2777.12
07-04 09:19:58.603 I/System.out( 3627): close [socket][/0.0.0.0:-1]
07-04 09:19:58.603 I/System.out( 3627): [CDS]EAGAIN or EWOULDBLOCK in Recvfrom
07-04 09:19:58.604 I/System.out( 3627): close [socket][/0.0.0.0:10201]
07-04 09:19:58.604 I/FireWallService( 1598): mina mPackageReceiver onReceive
07-04 09:19:58.609 D/dalvikvm( 3922): threadid=3: interp stack at 0x5b3e3000
07-04 09:19:58.609 D/dalvikvm( 3922): Elevating priority from 0 to -8
07-04 09:19:58.609 D/StateMachine(  461): handleMessage: E msg.what=131155
07-04 09:19:58.609 D/StateMachine(  461): processMsg: ConnectedState
07-04 09:19:58.609 D/WifiStateMachine(  461): ConnectedState{ what=131155 when=-3ms arg1=9 target=Handler (com.android.internal.util.StateMachine$SmHandler) {428f74f8} }
07-04 09:19:58.609 D/StateMachine(  461): processMsg: L2ConnectedState
07-04 09:19:58.609 D/dalvikvm( 3922): threadid=4: interp stack at 0x5b4eb000
07-04 09:19:58.609 D/WifiStateMachine(  461): L2ConnectedState{ what=131155 when=-3ms arg1=9 target=Handler (com.android.internal.util.StateMachine$SmHandler) {428f74f8} }
07-04 09:19:58.609 D/WifiNative-wlan0(  461): doString: SIGNAL_POLL
07-04 09:19:58.609 D/WifiCommon(  461): [wlan0] SET "SIGNAL_POLL"
07-04 09:19:58.610 D/wpa_supplicant(  673): RX ctrl_iface - hexdump(len=11): 53 49 47 4e 41 4c 5f 50 4f 4c 4c
07-04 09:19:58.610 D/wpa_supplicant(  673): wlan0: Control interface command 'SIGNAL_POLL'
07-04 09:19:58.610 D/dalvikvm( 3922): zygote get thread init done
07-04 09:19:58.610 D/wpa_supplicant(  673): nl80211: survey data missing!
07-04 09:19:58.610 D/dalvikvm( 3922): create interp thread : stack size=32KB
07-04 09:19:58.610 D/dalvikvm( 3922): create new thread
07-04 09:19:58.611 D/dalvikvm( 3922): new thread created
07-04 09:19:58.611 D/dalvikvm( 3922): update thread list
07-04 09:19:58.611 D/dalvikvm( 3922): threadid=5: interp stack at 0x5d72d000
07-04 09:19:58.611 D/dalvikvm( 3922): threadid=5: created from interp
07-04 09:19:58.611 D/dalvikvm( 3922): start new thread
07-04 09:19:58.611 D/dalvikvm( 3922): create interp thread : stack size=32KB
07-04 09:19:58.611 D/dalvikvm( 3922): create new thread
07-04 09:19:58.611 D/dalvikvm( 3922): new thread created
07-04 09:19:58.611 D/dalvikvm( 3922): update thread list
07-04 09:19:58.611 D/dalvikvm( 3922): threadid=5: notify debugger
07-04 09:19:58.611 D/dalvikvm( 3922): threadid=5 (ReferenceQueueDaemon): calling run()
07-04 09:19:58.611 D/dalvikvm( 3922): threadid=6: interp stack at 0x5d835000
07-04 09:19:58.611 D/dalvikvm( 3922): threadid=6: created from interp
07-04 09:19:58.611 D/dalvikvm( 3922): start new thread
07-04 09:19:58.611 D/dalvikvm( 3922): create interp thread : stack size=32KB
07-04 09:19:58.611 D/dalvikvm( 3922): create new thread
07-04 09:19:58.611 D/dalvikvm( 3922): new thread created
07-04 09:19:58.611 D/dalvikvm( 3922): update thread list
07-04 09:19:58.611 D/dalvikvm( 3922): threadid=6: notify debugger
07-04 09:19:58.611 D/dalvikvm( 3922): threadid=6 (FinalizerDaemon): calling run()
07-04 09:19:58.611 D/dalvikvm( 3922): threadid=7: interp stack at 0x5d93d000
07-04 09:19:58.612 D/dalvikvm( 3922): threadid=7: created from interp
07-04 09:19:58.612 D/dalvikvm( 3922): start new thread
07-04 09:19:58.616 D/dalvikvm( 3922): open_cached_dex_file : /data/data/com.lbe.security.miui/app_hips/client.jar /data/dalvik-cache/data@data@com.lbe.security.miui@app_hips@client.jar@classes.dex
07-04 09:19:58.616 D/dalvikvm( 3922): threadid=7: notify debugger
07-04 09:19:58.616 D/dalvikvm( 3922): threadid=7 (FinalizerWatchdogDaemon): calling run()
07-04 09:19:58.618 I/WindowManager(  461): Losing focus: Window{427d5e08 u0 Keyguard EXITING}
07-04 09:19:58.618 I/WifiStateMachine(  461): fetchRssiAndLinkSpeedNative, newRssi:-43, newLinkSpeed:65, SSID:"OPPO-SZ"
07-04 09:19:58.618 D/StateMachine(  461): handleMessage: X
07-04 09:19:58.619 V/WindowManager(  461): Changing focus from null to Window{4280f7a8 u0 com.miui.home/com.miui.home.launcher.Launcher}
07-04 09:19:58.620 V/WallpaperService(  616): Visibility change in com.android.systemui.t@42635d70: 1
07-04 09:19:58.620 V/WallpaperService(  616): onVisibilityChanged(true): com.android.systemui.t@42635d70
07-04 09:19:58.620 V/Provider/Settings(  461):  from settings cache , name = status_bar_expandable_under_fullscreen , value = null
07-04 09:19:58.620 V/WallpaperService(  616): Offsets change in com.android.systemui.t@42635d70: 0.0,0.0
07-04 09:19:58.622 D/dalvikvm( 3922): Trying to load lib /data/data/com.lbe.security.miui/app_hips/liblbeclient.so 0x422472b0
07-04 09:19:58.622 D/dalvikvm( 3922): Added shared lib /data/data/com.lbe.security.miui/app_hips/liblbeclient.so 0x422472b0
07-04 09:19:58.625 V/Provider/Settings(  461):  from settings cache , name = status_bar_expandable_under_fullscreen , value = null
07-04 09:19:58.627 I/WindowManager(  461): Gaining focus: Window{4280f7a8 u0 com.miui.home/com.miui.home.launcher.Launcher}
07-04 09:19:58.628 D/dalvikvm(  918): create interp thread : stack size=32KB
07-04 09:19:58.630 V/Provider/Settings(  461):  from settings cache , name = status_bar_expandable_under_fullscreen , value = null
07-04 09:19:58.636 I/AccountTypeManager(  677): Loaded meta-data for 7 account types, 1 accounts in 97ms(wall) 11ms(cpu)
07-04 09:19:58.637 D/Launcher.Model(  824): Got boardcast:Intent { act=android.intent.action.PACKAGE_ADDED dat=package:com.wandoujia.phoenix2 flg=0x8000010 (has extras) }
07-04 09:19:58.639 I/SurfaceTextureClient(  129): [STC::queueBuffer] (this:0x42b67a78) fps:0.36, dur:2813.14, max:2813.14, min:2813.14
07-04 09:19:58.639 I/BufferQueue(  129): [FramebufferSurface](this:0x42b6a008,api:1) [release] fps:0.36, dur:2813.16, max:2813.16, min:2813.16
07-04 09:19:58.639 I/BufferQueue(  129): [FramebufferSurface](this:0x42b6a008,api:1) [queue] fps:0.36, dur:2813.15, max:2813.15, min:2813.15
07-04 09:19:58.642 I/NotifierManager(  461): releaseNotifier:android.intent.action.TIME_SET  miui.maml.elements.TimepanelScreenElement@42890460
07-04 09:19:58.642 I/NotifierManager(  461): releaseNotifier:android.intent.action.TIME_TICK  miui.maml.elements.TimepanelScreenElement@42890460
07-04 09:19:58.642 I/NotifierManager(  461): onUnregister: miui.maml.NotifierManager$BroadcastNotifier@435a4308
07-04 09:19:58.642 V/Provider/Settings(  461):  from settings cache , name = status_bar_expandable_under_fullscreen , value = null
07-04 09:19:58.643 V/InputMethodManager(  824): onWindowFocus: android.widget.FrameLayout{42824c78 VFE..... .F...... 0,50-1,1280 #7f08009b app:id/default_position} softInputMode=290 first=false flags=#9900100
07-04 09:19:58.643 D/IPCThreadState(  677): [DN #5] BR_CLEAR_DEATH_NOTIFICATION_DONE cookie 0x5e111f68
07-04 09:19:58.646 D/IPCThreadState(  461): [DN #5] BR_CLEAR_DEATH_NOTIFICATION_DONE cookie 0x66c243c8
07-04 09:19:58.647 D/IPCThreadState(  713): [DN #5] BR_CLEAR_DEATH_NOTIFICATION_DONE cookie 0x5d70ff38
07-04 09:19:58.647 D/IPCThreadState(  461): [DN #5] BR_CLEAR_DEATH_NOTIFICATION_DONE cookie 0x676cc648
07-04 09:19:58.648 D/IPCThreadState(  677): [DN #5] BR_CLEAR_DEATH_NOTIFICATION_DONE cookie 0x5fe46d90
07-04 09:19:58.649 D/IPCThreadState(  461): [DN #5] BR_CLEAR_DEATH_NOTIFICATION_DONE cookie 0x66d47540
07-04 09:19:58.650 D/IPCThreadState(  677): [DN #5] BR_CLEAR_DEATH_NOTIFICATION_DONE cookie 0x5f8429b8
07-04 09:19:58.651 D/IPCThreadState(  461): [DN #5] BR_CLEAR_DEATH_NOTIFICATION_DONE cookie 0x66d475c0
07-04 09:19:58.664 D/dalvikvm( 3627): threadid=48: exiting
07-04 09:19:58.664 D/IPCThreadState(  677): [DN #5] BR_CLEAR_DEATH_NOTIFICATION_DONE cookie 0x5eb462d8
07-04 09:19:58.665 D/IPCThreadState(  461): [DN #5] BR_CLEAR_DEATH_NOTIFICATION_DONE cookie 0x66c24208
07-04 09:19:58.668 D/dalvikvm( 3627): threadid=48: bye!
07-04 09:19:58.669 D/dalvikvm( 3627): GC_CONCURRENT freed 704K, 21% free 10525K/13284K, paused 15ms+29ms, total 102ms
07-04 09:19:58.678 D/dalvikvm( 3922): threadid=8: interp stack at 0x5dd8e000
07-04 09:19:58.681 D/dalvikvm( 3922): threadid=9: interp stack at 0x5de96000
07-04 09:19:58.711 D/StateMachine(  461): handleMessage: E msg.what=151572
07-04 09:19:58.711 D/StateMachine(  461): processMsg: ConnectedState
07-04 09:19:58.711 D/WifiStateMachine(  461): ConnectedState{ what=151572 when=0 target=Handler (com.android.internal.util.StateMachine$SmHandler) {428f74f8} }
07-04 09:19:58.711 D/StateMachine(  461): processMsg: L2ConnectedState
07-04 09:19:58.711 D/WifiStateMachine(  461): L2ConnectedState{ what=151572 when=-1ms target=Handler (com.android.internal.util.StateMachine$SmHandler) {428f74f8} }
07-04 09:19:58.711 D/WifiNative-wlan0(  461): doString: SIGNAL_POLL
07-04 09:19:58.711 D/WifiCommon(  461): [wlan0] SET "SIGNAL_POLL"
07-04 09:19:58.711 D/wpa_supplicant(  673): RX ctrl_iface - hexdump(len=11): 53 49 47 4e 41 4c 5f 50 4f 4c 4c
07-04 09:19:58.710 D/dalvikvm(  918): create new thread
07-04 09:19:58.711 D/wpa_supplicant(  673): wlan0: Control interface command 'SIGNAL_POLL'
07-04 09:19:58.711 D/dalvikvm(  918): new thread created
07-04 09:19:58.711 D/dalvikvm(  918): update thread list
07-04 09:19:58.712 D/wpa_supplicant(  673): nl80211: survey data missing!
07-04 09:19:58.713 I/WifiStateMachine(  461): fetchRssiAndLinkSpeedNative, newRssi:-43, newLinkSpeed:65, SSID:"OPPO-SZ"
07-04 09:19:58.713 D/WifiNative-wlan0(  461): doString: PKTCNT_POLL
07-04 09:19:58.713 D/WifiCommon(  461): [wlan0] SET "PKTCNT_POLL"
07-04 09:19:58.713 D/wpa_supplicant(  673): RX ctrl_iface - hexdump(len=11): 50 4b 54 43 4e 54 5f 50 4f 4c 4c
07-04 09:19:58.713 D/wpa_supplicant(  673): wlan0: Control interface command 'PKTCNT_POLL'
