07-04 12:17:45.201 D/dalvikvm( 4362): create new thread
07-04 12:17:45.201 D/dalvikvm( 4362): new thread created
07-04 12:17:45.201 D/dalvikvm( 4362): update thread list
07-04 12:17:45.201 V/ActivityManager(  582): Binding process pid 4377 to record ProcessRecord{42b9e9a0 4377:com.miui.transfer:remote/u0a10051}
07-04 12:17:45.202 V/ActivityManager(  582): New death recipient com.android.server.am.ActivityManagerService$AppDeathRecipient@422d9bb8 for thread android.os.BinderProxy@42777c78
07-04 12:17:45.202 V/ActivityManager(  582): New app record ProcessRecord{42b9e9a0 4377:com.miui.transfer:remote/u0a10051} thread=android.os.BinderProxy@42777c78 pid=4377
07-04 12:17:45.203 V/WallpaperService( 2346): Delivering touch event: MotionEvent { action=ACTION_MOVE, id[0]=0, x[0]=275.61722, y[0]=82.9352, toolType[0]=TOOL_TYPE_FINGER, buttonState=0, metaState=0, flags=0x1, edgeFlags=0x0, pointerCount=1, historySize=0, eventTime=304375, downTime=302931, deviceId=3, source=0x1002 }
07-04 12:17:45.203 D/dalvikvm( 4362): threadid=15: exiting
07-04 12:17:45.203 D/dalvikvm( 4362): threadid=15: bye!
07-04 12:17:45.205 D/dalvikvm( 4362): threadid=14: interp stack at 0x5e5ce000
07-04 12:17:45.205 D/dalvikvm( 4362): threadid=14: created from interp
07-04 12:17:45.205 D/dalvikvm( 4362): start new thread
07-04 12:17:45.205 D/dalvikvm( 4362): threadid=14: notify debugger
07-04 12:17:45.205 D/dalvikvm( 4362): threadid=14 (SharedPreferencesImpl-load): calling run()
07-04 12:17:45.206 D/dalvikvm( 4362): threadid=14: exiting
07-04 12:17:45.206 D/dalvikvm( 4362): threadid=14: bye!
07-04 12:17:45.208 D/dalvikvm( 4362): create interp thread : stack size=32KB
07-04 12:17:45.208 D/dalvikvm( 4362): create new thread
07-04 12:17:45.208 D/dalvikvm( 4362): new thread created
07-04 12:17:45.208 D/dalvikvm( 4362): update thread list
07-04 12:17:45.208 D/dalvikvm( 4362): threadid=14: interp stack at 0x5e5ce000
07-04 12:17:45.208 D/dalvikvm( 4362): threadid=14: created from interp
07-04 12:17:45.208 D/dalvikvm( 4362): start new thread
07-04 12:17:45.209 D/dalvikvm( 4362): create interp thread : stack size=32KB
07-04 12:17:45.209 D/dalvikvm( 4362): create new thread
07-04 12:17:45.209 D/dalvikvm( 4362): new thread created
07-04 12:17:45.209 D/dalvikvm( 4362): update thread list
07-04 12:17:45.209 D/dalvikvm( 4362): threadid=15: interp stack at 0x5e6d6000
07-04 12:17:45.209 D/dalvikvm( 4362): threadid=15: created from interp
07-04 12:17:45.209 D/dalvikvm( 4362): start new thread
07-04 12:17:45.209 D/dalvikvm( 4362): threadid=14: notify debugger
07-04 12:17:45.209 D/dalvikvm( 4362): threadid=14 (SharedPreferencesImpl-load): calling run()
07-04 12:17:45.209 D/dalvikvm( 4362): threadid=15: notify debugger
07-04 12:17:45.209 D/dalvikvm( 4362): threadid=15 (SharedPreferencesImpl-load): calling run()
07-04 12:17:45.218 V/WallpaperService( 2346): Delivering touch event: MotionEvent { action=ACTION_MOVE, id[0]=0, x[0]=277.61444, y[0]=81.93599, toolType[0]=TOOL_TYPE_FINGER, buttonState=0, metaState=0, flags=0x1, edgeFlags=0x0, pointerCount=1, historySize=0, eventTime=304390, downTime=302931, deviceId=3, source=0x1002 }
07-04 12:17:45.222 V/KssApp  ( 4377): Process: com.miui.transfer:remote started
07-04 12:17:45.225 D/dalvikvm( 4362): GC_FOR_ALLOC freed 104K, 6% free 8864K/9392K, paused 16ms, total 16ms
07-04 12:17:45.225 D/dalvikvm( 4362): threadid=15: exiting
07-04 12:17:45.225 D/dalvikvm( 4362): threadid=15: bye!
07-04 12:17:45.225 D/dalvikvm( 4362): create interp thread : stack size=32KB
07-04 12:17:45.226 D/dalvikvm( 4362): create new thread
07-04 12:17:45.226 D/dalvikvm( 4362): new thread created
07-04 12:17:45.226 D/dalvikvm( 4362): update thread list
07-04 12:17:45.226 D/dalvikvm( 4362): threadid=15: interp stack at 0x5e6d6000
07-04 12:17:45.226 D/dalvikvm( 4362): threadid=15: created from interp
07-04 12:17:45.226 D/dalvikvm( 4362): threadid=14: exiting
07-04 12:17:45.226 D/dalvikvm( 4362): start new thread
07-04 12:17:45.226 D/dalvikvm( 4362): threadid=14: bye!
07-04 12:17:45.226 D/dalvikvm( 4362): threadid=15: notify debugger
07-04 12:17:45.226 D/dalvikvm( 4362): threadid=15 (Service - FileInfo(SyncManager)): calling run()
07-04 12:17:45.229 D/dalvikvm( 4362): create interp thread : stack size=32KB
07-04 12:17:45.229 D/dalvikvm( 4362): create new thread
07-04 12:17:45.229 D/dalvikvm( 4362): new thread created
07-04 12:17:45.229 D/dalvikvm( 4362): update thread list
07-04 12:17:45.229 D/dalvikvm( 4362): threadid=14: interp stack at 0x5e5ce000
07-04 12:17:45.229 D/dalvikvm( 4362): threadid=14: created from interp
07-04 12:17:45.229 D/dalvikvm( 4362): start new thread
07-04 12:17:45.229 D/dalvikvm( 4362): threadid=14: notify debugger
07-04 12:17:45.229 D/dalvikvm( 4362): threadid=14 (Service - FileInfo(DataModifier)): calling run()
07-04 12:17:45.233 V/WallpaperService( 2346): Delivering touch event: MotionEvent { action=ACTION_MOVE, id[0]=0, x[0]=279.61166, y[0]=79.937546, toolType[0]=TOOL_TYPE_FINGER, buttonState=0, metaState=0, flags=0x1, edgeFlags=0x0, pointerCount=1, historySize=0, eventTime=304404, downTime=302931, deviceId=3, source=0x1002 }
07-04 12:17:45.234 D/dalvikvm( 4362): create interp thread : stack size=32KB
07-04 12:17:45.234 D/dalvikvm( 4362): create new thread
07-04 12:17:45.234 D/dalvikvm( 4362): new thread created
07-04 12:17:45.234 D/dalvikvm( 4362): update thread list
07-04 12:17:45.234 D/dalvikvm( 4362): threadid=16: interp stack at 0x5e7de000
07-04 12:17:45.234 D/dalvikvm( 4362): threadid=16: created from interp
07-04 12:17:45.234 D/dalvikvm( 4362): start new thread
07-04 12:17:45.235 D/dalvikvm( 4362): threadid=16: notify debugger
07-04 12:17:45.235 D/dalvikvm( 4362): threadid=16 (KscTransportService): calling run()
07-04 12:17:45.246 V/WallpaperService( 2346): Delivering touch event: MotionEvent { action=ACTION_MOVE, id[0]=0, x[0]=280.61026, y[0]=78.93833, toolType[0]=TOOL_TYPE_FINGER, buttonState=0, metaState=0, flags=0x1, edgeFlags=0x0, pointerCount=1, historySize=0, eventTime=304418, downTime=302931, deviceId=3, source=0x1002 }
07-04 12:17:45.260 V/WallpaperService( 2346): Delivering touch event: MotionEvent { action=ACTION_MOVE, id[0]=0, x[0]=281.6089, y[0]=77.93911, toolType[0]=TOOL_TYPE_FINGER, buttonState=0, metaState=0, flags=0x1, edgeFlags=0x0, pointerCount=1, historySize=0, eventTime=304432, downTime=302931, deviceId=3, source=0x1002 }
07-04 12:17:45.261 D/dalvikvm( 4377): GC_CONCURRENT freed 346K, 5% free 8409K/8784K, paused 2ms+8ms, total 22ms
07-04 12:17:45.265 W/FileUtils( 4362): Unable to create external cache directory
07-04 12:17:45.273 D/TelephonyManager( 4362): getDefaultSim is no sim
07-04 12:17:45.275 D/PowerManagerNotifier(  582): onUserActivity: event=2, uid=1000
07-04 12:17:45.275 D/PowerManagerDisplayController(  582): requestPowerState: screenState=2, useProximitySensor=false, forceProximitySensorEnable=false, forceWakeUpEnable=false, screenBrightness=60, screenAutoBrightnessAdjustment=-0.6255319, useAutoBrightness=true, useEcoBrightness=false, blockScreenOn=false, waitForNegativeProximity=false
07-04 12:17:45.275 I/PowerManagerService(  582): setBrightness mButtonLight, screenBrightness=60
07-04 12:17:45.275 V/WallpaperService( 2346): Delivering touch event: MotionEvent { action=ACTION_MOVE, id[0]=0, x[0]=282.60748, y[0]=76.93989, toolType[0]=TOOL_TYPE_FINGER, buttonState=0, metaState=0, flags=0x1, edgeFlags=0x0, pointerCount=1, historySize=0, eventTime=304447, downTime=302931, deviceId=3, source=0x1002 }
07-04 12:17:45.276 D/TelephonyManager( 4362): getDefaultSim is no sim
07-04 12:17:45.278 D/SettingsProvider(  582): call request for 0
07-04 12:17:45.278 V/SettingsProvider(  582): call(secure:android_id) for 0
07-04 12:17:45.278 D/SettingsProvider(  582): lookupValue table secure cache contains Key android_id , value = Bundle[{value=167d2b6d664f77ee}]
07-04 12:17:45.279 V/Provider/Settings( 4362): from db cache, name = android_id , value = 167d2b6d664f77ee
07-04 12:17:45.282 V/Provider/Settings(  582):  from settings cache , name = read_external_storage_enforced_default , value = null
07-04 12:17:45.282 D/dalvikvm(  130): threadid=2: exiting
07-04 12:17:45.282 D/dalvikvm(  130): threadid=2: bye!
07-04 12:17:45.282 D/dalvikvm(  130): threadid=3: exiting
07-04 12:17:45.282 D/dalvikvm(  130): threadid=3: bye!
07-04 12:17:45.283 D/dalvikvm(  130): threadid=4: exiting
07-04 12:17:45.283 D/dalvikvm(  130): threadid=4: bye!
07-04 12:17:45.283 D/dalvikvm(  130): pre gc
07-04 12:17:45.283 D/dalvikvm(  130): Zygote::ForkAndSpecialize +
07-04 12:17:45.287 D/dalvikvm(  130): Zygote::ForkAndSpecialize : 4398
07-04 12:17:45.287 D/dalvikvm( 4398): Zygote::ForkAndSpecialize : 0
07-04 12:17:45.287 D/dalvikvm( 4398): zygote get new systemTid : 4398
07-04 12:17:45.288 D/dalvikvm( 4398): threadid=2: interp stack at 0x5b273000
07-04 12:17:45.288 D/dalvikvm(  130): create interp thread : stack size=32KB
07-04 12:17:45.288 D/dalvikvm(  130): create new thread
07-04 12:17:45.289 D/dalvikvm(  130): new thread created
07-04 12:17:45.289 D/dalvikvm(  130): update thread list
07-04 12:17:45.290 V/WallpaperService( 2346): Delivering touch event: MotionEvent { action=ACTION_MOVE, id[0]=0, x[0]=283.6061, y[0]=76.93989, toolType[0]=TOOL_TYPE_FINGER, buttonState=0, metaState=0, flags=0x1, edgeFlags=0x0, pointerCount=1, historySize=0, eventTime=304462, downTime=302931, deviceId=3, source=0x1002 }
07-04 12:17:45.290 D/dalvikvm(  130): threadid=2: interp stack at 0x5b173000
07-04 12:17:45.290 D/dalvikvm(  130): threadid=2: created from interp
07-04 12:17:45.290 D/dalvikvm(  130): start new thread
07-04 12:17:45.290 D/dalvikvm(  130): threadid=2: notify debugger
07-04 12:17:45.290 D/dalvikvm(  130): threadid=2 (ReferenceQueueDaemon): calling run()
07-04 12:17:45.290 D/dalvikvm(  130): create interp thread : stack size=32KB
07-04 12:17:45.290 D/dalvikvm(  130): create new thread
07-04 12:17:45.290 D/dalvikvm( 4398): threadid=3: interp stack at 0x5b37b000
07-04 12:17:45.290 D/dalvikvm(  130): new thread created
07-04 12:17:45.290 D/dalvikvm(  130): update thread list
07-04 12:17:45.290 D/dalvikvm( 4398): Elevating priority from 0 to -8
07-04 12:17:45.291 D/dalvikvm(  130): threadid=3: interp stack at 0x5b27b000
07-04 12:17:45.291 D/dalvikvm(  130): threadid=3: created from interp
07-04 12:17:45.291 D/dalvikvm(  130): start new thread
07-04 12:17:45.291 D/dalvikvm(  130): threadid=3: notify debugger
07-04 12:17:45.291 D/dalvikvm(  130): create interp thread : stack size=32KB
07-04 12:17:45.291 D/dalvikvm(  130): threadid=3 (FinalizerDaemon): calling run()
07-04 12:17:45.291 D/dalvikvm(  130): create new thread
07-04 12:17:45.291 D/dalvikvm(  130): new thread created
07-04 12:17:45.291 D/dalvikvm(  130): update thread list
07-04 12:17:45.291 D/dalvikvm(  130): threadid=4: interp stack at 0x5b383000
07-04 12:17:45.291 D/dalvikvm(  130): threadid=4: created from interp
07-04 12:17:45.291 D/dalvikvm(  130): start new thread
07-04 12:17:45.291 D/dalvikvm(  130): threadid=4: notify debugger
07-04 12:17:45.291 D/dalvikvm(  130): threadid=4 (FinalizerWatchdogDaemon): calling run()
07-04 12:17:45.291 I/ActivityManager(  582): Start proc com.wandoujia.phoenix2.usbproxy for service com.wandoujia.phoenix2.usbproxy/com.wandoujia.phoenix2.services.ConnectionService: pid=4398 uid=10085 gids={50085, 3003, 1015, 1028}
07-04 12:17:45.292 D/dalvikvm( 4398): threadid=4: interp stack at 0x5b483000
07-04 12:17:45.293 D/dalvikvm( 4398): zygote get thread init done
07-04 12:17:45.293 D/dalvikvm( 4398): create interp thread : stack size=32KB
07-04 12:17:45.293 D/dalvikvm( 4398): create new thread
07-04 12:17:45.293 D/dalvikvm( 4398): new thread created
07-04 12:17:45.293 D/dalvikvm( 4398): update thread list
07-04 12:17:45.293 D/dalvikvm( 4398): threadid=5: interp stack at 0x5d6c7000
07-04 12:17:45.293 D/dalvikvm( 4398): threadid=5: created from interp
07-04 12:17:45.293 D/dalvikvm( 4398): start new thread
07-04 12:17:45.293 D/dalvikvm( 4398): create interp thread : stack size=32KB
07-04 12:17:45.293 D/dalvikvm( 4398): create new thread
07-04 12:17:45.293 D/dalvikvm( 4398): new thread created
07-04 12:17:45.293 D/dalvikvm( 4398): update thread list
07-04 12:17:45.294 D/dalvikvm( 4398): threadid=6: interp stack at 0x5d7cf000
07-04 12:17:45.294 D/dalvikvm( 4398): threadid=6: created from interp
07-04 12:17:45.294 D/dalvikvm( 4398): start new thread
07-04 12:17:45.294 D/dalvikvm( 4398): create interp thread : stack size=32KB
07-04 12:17:45.295 D/dalvikvm( 4398): threadid=6: notify debugger
07-04 12:17:45.295 D/dalvikvm( 4398): create new thread
07-04 12:17:45.295 D/dalvikvm( 4398): threadid=6 (FinalizerDaemon): calling run()
07-04 12:17:45.295 D/dalvikvm( 4398): new thread created
07-04 12:17:45.295 D/dalvikvm( 4398): update thread list
07-04 12:17:45.295 D/dalvikvm( 4398): threadid=7: interp stack at 0x5d8d7000
07-04 12:17:45.295 D/dalvikvm( 4398): threadid=7: created from interp
07-04 12:17:45.295 D/dalvikvm( 4398): start new thread
07-04 12:17:45.295 D/dalvikvm( 4398): threadid=5: notify debugger
07-04 12:17:45.295 D/dalvikvm( 4398): threadid=5 (ReferenceQueueDaemon): calling run()
07-04 12:17:45.295 D/dalvikvm( 4398): threadid=7: notify debugger
07-04 12:17:45.296 D/dalvikvm( 4398): threadid=7 (FinalizerWatchdogDaemon): calling run()
07-04 12:17:45.298 D/IPCThreadState(  582): [DN #5] BR_CLEAR_DEATH_NOTIFICATION_DONE cookie 0x670af410
07-04 12:17:45.299 D/dalvikvm( 4398): open_cached_dex_file : /data/data/com.lbe.security.miui/app_hips/client.jar /data/dalvik-cache/data@data@com.lbe.security.miui@app_hips@client.jar@classes.dex
07-04 12:17:45.302 D/dalvikvm( 4398): Trying to load lib /data/data/com.lbe.security.miui/app_hips/liblbeclient.so 0x421e0550
07-04 12:17:45.302 D/dalvikvm( 4398): Added shared lib /data/data/com.lbe.security.miui/app_hips/liblbeclient.so 0x421e0550
07-04 12:17:45.305 V/WallpaperService( 2346): Delivering touch event: MotionEvent { action=ACTION_MOVE, id[0]=0, x[0]=288.59918, y[0]=74.94145, toolType[0]=TOOL_TYPE_FINGER, buttonState=0, metaState=0, flags=0x1, edgeFlags=0x0, pointerCount=1, historySize=0, eventTime=304478, downTime=302931, deviceId=3, source=0x1002 }
07-04 12:17:45.314 D/dalvikvm( 4398): threadid=8: interp stack at 0x5dd28000
07-04 12:17:45.317 D/dalvikvm( 4362): create interp thread : stack size=32KB
07-04 12:17:45.317 D/dalvikvm( 4362): create new thread
07-04 12:17:45.317 D/dalvikvm( 4362): new thread created
07-04 12:17:45.317 D/dalvikvm( 4398): threadid=9: interp stack at 0x5de30000
07-04 12:17:45.317 D/dalvikvm( 4362): update thread list
07-04 12:17:45.319 D/dalvikvm( 2607): GC_CONCURRENT freed 494K, 9% free 8959K/9772K, paused 2ms+4ms, total 21ms
07-04 12:17:45.319 D/dalvikvm( 4362): threadid=17: interp stack at 0x5e9f6000
07-04 12:17:45.320 D/dalvikvm( 4362): threadid=17: created from interp
07-04 12:17:45.320 D/dalvikvm( 4362): start new thread
07-04 12:17:45.321 V/WallpaperService( 2346): Delivering touch event: MotionEvent { action=ACTION_MOVE, id[0]=0, x[0]=291.595, y[0]=73.94223, toolType[0]=TOOL_TYPE_FINGER, buttonState=0, metaState=0, flags=0x1, edgeFlags=0x0, pointerCount=1, historySize=0, eventTime=304493, downTime=302931, deviceId=3, source=0x1002 }
07-04 12:17:45.321 D/dalvikvm( 4362): threadid=17: notify debugger
07-04 12:17:45.321 D/dalvikvm( 4362): threadid=17 (Thread-300): calling run()
07-04 12:17:45.330 V/ActivityManager(  582): Binding process pid 4398 to record ProcessRecord{42c1f6f8 4398:com.wandoujia.phoenix2.usbproxy/u0a10085}
07-04 12:17:45.330 V/ActivityManager(  582): New death recipient com.android.server.am.ActivityManagerService$AppDeathRecipient@4281a500 for thread android.os.BinderProxy@42af4cc8
07-04 12:17:45.330 V/ActivityManager(  582): New app record ProcessRecord{42c1f6f8 4398:com.wandoujia.phoenix2.usbproxy/u0a10085} thread=android.os.BinderProxy@42af4cc8 pid=4398
07-04 12:17:45.335 V/WallpaperService( 2346): Delivering touch event: MotionEvent { action=ACTION_MOVE, id[0]=0, x[0]=294.59085, y[0]=71.943794, toolType[0]=TOOL_TYPE_FINGER, buttonState=0, metaState=0, flags=0x1, edgeFlags=0x0, pointerCount=1, historySize=0, eventTime=304508, downTime=302931, deviceId=3, source=0x1002 }
07-04 12:17:45.337 D/MobileDataStateTracker(  582): default: getNetworkInfo: updated IsAvailable=false
07-04 12:17:45.338 D/MobileDataStateTracker(  582): default: getNetworkInfo: updated IsAvailable=false
07-04 12:17:45.338 D/MobileDataStateTracker(  582): mms: getNetworkInfo: updated IsAvailable=false
07-04 12:17:45.339 D/MobileDataStateTracker(  582): mms: getNetworkInfo: updated IsAvailable=false
07-04 12:17:45.341 D/MobileDataStateTracker(  582): supl: getNetworkInfo: updated IsAvailable=false
07-04 12:17:45.341 D/MobileDataStateTracker(  582): supl: getNetworkInfo: updated IsAvailable=false
07-04 12:17:45.345 D/MobileDataStateTracker(  582): dun: getNetworkInfo: updated IsAvailable=false
07-04 12:17:45.346 D/MobileDataStateTracker(  582): dun: getNetworkInfo: updated IsAvailable=false
07-04 12:17:45.347 D/MobileDataStateTracker(  582): hipri: getNetworkInfo: updated IsAvailable=false
07-04 12:17:45.347 D/MobileDataStateTracker(  582): hipri: getNetworkInfo: updated IsAvailable=false
07-04 12:17:45.349 D/MobileDataStateTracker(  582): fota: getNetworkInfo: updated IsAvailable=false
07-04 12:17:45.350 V/WallpaperService( 2346): Delivering touch event: MotionEvent { action=ACTION_MOVE, id[0]=0, x[0]=295.58948, y[0]=71.943794, toolType[0]=TOOL_TYPE_FINGER, buttonState=0, metaState=0, flags=0x1, edgeFlags=0x0, pointerCount=1, historySize=0, eventTime=304522, downTime=302931, deviceId=3, source=0x1002 }
07-04 12:17:45.351 D/MobileDataStateTracker(  582): fota: getNetworkInfo: updated IsAvailable=false
07-04 12:17:45.352 D/MobileDataStateTracker(  582): ims: getNetworkInfo: updated IsAvailable=false
07-04 12:17:45.352 D/dalvikvm( 4398): open_cached_dex_file : /data/app/com.wandoujia.phoenix2.usbproxy-2.apk /data/dalvik-cache/data@app@com.wandoujia.phoenix2.usbproxy-2.apk@classes.dex
07-04 12:17:45.353 D/MobileDataStateTracker(  582): ims: getNetworkInfo: updated IsAvailable=false
07-04 12:17:45.354 D/MobileDataStateTracker(  582): cbs: getNetworkInfo: updated IsAvailable=false
07-04 12:17:45.354 D/MobileDataStateTracker(  582): cbs: getNetworkInfo: updated IsAvailable=false
07-04 12:17:45.355 D/MobileDataStateTracker(  582): dm: getNetworkInfo: updated IsAvailable=false
07-04 12:17:45.355 D/dalvikvm( 4362): threadid=17: exiting
07-04 12:17:45.355 D/dalvikvm( 4362): threadid=17: bye!
07-04 12:17:45.355 D/MobileDataStateTracker(  582): dm: getNetworkInfo: updated IsAvailable=false
07-04 12:17:45.356 D/MobileDataStateTracker(  582): wap: getNetworkInfo: updated IsAvailable=false
07-04 12:17:45.357 D/MobileDataStateTracker(  582): wap: getNetworkInfo: updated IsAvailable=false
07-04 12:17:45.357 D/MobileDataStateTracker(  582): net: getNetworkInfo: updated IsAvailable=false
07-04 12:17:45.358 D/MobileDataStateTracker(  582): net: getNetworkInfo: updated IsAvailable=false
07-04 12:17:45.359 D/MobileDataStateTracker(  582): cmmail: getNetworkInfo: updated IsAvailable=false
07-04 12:17:45.359 D/MobileDataStateTracker(  582): cmmail: getNetworkInfo: updated IsAvailable=false
07-04 12:17:45.360 D/MobileDataStateTracker(  582): rcse: getNetworkInfo: updated IsAvailable=false
07-04 12:17:45.360 D/MobileDataStateTracker(  582): rcse: getNetworkInfo: updated IsAvailable=false
07-04 12:17:45.364 V/WallpaperService( 2346): Delivering touch event: MotionEvent { action=ACTION_MOVE, id[0]=0, x[0]=296.58807, y[0]=71.943794, toolType[0]=TOOL_TYPE_FINGER, buttonState=0, metaState=0, flags=0x1, edgeFlags=0x0, pointerCount=1, historySize=0, eventTime=304536, downTime=302931, deviceId=3, source=0x1002 }
07-04 12:17:45.371 D/dalvikvm( 4377): GC_CONCURRENT freed 369K, 5% free 8550K/8948K, paused 3ms+2ms, total 38ms
07-04 12:17:45.371 D/dalvikvm( 4377): WAIT_FOR_CONCURRENT_GC blocked 12ms
07-04 12:17:45.372 D/dalvikvm( 2464): GC_CONCURRENT freed 451K, 6% free 9209K/9720K, paused 3ms+2ms, total 29ms
07-04 12:17:45.373 D/MobileDataStateTracker(  582): default: getNetworkInfo: updated IsAvailable=false
07-04 12:17:45.373 D/MobileDataStateTracker(  582): default: getNetworkInfo: updated IsAvailable=false
07-04 12:17:45.374 D/MobileDataStateTracker(  582): mms: getNetworkInfo: updated IsAvailable=false
07-04 12:17:45.374 V/KscService( 4377): Not found createProvider(KssProvicer, String) in service: local_file
07-04 12:17:45.375 D/MobileDataStateTracker(  582): mms: getNetworkInfo: updated IsAvailable=false
07-04 12:17:45.375 V/KscService( 4377): Not found createProvider(KssProvicer, String) in service: file_oper
07-04 12:17:45.375 V/KscService( 4377): Not found createProvider(KssProvicer, String) in service: report
07-04 12:17:45.375 D/MobileDataStateTracker(  582): supl: getNetworkInfo: updated IsAvailable=false
07-04 12:17:45.376 D/MobileDataStateTracker(  582): supl: getNetworkInfo: updated IsAvailable=false
07-04 12:17:45.376 D/MobileDataStateTracker(  582): dun: getNetworkInfo: updated IsAvailable=false
07-04 12:17:45.377 D/MobileDataStateTracker(  582): dun: getNetworkInfo: updated IsAvailable=false
07-04 12:17:45.379 V/WallpaperService( 2346): Delivering touch event: MotionEvent { action=ACTION_MOVE, id[0]=0, x[0]=296.58807, y[0]=71.943794, toolType[0]=TOOL_TYPE_FINGER, buttonState=0, metaState=0, flags=0x1, edgeFlags=0x0, pointerCount=1, historySize=0, eventTime=304550, downTime=302931, deviceId=3, source=0x1002 }
07-04 12:17:45.380 D/MobileDataStateTracker(  582): hipri: getNetworkInfo: updated IsAvailable=false
07-04 12:17:45.380 D/MobileDataStateTracker(  582): hipri: getNetworkInfo: updated IsAvailable=false
07-04 12:17:45.382 D/MobileDataStateTracker(  582): fota: getNetworkInfo: updated IsAvailable=false
07-04 12:17:45.382 D/MobileDataStateTracker(  582): fota: getNetworkInfo: updated IsAvailable=false
07-04 12:17:45.383 D/MobileDataStateTracker(  582): ims: getNetworkInfo: updated IsAvailable=false
07-04 12:17:45.383 V/KscService( 4377): Not found createProvider(KssProvicer, String) in service: thumb
07-04 12:17:45.383 D/dalvikvm( 4377): create interp thread : stack size=32KB
07-04 12:17:45.384 D/dalvikvm( 4377): create new thread
07-04 12:17:45.384 D/dalvikvm( 4377): new thread created
07-04 12:17:45.384 D/dalvikvm( 4377): update thread list
07-04 12:17:45.384 D/dalvikvm( 4377): threadid=10: interp stack at 0x5bfd3000
07-04 12:17:45.384 D/MobileDataStateTracker(  582): ims: getNetworkInfo: updated IsAvailable=false
07-04 12:17:45.384 D/dalvikvm( 4377): threadid=10: created from interp
07-04 12:17:45.384 D/dalvikvm( 4377): start new thread
07-04 12:17:45.384 D/dalvikvm( 4377): threadid=10: notify debugger
07-04 12:17:45.384 D/dalvikvm( 4377): threadid=10 (KssFile DB Handle Thread): calling run()
07-04 12:17:45.386 D/MobileDataStateTracker(  582): cbs: getNetworkInfo: updated IsAvailable=false
07-04 12:17:45.387 D/MobileDataStateTracker(  582): cbs: getNetworkInfo: updated IsAvailable=false
07-04 12:17:45.388 D/MobileDataStateTracker(  582): dm: getNetworkInfo: updated IsAvailable=false
07-04 12:17:45.388 D/MobileDataStateTracker(  582): dm: getNetworkInfo: updated IsAvailable=false
07-04 12:17:45.389 D/MobileDataStateTracker(  582): wap: getNetworkInfo: updated IsAvailable=false
07-04 12:17:45.393 D/MobileDataStateTracker(  582): wap: getNetworkInfo: updated IsAvailable=false
07-04 12:17:45.393 V/WallpaperService( 2346): Delivering touch event: MotionEvent { action=ACTION_MOVE, id[0]=0, x[0]=297.5867, y[0]=71.943794, toolType[0]=TOOL_TYPE_FINGER, buttonState=0, metaState=0, flags=0x1, edgeFlags=0x0, pointerCount=1, historySize=0, eventTime=304565, downTime=302931, deviceId=3, source=0x1002 }
07-04 12:17:45.393 D/MobileDataStateTracker(  582): net: getNetworkInfo: updated IsAvailable=false
07-04 12:17:45.394 D/MobileDataStateTracker(  582): net: getNetworkInfo: updated IsAvailable=false
07-04 12:17:45.394 D/MobileDataStateTracker(  582): cmmail: getNetworkInfo: updated IsAvailable=false
07-04 12:17:45.395 D/MobileDataStateTracker(  582): cmmail: getNetworkInfo: updated IsAvailable=false
07-04 12:17:45.396 D/MobileDataStateTracker(  582): rcse: getNetworkInfo: updated IsAvailable=false
07-04 12:17:45.396 D/MobileDataStateTracker(  582): rcse: getNetworkInfo: updated IsAvailable=false
07-04 12:17:45.405 D/dalvikvm( 4398): GC_CONCURRENT freed 337K, 5% free 8431K/8796K, paused 1ms+2ms, total 17ms
07-04 12:17:45.406 I/System.out( 4362): httpget:http://openapi.kuaipan.cn/1/account_info?oauth_consumer_key=xc27EItofxcjvIFG&oauth_signature_method=HMAC-SHA1&oauth_timestamp=1404447465&oauth_nonce=591cfed2e1f730d3e6d3107d63c1c3dd&oauth_version=1.0&oauth_token=0333eb694e1800c3f1e706b0&oauth_signature=lTJLEbt%2BLZ%2BsKmTcu6aMW2hHeDE%3D
07-04 12:17:45.407 I/System.out( 4362): http://openapi.kuaipan.cn/1/account_info?oauth_consumer_key=xc27EItofxcjvIFG&oauth_signature_method=HMAC-SHA1&oauth_timestamp=1404447465&oauth_nonce=591cfed2e1f730d3e6d3107d63c1c3dd&oauth_version=1.0&oauth_token=0333eb694e1800c3f1e706b0&oauth_signature=lTJLEbt%2BLZ%2BsKmTcu6aMW2hHeDE%3D
07-04 12:17:45.408 V/WallpaperService( 2346): Delivering touch event: MotionEvent { action=ACTION_MOVE, id[0]=0, x[0]=297.5867, y[0]=70.94457, toolType[0]=TOOL_TYPE_FINGER, buttonState=0, metaState=0, flags=0x1, edgeFlags=0x0, pointerCount=1, historySize=0, eventTime=304580, downTime=302931, deviceId=3, source=0x1002 }
07-04 12:17:45.414 D/dalvikvm( 4362): create interp thread : stack size=32KB
07-04 12:17:45.414 D/dalvikvm( 4362): create new thread
07-04 12:17:45.414 D/dalvikvm( 4362): new thread created
07-04 12:17:45.414 D/dalvikvm( 4362): update thread list
07-04 12:17:45.414 D/dalvikvm( 4362): threadid=17: interp stack at 0x5e9f8000
07-04 12:17:45.414 D/dalvikvm( 4362): threadid=17: created from interp
07-04 12:17:45.414 D/dalvikvm( 4362): start new thread
07-04 12:17:45.415 D/dalvikvm( 4362): threadid=17: notify debugger
07-04 12:17:45.415 D/dalvikvm( 4362): threadid=17 (RefQueueWorker@org.apache.http.impl.conn.tsccm.ConnPoolByRoute@42262fe8): calling run()
07-04 12:17:45.415 D/ConnectivityService(  582): getActiveNetworkInfo:NetworkInfo: type: WIFI[], state: CONNECTED/CONNECTED, reason: (unspecified), extra: "OPPO-SZ", roaming: false, failover: false, isAvailable: true, simId: 0/10018
07-04 12:17:45.419 I/SurfaceFlinger(  129): [SurfaceFlinger] fps:53.774017,dur:1004.20,max:22.29,min:14.63
07-04 12:17:45.424 V/WallpaperService( 2346): Delivering touch event: MotionEvent { action=ACTION_MOVE, id[0]=0, x[0]=297.5867, y[0]=70.94457, toolType[0]=TOOL_TYPE_FINGER, buttonState=0, metaState=0, flags=0x1, edgeFlags=0x0, pointerCount=1, historySize=0, eventTime=304595, downTime=302931, deviceId=3, source=0x1002 }
07-04 12:17:45.429 D/ConnectivityService(  582): getActiveNetworkInfo:NetworkInfo: type: WIFI[], state: CONNECTED/CONNECTED, reason: (unspecified), extra: "OPPO-SZ", roaming: false, failover: false, isAvailable: true, simId: 0/10018
07-04 12:17:45.429 D/dalvikvm( 4362): create interp thread : stack size=32KB
07-04 12:17:45.429 D/dalvikvm( 4362): create new thread
07-04 12:17:45.429 D/dalvikvm( 4362): new thread created
07-04 12:17:45.429 D/dalvikvm( 4362): update thread list
07-04 12:17:45.429 D/dalvikvm( 4362): threadid=18: interp stack at 0x5eb00000
07-04 12:17:45.429 D/dalvikvm( 4362): threadid=18: created from interp
07-04 12:17:45.429 D/dalvikvm( 4362): start new thread
07-04 12:17:45.430 V/ExternalDatabaseHelper( 4362): Close DB:/storage/sdcard1/mi_drive/35864136/.localInfo.db
07-04 12:17:45.430 D/dalvikvm( 4362): threadid=18: notify debugger
07-04 12:17:45.430 D/dalvikvm( 4362): threadid=18 (Push-Thread): calling run()
07-04 12:17:45.431 D/MobileDataStateTracker(  582): default: getNetworkInfo: updated IsAvailable=false
07-04 12:17:45.432 D/MobileDataStateTracker(  582): default: getNetworkInfo: updated IsAvailable=false
07-04 12:17:45.432 D/MobileDataStateTracker(  582): mms: getNetworkInfo: updated IsAvailable=false
07-04 12:17:45.433 D/MobileDataStateTracker(  582): mms: getNetworkInfo: updated IsAvailable=false
07-04 12:17:45.433 D/MobileDataStateTracker(  582): supl: getNetworkInfo: updated IsAvailable=false
07-04 12:17:45.434 D/MobileDataStateTracker(  582): supl: getNetworkInfo: updated IsAvailable=false
07-04 12:17:45.434 D/MobileDataStateTracker(  582): dun: getNetworkInfo: updated IsAvailable=false
07-04 12:17:45.435 D/MobileDataStateTracker(  582): dun: getNetworkInfo: updated IsAvailable=false
07-04 12:17:45.438 D/dalvikvm( 4377): GC_CONCURRENT freed 465K, 6% free 8598K/9092K, paused 1ms+2ms, total 22ms
07-04 12:17:45.438 D/dalvikvm( 4377): WAIT_FOR_CONCURRENT_GC blocked 10ms
07-04 12:17:45.438 D/MobileDataStateTracker(  582): hipri: getNetworkInfo: updated IsAvailable=false
07-04 12:17:45.439 D/MobileDataStateTracker(  582): hipri: getNetworkInfo: updated IsAvailable=false
07-04 12:17:45.439 V/WallpaperService( 2346): Delivering touch event: MotionEvent { action=ACTION_MOVE, id[0]=0, x[0]=297.5867, y[0]=70.94457, toolType[0]=TOOL_TYPE_FINGER, buttonState=0, metaState=0, flags=0x1, edgeFlags=0x0, pointerCount=1, historySize=0, eventTime=304611, downTime=302931, deviceId=3, source=0x1002 }
07-04 12:17:45.440 D/MobileDataStateTracker(  582): fota: getNetworkInfo: updated IsAvailable=false
07-04 12:17:45.440 D/MobileDataStateTracker(  582): fota: getNetworkInfo: updated IsAvailable=false
07-04 12:17:45.442 D/MobileDataStateTracker(  582): ims: getNetworkInfo: updated IsAvailable=false
07-04 12:17:45.443 D/MobileDataStateTracker(  582): ims: getNetworkInfo: updated IsAvailable=false
07-04 12:17:45.443 D/MobileDataStateTracker(  582): cbs: getNetworkInfo: updated IsAvailable=false
07-04 12:17:45.444 D/MobileDataStateTracker(  582): cbs: getNetworkInfo: updated IsAvailable=false
07-04 12:17:45.444 D/MobileDataStateTracker(  582): dm: getNetworkInfo: updated IsAvailable=false
07-04 12:17:45.445 D/MobileDataStateTracker(  582): dm: getNetworkInfo: updated IsAvailable=false
07-04 12:17:45.445 D/MobileDataStateTracker(  582): wap: getNetworkInfo: updated IsAvailable=false
07-04 12:17:45.447 D/MobileDataStateTracker(  582): wap: getNetworkInfo: updated IsAvailable=false
07-04 12:17:45.448 D/MobileDataStateTracker(  582): net: getNetworkInfo: updated IsAvailable=false
07-04 12:17:45.448 D/MobileDataStateTracker(  582): net: getNetworkInfo: updated IsAvailable=false
07-04 12:17:45.449 D/MobileDataStateTracker(  582): cmmail: getNetworkInfo: updated IsAvailable=false
07-04 12:17:45.450 D/MobileDataStateTracker(  582): cmmail: getNetworkInfo: updated IsAvailable=false
07-04 12:17:45.450 D/dalvikvm( 4398): create interp thread : stack size=32KB
07-04 12:17:45.450 D/dalvikvm( 4398): create new thread
07-04 12:17:45.450 D/dalvikvm( 4398): new thread created
07-04 12:17:45.450 D/dalvikvm( 4398): update thread list
07-04 12:17:45.450 D/dalvikvm( 4398): threadid=10: interp stack at 0x5bfd5000
07-04 12:17:45.450 D/dalvikvm( 4398): threadid=10: created from interp
07-04 12:17:45.450 D/dalvikvm( 4398): start new thread
07-04 12:17:45.450 D/MobileDataStateTracker(  582): rcse: getNetworkInfo: updated IsAvailable=false
07-04 12:17:45.450 D/dalvikvm( 4398): threadid=10: notify debugger
07-04 12:17:45.450 D/dalvikvm( 4398): threadid=10 (core_service_async_thread): calling run()
07-04 12:17:45.450 D/MobileDataStateTracker(  582): rcse: getNetworkInfo: updated IsAvailable=false
07-04 12:17:45.454 V/WallpaperService( 2346): Delivering touch event: MotionEvent { action=ACTION_MOVE, id[0]=0, x[0]=297.5867, y[0]=70.94457, toolType[0]=TOOL_TYPE_FINGER, buttonState=0, metaState=0, flags=0x1, edgeFlags=0x0, pointerCount=1, historySize=0, eventTime=304626, downTime=302931, deviceId=3, source=0x1002 }
07-04 12:17:45.455 D/ConnectivityService(  582): getActiveNetworkInfo:NetworkInfo: type: WIFI[], state: CONNECTED/CONNECTED, reason: (unspecified), extra: "OPPO-SZ", roaming: false, failover: false, isAvailable: true, simId: 0/10018
07-04 12:17:45.458 V/Provider/Settings( 2464):  from settings cache , name = sms_sim_setting , value = -5
07-04 12:17:45.462 D/TelephonyRegistry(  582): listen: E pkg=com.wandoujia.phoenix2.usbproxy events=0x101 myUid=0 callerUid=0
07-04 12:17:45.462 I/TelephonyRegistry(  582): listen: add new record={pkgForDebug=com.wandoujia.phoenix2.usbproxy callerUid=0 events=0}
07-04 12:17:45.463 D/TelephonyRegistry(  582): validateEventsAndUserLocked: valid=false r.callerUid=0 foregroundUser=0 r.events=257 events=16
07-04 12:17:45.463 D/TelephonyRegistry(  582): validateEventsAndUserLocked: valid=false r.callerUid=0 foregroundUser=0 r.events=257 events=1024
07-04 12:17:45.463 W/SignalStrength( 4398): Size of signalstrength parcel:184
07-04 12:17:45.463 D/PushService( 4362): getPushServer info from cache
07-04 12:17:45.464 D/FrameworkListener(  125): dispatchCommand data = (getaddrinfo openapi.kuaipan.cn ^ 1024 0 1 0)
07-04 12:17:45.464 D/libc-netbsd(  125): getaddrinfo: openapi.kuaipan.cn NO result from proxy 
07-04 12:17:45.464 D/libc-netbsd(  125): res_queryN name = openapi.kuaipan.cn, class = 1, type = 1
07-04 12:17:45.464 D/libc-netbsd(  125): res_queryN name = openapi.kuaipan.cn succeed
07-04 12:17:45.464 D/MobileDataStateTracker(  582): default: getNetworkInfo: updated IsAvailable=false
07-04 12:17:45.465 D/SocketClient(  125): SocketClient sendDatalocked done: 222
07-04 12:17:45.465 D/SocketClient(  125): SocketClient sendDatalocked done: 
07-04 12:17:45.465 D/SocketClient(  125): SocketClient sendDatalocked done: 
07-04 12:17:45.465 D/SocketClient(  125): SocketClient sendDatalocked done: 
07-04 12:17:45.465 D/SocketClient(  125): SocketClient sendDatalocked done: 
07-04 12:17:45.465 D/SocketClient(  125): SocketClient sendDatalocked done: 
07-04 12:17:45.465 D/SocketClient(  125): SocketClient sendDatalocked done: 
07-04 12:17:45.465 D/libc-netbsd( 4362): getaddrinfo: openapi.kuaipan.cn get result from proxy >>
07-04 12:17:45.465 I/System.out( 4362): propertyValue:true
07-04 12:17:45.465 D/MobileDataStateTracker(  582): default: getNetworkInfo: updated IsAvailable=false
07-04 12:17:45.467 D/MobileDataStateTracker(  582): mms: getNetworkInfo: updated IsAvailable=false
07-04 12:17:45.467 D/MobileDataStateTracker(  582): mms: getNetworkInfo: updated IsAvailable=false
07-04 12:17:45.468 V/WallpaperService( 2346): Delivering touch event: MotionEvent { action=ACTION_MOVE, id[0]=0, x[0]=297.5867, y[0]=70.94457, toolType[0]=TOOL_TYPE_FINGER, buttonState=0, metaState=0, flags=0x1, edgeFlags=0x0, pointerCount=1, historySize=0, eventTime=304640, downTime=302931, deviceId=3, source=0x1002 }
07-04 12:17:45.468 D/MobileDataStateTracker(  582): supl: getNetworkInfo: updated IsAvailable=false
07-04 12:17:45.468 I/XiaomiFirewall( 3388): firewall pkgName:com.android.fileexplorer, result:0
07-04 12:17:45.468 D/MobileDataStateTracker(  582): supl: getNetworkInfo: updated IsAvailable=false
07-04 12:17:45.469 I/System.out( 4362): [socket][0] connection /42.62.61.13:80;LocalPort=47998(30000)
07-04 12:17:45.469 D/MobileDataStateTracker(  582): dun: getNetworkInfo: updated IsAvailable=false
07-04 12:17:45.469 I/System.out( 4362): [CDS]connect[/42.62.61.13:80] tm:30
07-04 12:17:45.469 D/Posix   ( 4362): [Posix_connect Debug]Process com.android.fileexplorer:remote :80 
07-04 12:17:45.470 D/MobileDataStateTracker(  582): dun: getNetworkInfo: updated IsAvailable=false
07-04 12:17:45.470 D/MobileDataStateTracker(  582): hipri: getNetworkInfo: updated IsAvailable=false
07-04 12:17:45.471 D/MobileDataStateTracker(  582): hipri: getNetworkInfo: updated IsAvailable=false
07-04 12:17:45.472 D/MobileDataStateTracker(  582): fota: getNetworkInfo: updated IsAvailable=false
07-04 12:17:45.472 D/MobileDataStateTracker(  582): fota: getNetworkInfo: updated IsAvailable=false
07-04 12:17:45.473 D/MobileDataStateTracker(  582): ims: getNetworkInfo: updated IsAvailable=false
07-04 12:17:45.475 I/SurfaceTextureClient( 2346): [STC::queueBuffer] (this:0x5d6ae518) fps:4.88, dur:1023.73, max:205.78, min:203.49
07-04 12:17:45.475 D/MobileDataStateTracker(  582): ims: getNetworkInfo: updated IsAvailable=false
07-04 12:17:45.476 I/BufferQueue(  129): [StatusBar](this:0x44cc9e28,api:1) [queue] fps:4.89, dur:1023.52, max:205.40, min:203.82
07-04 12:17:45.476 D/MobileDataStateTracker(  582): cbs: getNetworkInfo: updated IsAvailable=false
07-04 12:17:45.477 D/MobileDataStateTracker(  582): cbs: getNetworkInfo: updated IsAvailable=false
07-04 12:17:45.480 D/MobileDataStateTracker(  582): dm: getNetworkInfo: updated IsAvailable=false
07-04 12:17:45.481 D/MobileDataStateTracker(  582): dm: getNetworkInfo: updated IsAvailable=false
07-04 12:17:45.481 D/MobileDataStateTracker(  582): wap: getNetworkInfo: updated IsAvailable=false
07-04 12:17:45.482 V/WallpaperService( 2346): Delivering touch event: MotionEvent { action=ACTION_MOVE, id[0]=0, x[0]=297.5867, y[0]=70.94457, toolType[0]=TOOL_TYPE_FINGER, buttonState=0, metaState=0, flags=0x1, edgeFlags=0x0, pointerCount=1, historySize=0, eventTime=304654, downTime=302931, deviceId=3, source=0x1002 }
07-04 12:17:45.482 D/MobileDataStateTracker(  582): wap: getNetworkInfo: updated IsAvailable=false
07-04 12:17:45.483 D/MobileDataStateTracker(  582): net: getNetworkInfo: updated IsAvailable=false
07-04 12:17:45.483 D/MobileDataStateTracker(  582): net: getNetworkInfo: updated IsAvailable=false
07-04 12:17:45.483 D/MobileDataStateTracker(  582): cmmail: getNetworkInfo: updated IsAvailable=false
07-04 12:17:45.484 D/MobileDataStateTracker(  582): cmmail: getNetworkInfo: updated IsAvailable=false
07-04 12:17:45.484 D/MobileDataStateTracker(  582): rcse: getNetworkInfo: updated IsAvailable=false
07-04 12:17:45.485 D/MobileDataStateTracker(  582): rcse: getNetworkInfo: updated IsAvailable=false
07-04 12:17:45.485 D/dalvikvm( 4377): GC_CONCURRENT freed 471K, 6% free 8623K/9120K, paused 1ms+3ms, total 16ms
07-04 12:17:45.487 I/System.out( 4362): httpget:http://push2.kuaipan.cn/sync/get?uid=53734249
07-04 12:17:45.490 I/System.out( 4362): http://push2.kuaipan.cn/sync/get?uid=53734249
07-04 12:17:45.491 D/dalvikvm( 4362): create interp thread : stack size=32KB
07-04 12:17:45.491 D/dalvikvm( 4362): create new thread
07-04 12:17:45.491 D/dalvikvm( 4362): new thread created
07-04 12:17:45.491 D/dalvikvm( 4362): update thread list
07-04 12:17:45.491 D/dalvikvm( 4362): threadid=19: interp stack at 0x5ec08000
07-04 12:17:45.491 D/dalvikvm( 4362): threadid=19: created from interp
07-04 12:17:45.492 D/dalvikvm( 4362): start new thread
07-04 12:17:45.492 D/dalvikvm( 4362): threadid=19: notify debugger
07-04 12:17:45.492 D/dalvikvm( 4362): threadid=19 (RefQueueWorker@org.apache.http.impl.conn.tsccm.ConnPoolByRoute@422970c8): calling run()
07-04 12:17:45.492 I/BufferQueue(  129): [StatusBar](this:0x44cc9e28,api:1) [release] fps:4.88, dur:1025.33, max:205.13, min:205.01
07-04 12:17:45.496 V/WallpaperService( 2346): Delivering touch event: MotionEvent { action=ACTION_MOVE, id[0]=0, x[0]=297.5867, y[0]=70.94457, toolType[0]=TOOL_TYPE_FINGER, buttonState=0, metaState=0, flags=0x1, edgeFlags=0x0, pointerCount=1, historySize=0, eventTime=304668, downTime=302931, deviceId=3, source=0x1002 }
07-04 12:17:45.496 D/ConnectivityService(  582): getActiveNetworkInfo:NetworkInfo: type: WIFI[], state: CONNECTED/CONNECTED, reason: (unspecified), extra: "OPPO-SZ", roaming: false, failover: false, isAvailable: true, simId: 0/10018
07-04 12:17:45.498 D/FrameworkListener(  125): dispatchCommand data = (getaddrinfo push2.kuaipan.cn ^ 1024 0 1 0)
07-04 12:17:45.498 D/libc-netbsd(  125): getaddrinfo: push2.kuaipan.cn NO result from proxy 
07-04 12:17:45.498 D/libc-netbsd(  125): res_queryN name = push2.kuaipan.cn, class = 1, type = 1
07-04 12:17:45.498 D/libc-netbsd(  125): res_queryN name = push2.kuaipan.cn succeed
07-04 12:17:45.499 D/SocketClient(  125): SocketClient sendDatalocked done: 222
07-04 12:17:45.499 D/SocketClient(  125): SocketClient sendDatalocked done: 
07-04 12:17:45.499 D/SocketClient(  125): SocketClient sendDatalocked done: 
07-04 12:17:45.499 D/SocketClient(  125): SocketClient sendDatalocked done: 
07-04 12:17:45.499 D/SocketClient(  125): SocketClient sendDatalocked done: 
07-04 12:17:45.499 D/SocketClient(  125): SocketClient sendDatalocked done: 
07-04 12:17:45.499 D/SocketClient(  125): SocketClient sendDatalocked done: 
07-04 12:17:45.499 D/libc-netbsd( 4362): getaddrinfo: push2.kuaipan.cn get result from proxy >>
07-04 12:17:45.499 I/System.out( 4362): propertyValue:true
07-04 12:17:45.499 I/System.out( 4362): [socket][1] connection /123.150.173.146:80;LocalPort=60858(30000)
07-04 12:17:45.499 I/System.out( 4362): [CDS]connect[/123.150.173.146:80] tm:30
07-04 12:17:45.500 D/Posix   ( 4362): [Posix_connect Debug]Process com.android.fileexplorer:remote :80 
07-04 12:17:45.504 D/dalvikvm( 4362): GC_CONCURRENT freed 264K, 5% free 8997K/9392K, paused 2ms+2ms, total 16ms
07-04 12:17:45.511 V/WallpaperService( 2346): Delivering touch event: MotionEvent { action=ACTION_MOVE, id[0]=0, x[0]=296.58807, y[0]=70.94457, toolType[0]=TOOL_TYPE_FINGER, buttonState=0, metaState=0, flags=0x1, edgeFlags=0x0, pointerCount=1, historySize=0, eventTime=304683, downTime=302931, deviceId=3, source=0x1002 }
07-04 12:17:45.526 V/WallpaperService( 2346): Delivering touch event: MotionEvent { action=ACTION_MOVE, id[0]=0, x[0]=296.58807, y[0]=70.94457, toolType[0]=TOOL_TYPE_FINGER, buttonState=0, metaState=0, flags=0x1, edgeFlags=0x0, pointerCount=1, historySize=0, eventTime=304698, downTime=302931, deviceId=3, source=0x1002 }
07-04 12:17:45.531 D/dalvikvm( 4377): GC_CONCURRENT freed 495K, 6% free 8634K/9160K, paused 1ms+2ms, total 15ms
07-04 12:17:45.536 I/System.out( 4362): [socket][/10.100.144.157:47998] connected
07-04 12:17:45.536 I/System.out( 4362): [CDS]rx timeout:30000
07-04 12:17:45.536 W/System.err( 4362): rto value is too small:0
07-04 12:17:45.538 I/System.out( 4362): >doSendRequest
07-04 12:17:45.540 I/System.out( 4362): <doSendRequest
07-04 12:17:45.541 V/WallpaperService( 2346): Delivering touch event: MotionEvent { action=ACTION_MOVE, id[0]=0, x[0]=296.58807, y[0]=70.94457, toolType[0]=TOOL_TYPE_FINGER, buttonState=0, metaState=0, flags=0x1, edgeFlags=0x0, pointerCount=1, historySize=0, eventTime=304713, downTime=302931, deviceId=3, source=0x1002 }
07-04 12:17:45.556 V/WallpaperService( 2346): Delivering touch event: MotionEvent { action=ACTION_MOVE, id[0]=0, x[0]=297.5867, y[0]=70.94457, toolType[0]=TOOL_TYPE_FINGER, buttonState=0, metaState=0, flags=0x1, edgeFlags=0x0, pointerCount=1, historySize=0, eventTime=304728, downTime=302931, deviceId=3, source=0x1002 }
07-04 12:17:45.558 I/System.out( 4362): [socket][/10.100.144.157:60858] connected
07-04 12:17:45.558 I/System.out( 4362): [CDS]rx timeout:960000
07-04 12:17:45.558 W/System.err( 4362): rto value is too small:0
07-04 12:17:45.559 I/System.out( 4362): >doSendRequest
07-04 12:17:45.560 I/System.out( 4362): <doSendRequest
07-04 12:17:45.572 V/WallpaperService( 2346): Delivering touch event: MotionEvent { action=ACTION_MOVE, id[0]=0, x[0]=297.5867, y[0]=70.94457, toolType[0]=TOOL_TYPE_FINGER, buttonState=0, metaState=0, flags=0x1, edgeFlags=0x0, pointerCount=1, historySize=0, eventTime=304744, downTime=302931, deviceId=3, source=0x1002 }
07-04 12:17:45.574 D/dalvikvm( 4377): GC_CONCURRENT freed 483K, 6% free 8659K/9172K, paused 1ms+1ms, total 15ms
07-04 12:17:45.585 V/WallpaperService( 2346): Delivering touch event: MotionEvent { action=ACTION_MOVE, id[0]=0, x[0]=296.58807, y[0]=70.94457, toolType[0]=TOOL_TYPE_FINGER, buttonState=0, metaState=0, flags=0x1, edgeFlags=0x0, pointerCount=1, historySize=0, eventTime=304757, downTime=302931, deviceId=3, source=0x1002 }
07-04 12:17:45.599 V/WallpaperService( 2346): Delivering touch event: MotionEvent { action=ACTION_MOVE, id[0]=0, x[0]=296.58807, y[0]=70.94457, toolType[0]=TOOL_TYPE_FINGER, buttonState=0, metaState=0, flags=0x1, edgeFlags=0x0, pointerCount=1, historySize=0, eventTime=304772, downTime=302931, deviceId=3, source=0x1002 }
07-04 12:17:45.614 V/WallpaperService( 2346): Delivering touch event: MotionEvent { action=ACTION_MOVE, id[0]=0, x[0]=296.58807, y[0]=70.94457, toolType[0]=TOOL_TYPE_FINGER, buttonState=0, metaState=0, flags=0x1, edgeFlags=0x0, pointerCount=1, historySize=0, eventTime=304786, downTime=302931, deviceId=3, source=0x1002 }
07-04 12:17:45.616 I/System.out( 4362): [CDS]close[47998]
07-04 12:17:45.616 I/System.out( 4362): close [socket][/0.0.0.0:47998]
07-04 12:17:45.616 I/System.out( 4362): close [socket][/0.0.0.0:47998]
07-04 12:17:45.617 D/dalvikvm( 4377): GC_CONCURRENT freed 493K, 6% free 8674K/9200K, paused 2ms+3ms, total 16ms
07-04 12:17:45.617 D/dalvikvm( 4362): create interp thread : stack size=32KB
07-04 12:17:45.617 D/dalvikvm( 4362): create new thread
07-04 12:17:45.617 D/dalvikvm( 4362): new thread created
07-04 12:17:45.617 D/dalvikvm( 4362): update thread list
07-04 12:17:45.617 D/dalvikvm( 4362): threadid=20: interp stack at 0x5ed14000
07-04 12:17:45.617 D/dalvikvm( 4362): threadid=20: created from interp
07-04 12:17:45.617 D/dalvikvm( 4362): start new thread
07-04 12:17:45.617 D/dalvikvm( 4362): threadid=20: notify debugger
07-04 12:17:45.617 D/dalvikvm( 4362): threadid=20 (SharedPreferencesImpl-load): calling run()
07-04 12:17:45.618 D/dalvikvm( 4362): threadid=20: exiting
07-04 12:17:45.618 D/dalvikvm( 4362): threadid=20: bye!
07-04 12:17:45.628 V/WallpaperService( 2346): Delivering touch event: MotionEvent { action=ACTION_MOVE, id[0]=0, x[0]=296.58807, y[0]=70.94457, toolType[0]=TOOL_TYPE_FINGER, buttonState=0, metaState=0, flags=0x1, edgeFlags=0x0, pointerCount=1, historySize=0, eventTime=304801, downTime=302931, deviceId=3, source=0x1002 }
07-04 12:17:45.643 V/WallpaperService( 2346): Delivering touch event: MotionEvent { action=ACTION_MOVE, id[0]=0, x[0]=296.58807, y[0]=70.94457, toolType[0]=TOOL_TYPE_FINGER, buttonState=0, metaState=0, flags=0x1, edgeFlags=0x0, pointerCount=1, historySize=0, eventTime=304816, downTime=302931, deviceId=3, source=0x1002 }
07-04 12:17:45.659 V/WallpaperService( 2346): Delivering touch event: MotionEvent { action=ACTION_MOVE, id[0]=0, x[0]=296.58807, y[0]=70.94457, toolType[0]=TOOL_TYPE_FINGER, buttonState=0, metaState=0, flags=0x1, edgeFlags=0x0, pointerCount=1, historySize=0, eventTime=304831, downTime=302931, deviceId=3, source=0x1002 }
07-04 12:17:45.659 D/dalvikvm( 4377): GC_CONCURRENT freed 510K, 6% free 8678K/9216K, paused 2ms+3ms, total 15ms
07-04 12:17:45.674 V/WallpaperService( 2346): Delivering touch event: MotionEvent { action=ACTION_MOVE, id[0]=0, x[0]=296.58807, y[0]=70.94457, toolType[0]=TOOL_TYPE_FINGER, buttonState=0, metaState=0, flags=0x1, edgeFlags=0x0, pointerCount=1, historySize=0, eventTime=304846, downTime=302931, deviceId=3, source=0x1002 }
07-04 12:17:45.674 D/StateMachine(  582): handleMessage: E msg.what=151572
07-04 12:17:45.674 D/StateMachine(  582): processMsg: ConnectedState
07-04 12:17:45.674 D/WifiStateMachine(  582): ConnectedState{ what=151572 when=0 target=Handler (com.android.internal.util.StateMachine$SmHandler) {42800708} }
07-04 12:17:45.674 D/StateMachine(  582): processMsg: L2ConnectedState
07-04 12:17:45.674 D/WifiStateMachine(  582): L2ConnectedState{ what=151572 when=-1ms target=Handler (com.android.internal.util.StateMachine$SmHandler) {42800708} }
07-04 12:17:45.675 D/WifiNative-wlan0(  582): doString: SIGNAL_POLL
07-04 12:17:45.675 D/WifiCommon(  582): [wlan0] SET "SIGNAL_POLL"
07-04 12:17:45.675 D/wpa_supplicant( 2342): RX ctrl_iface - hexdump(len=11): 53 49 47 4e 41 4c 5f 50 4f 4c 4c
07-04 12:17:45.675 D/wpa_supplicant( 2342): wlan0: Control interface command 'SIGNAL_POLL'
07-04 12:17:45.675 D/wpa_supplicant( 2342): nl80211: survey data missing!
07-04 12:17:45.676 I/WifiStateMachine(  582): fetchRssiAndLinkSpeedNative, newRssi:-38, newLinkSpeed:65, SSID:"OPPO-SZ"
07-04 12:17:45.676 D/WifiNative-wlan0(  582): doString: PKTCNT_POLL
07-04 12:17:45.676 D/WifiCommon(  582): [wlan0] SET "PKTCNT_POLL"
07-04 12:17:45.676 D/wpa_supplicant( 2342): RX ctrl_iface - hexdump(len=11): 50 4b 54 43 4e 54 5f 50 4f 4c 4c
07-04 12:17:45.676 D/wpa_supplicant( 2342): wlan0: Control interface command 'PKTCNT_POLL'
07-04 12:17:45.677 D/WifiStateMachine(  582): pktcntPoll:TXGOOD=251
07-04 12:17:45.677 D/WifiStateMachine(  582): TXBAD=5
07-04 12:17:45.677 D/WifiStateMachine(  582): RXGOOD=0
07-04 12:17:45.677 D/StateMachine(  582): handleMessage: X
07-04 12:17:45.677 D/WifiWatchdogStateMachine(  582): Fetch RSSI succeed, rssi=-38 mrssi=-38 txbad=5 txgood=251
07-04 12:17:45.677 D/WifiWatchdogStateMachine(  582): Incremental loss=0/10 Current loss=0% volume=7.2
07-04 12:17:45.689 V/WallpaperService( 2346): Delivering touch event: MotionEvent { action=ACTION_MOVE, id[0]=0, x[0]=296.58807, y[0]=70.94457, toolType[0]=TOOL_TYPE_FINGER, buttonState=0, metaState=0, flags=0x1, edgeFlags=0x0, pointerCount=1, historySize=0, eventTime=304861, downTime=302931, deviceId=3, source=0x1002 }
07-04 12:17:45.700 D/dalvikvm( 4377): GC_CONCURRENT freed 454K, 6% free 8734K/9220K, paused 1ms+2ms, total 15ms
07-04 12:17:45.703 V/WallpaperService( 2346): Delivering touch event: MotionEvent { action=ACTION_MOVE, id[0]=0, x[0]=296.58807, y[0]=70.94457, toolType[0]=TOOL_TYPE_FINGER, buttonState=0, metaState=0, flags=0x1, edgeFlags=0x0, pointerCount=1, historySize=0, eventTime=304875, downTime=302931, deviceId=3, source=0x1002 }
07-04 12:17:45.717 V/WallpaperService( 2346): Delivering touch event: MotionEvent { action=ACTION_MOVE, id[0]=0, x[0]=296.58807, y[0]=70.94457, toolType[0]=TOOL_TYPE_FINGER, buttonState=0, metaState=0, flags=0x1, edgeFlags=0x0, pointerCount=1, historySize=0, eventTime=304889, downTime=302931, deviceId=3, source=0x1002 }
07-04 12:17:45.731 V/WallpaperService( 2346): Delivering touch event: MotionEvent { action=ACTION_MOVE, id[0]=0, x[0]=296.58807, y[0]=70.94457, toolType[0]=TOOL_TYPE_FINGER, buttonState=0, metaState=0, flags=0x1, edgeFlags=0x0, pointerCount=1, historySize=0, eventTime=304903, downTime=302931, deviceId=3, source=0x1002 }
