07-04 12:17:46.373 D/dalvikvm( 4480): threadid=5 (ReferenceQueueDaemon): calling run()
07-04 12:17:46.376 V/Provider/Settings( 4445): invalidate [system]: current 6 != cached 0
07-04 12:17:46.376 D/dalvikvm( 4480): threadid=6: interp stack at 0x5d7cf000
07-04 12:17:46.376 D/dalvikvm( 4480): threadid=6: created from interp
07-04 12:17:46.376 D/dalvikvm( 4480): start new thread
07-04 12:17:46.376 D/SettingsProvider(  582): call request for 0
07-04 12:17:46.376 V/SettingsProvider(  582): call(system:max_downloads) for 0
07-04 12:17:46.376 D/dalvikvm( 4480): create interp thread : stack size=32KB
07-04 12:17:46.376 D/dalvikvm( 4480): create new thread
07-04 12:17:46.376 D/dalvikvm( 4480): new thread created
07-04 12:17:46.376 D/dalvikvm( 4480): update thread list
07-04 12:17:46.376 D/dalvikvm( 4480): threadid=6: notify debugger
07-04 12:17:46.376 D/dalvikvm( 4480): threadid=6 (FinalizerDaemon): calling run()
07-04 12:17:46.376 D/dalvikvm( 4480): threadid=7: interp stack at 0x5d8d7000
07-04 12:17:46.376 D/dalvikvm( 4480): threadid=7: created from interp
07-04 12:17:46.376 D/dalvikvm( 4480): start new thread
07-04 12:17:46.377 D/SettingsProvider(  582): lookupValue table system cache contains Key max_downloads , value = Bundle[{value=null}]
07-04 12:17:46.381 D/dalvikvm( 4480): open_cached_dex_file : /data/data/com.lbe.security.miui/app_hips/client.jar /data/dalvik-cache/data@data@com.lbe.security.miui@app_hips@client.jar@classes.dex
07-04 12:17:46.382 D/dalvikvm( 4480): Trying to load lib /data/data/com.lbe.security.miui/app_hips/liblbeclient.so 0x421e5378
07-04 12:17:46.383 D/dalvikvm( 4480): Added shared lib /data/data/com.lbe.security.miui/app_hips/liblbeclient.so 0x421e5378
07-04 12:17:46.387 V/Provider/Settings( 4445): from db cache, name = max_downloads , value = null
07-04 12:17:46.387 D/dalvikvm( 4480): threadid=7: notify debugger
07-04 12:17:46.387 D/dalvikvm( 4480): threadid=7 (FinalizerWatchdogDaemon): calling run()
07-04 12:17:46.387 D/SettingsProvider(  582): call request for 0
07-04 12:17:46.387 V/SettingsProvider(  582): call(system:max_downloads_per_domain) for 0
07-04 12:17:46.387 D/SettingsProvider(  582): lookupValue table system cache contains Key max_downloads_per_domain , value = Bundle[{value=null}]
07-04 12:17:46.389 D/dalvikvm(  130): GC_EXPLICIT freed 41K, 1% free 8340K/8412K, paused 1ms+2ms, total 20ms
07-04 12:17:46.391 V/Provider/Settings( 4445): from db cache, name = max_downloads_per_domain , value = null
07-04 12:17:46.391 D/dalvikvm( 4455): GC_FOR_ALLOC freed 280K, 7% free 8513K/9092K, paused 11ms, total 11ms
07-04 12:17:46.396 D/dalvikvm( 4445): create interp thread : stack size=32KB
07-04 12:17:46.396 D/dalvikvm( 4445): create new thread
07-04 12:17:46.396 D/dalvikvm( 4445): new thread created
07-04 12:17:46.396 D/dalvikvm( 4445): update thread list
07-04 12:17:46.396 D/dalvikvm( 4445): threadid=10: interp stack at 0x5df63000
07-04 12:17:46.396 D/dalvikvm( 4445): threadid=10: created from interp
07-04 12:17:46.396 D/dalvikvm( 4445): start new thread
07-04 12:17:46.396 D/dalvikvm( 4445): threadid=10: notify debugger
07-04 12:17:46.396 D/dalvikvm( 4445): threadid=10 (SharedPreferencesImpl-load): calling run()
07-04 12:17:46.397 D/dalvikvm( 4480): threadid=8: interp stack at 0x5dd28000
07-04 12:17:46.398 D/dalvikvm( 4445): create interp thread : stack size=32KB
07-04 12:17:46.398 D/dalvikvm( 4480): threadid=9: interp stack at 0x5de30000
07-04 12:17:46.398 D/dalvikvm( 4445): create new thread
07-04 12:17:46.398 D/dalvikvm( 4445): new thread created
07-04 12:17:46.398 D/dalvikvm( 4445): update thread list
07-04 12:17:46.398 D/dalvikvm( 4445): threadid=10: exiting
07-04 12:17:46.398 D/dalvikvm( 4445): threadid=10: bye!
07-04 12:17:46.398 D/dalvikvm( 4445): threadid=10: interp stack at 0x5df6b000
07-04 12:17:46.399 D/dalvikvm( 4445): threadid=10: created from interp
07-04 12:17:46.399 D/dalvikvm( 4445): start new thread
07-04 12:17:46.400 V/MediaScannerReceiver( 4445): android.intent.action.MEDIA_UNMOUNTED:/storage/sdcard1
07-04 12:17:46.400 D/dalvikvm( 4445): threadid=10: notify debugger
07-04 12:17:46.400 D/dalvikvm( 4445): threadid=10 (Download Service): calling run()
07-04 12:17:46.403 D/MobileDataStateTracker(  582): default: getNetworkInfo: updated IsAvailable=false
07-04 12:17:46.404 D/TelephonyManager( 4455): getDefaultSim is no sim
07-04 12:17:46.406 I/BluetoothReceiver( 2541): [MMI][BluetoothReceiver.onReceive][BluetoothReceiver receive action:android.intent.action.MEDIA_UNMOUNTED]
07-04 12:17:46.406 D/MobileDataStateTracker(  582): default: getNetworkInfo: updated IsAvailable=false
07-04 12:17:46.407 D/MobileDataStateTracker(  582): mms: getNetworkInfo: updated IsAvailable=false
07-04 12:17:46.408 D/MobileDataStateTracker(  582): mms: getNetworkInfo: updated IsAvailable=false
07-04 12:17:46.408 D/BluetoothReceiver( 2541): [MMI][BluetoothReceiver.onReceive][BluetoothReceiver: del un-mounting path[/storage/sdcard1] for android.intent.action.MEDIA_UNMOUNTED]
07-04 12:17:46.409 D/dalvikvm(  130): GC_EXPLICIT freed <1K, 1% free 8340K/8412K, paused 2ms+1ms, total 20ms
07-04 12:17:46.411 D/MobileDataStateTracker(  582): supl: getNetworkInfo: updated IsAvailable=false
07-04 12:17:46.412 D/MobileDataStateTracker(  582): supl: getNetworkInfo: updated IsAvailable=false
07-04 12:17:46.413 D/MobileDataStateTracker(  582): dun: getNetworkInfo: updated IsAvailable=false
07-04 12:17:46.421 D/MobileDataStateTracker(  582): dun: getNetworkInfo: updated IsAvailable=false
07-04 12:17:46.421 D/MobileDataStateTracker(  582): hipri: getNetworkInfo: updated IsAvailable=false
07-04 12:17:46.422 V/ActivityManager(  582): Binding process pid 4480 to record ProcessRecord{4321c480 4480:com.miui.notes/u0a10042}
07-04 12:17:46.422 V/ActivityManager(  582): New death recipient com.android.server.am.ActivityManagerService$AppDeathRecipient@43356cb0 for thread android.os.BinderProxy@42be0e68
07-04 12:17:46.422 V/ActivityManager(  582): New app record ProcessRecord{4321c480 4480:com.miui.notes/u0a10042} thread=android.os.BinderProxy@42be0e68 pid=4480
07-04 12:17:46.423 D/MobileDataStateTracker(  582): hipri: getNetworkInfo: updated IsAvailable=false
07-04 12:17:46.426 D/MobileDataStateTracker(  582): fota: getNetworkInfo: updated IsAvailable=false
07-04 12:17:46.427 D/MobileDataStateTracker(  582): fota: getNetworkInfo: updated IsAvailable=false
07-04 12:17:46.427 D/dalvikvm(  130): GC_EXPLICIT freed <1K, 1% free 8340K/8412K, paused 2ms+2ms, total 18ms
07-04 12:17:46.428 D/MobileDataStateTracker(  582): ims: getNetworkInfo: updated IsAvailable=false
07-04 12:17:46.428 D/MobileDataStateTracker(  582): ims: getNetworkInfo: updated IsAvailable=false
07-04 12:17:46.429 D/MobileDataStateTracker(  582): cbs: getNetworkInfo: updated IsAvailable=false
07-04 12:17:46.430 D/MobileDataStateTracker(  582): cbs: getNetworkInfo: updated IsAvailable=false
07-04 12:17:46.430 D/MobileDataStateTracker(  582): dm: getNetworkInfo: updated IsAvailable=false
07-04 12:17:46.431 D/MobileDataStateTracker(  582): dm: getNetworkInfo: updated IsAvailable=false
07-04 12:17:46.431 D/MobileDataStateTracker(  582): wap: getNetworkInfo: updated IsAvailable=false
07-04 12:17:46.433 D/MobileDataStateTracker(  582): wap: getNetworkInfo: updated IsAvailable=false
07-04 12:17:46.434 D/MobileDataStateTracker(  582): net: getNetworkInfo: updated IsAvailable=false
07-04 12:17:46.434 D/MobileDataStateTracker(  582): net: getNetworkInfo: updated IsAvailable=false
07-04 12:17:46.435 D/MobileDataStateTracker(  582): cmmail: getNetworkInfo: updated IsAvailable=false
07-04 12:17:46.436 D/MobileDataStateTracker(  582): cmmail: getNetworkInfo: updated IsAvailable=false
07-04 12:17:46.438 D/MobileDataStateTracker(  582): rcse: getNetworkInfo: updated IsAvailable=false
07-04 12:17:46.438 D/MobileDataStateTracker(  582): rcse: getNetworkInfo: updated IsAvailable=false
07-04 12:17:46.439 D/ConnectivityService(  582): getActiveNetworkInfo:NetworkInfo: type: WIFI[], state: CONNECTED/CONNECTED, reason: (unspecified), extra: "OPPO-SZ", roaming: false, failover: false, isAvailable: true, simId: 0/10005
07-04 12:17:46.441 D/ConnectivityService(  582): getActiveNetworkInfo:NetworkInfo: type: WIFI[], state: CONNECTED/CONNECTED, reason: (unspecified), extra: "OPPO-SZ", roaming: false, failover: false, isAvailable: true, simId: 0/10005
07-04 12:17:46.442 D/ConnectivityService(  582): getActiveNetworkInfo:NetworkInfo: type: WIFI[], state: CONNECTED/CONNECTED, reason: (unspecified), extra: "OPPO-SZ", roaming: false, failover: false, isAvailable: true, simId: 0/10005
07-04 12:17:46.443 D/ads-notify-fd5dfce4( 4455): logSender: com.xiaomi.miui.pushads.sdk.a.c@421dd6a0
07-04 12:17:46.445 D/ads-notify-fd5dfce4( 4455): com.android.browser--->init channel
07-04 12:17:46.446 D/dalvikvm( 4455): create interp thread : stack size=32KB
07-04 12:17:46.446 D/dalvikvm( 4455): create new thread
07-04 12:17:46.446 D/dalvikvm( 4455): new thread created
07-04 12:17:46.446 D/dalvikvm( 4455): update thread list
07-04 12:17:46.446 D/dalvikvm( 4455): threadid=14: interp stack at 0x5e174000
07-04 12:17:46.446 D/dalvikvm( 4455): threadid=14: created from interp
07-04 12:17:46.446 D/dalvikvm( 4455): start new thread
07-04 12:17:46.447 D/dalvikvm( 4455): threadid=14: notify debugger
07-04 12:17:46.447 D/dalvikvm( 4455): threadid=14 (SharedPreferencesImpl-load): calling run()
07-04 12:17:46.448 D/dalvikvm( 4455): threadid=14: exiting
07-04 12:17:46.448 D/dalvikvm( 4455): threadid=14: bye!
07-04 12:17:46.450 D/SettingsProvider(  582): call request for 0
07-04 12:17:46.450 V/SettingsProvider(  582): call(secure:android_id) for 0
07-04 12:17:46.450 D/SettingsProvider(  582): lookupValue table secure cache contains Key android_id , value = Bundle[{value=167d2b6d664f77ee}]
07-04 12:17:46.451 V/Provider/Settings( 4455): from db cache, name = android_id , value = 167d2b6d664f77ee
07-04 12:17:46.452 D/ads-notify-fd5dfce4( 4455): com.android.browser--->cahnel OK
07-04 12:17:46.454 D/MobileDataStateTracker(  582): default: getNetworkInfo: updated IsAvailable=false
07-04 12:17:46.455 D/MobileDataStateTracker(  582): default: getNetworkInfo: updated IsAvailable=false
07-04 12:17:46.456 D/dalvikvm( 4445): create interp thread : stack size=32KB
07-04 12:17:46.456 D/dalvikvm( 4445): create new thread
07-04 12:17:46.456 D/dalvikvm( 4445): new thread created
07-04 12:17:46.456 D/dalvikvm( 4445): update thread list
07-04 12:17:46.456 D/dalvikvm( 4006): GC_CONCURRENT freed 352K, 5% free 8803K/9184K, paused 3ms+3ms, total 28ms
07-04 12:17:46.457 D/dalvikvm( 4445): threadid=12: interp stack at 0x5df80000
07-04 12:17:46.458 D/dalvikvm( 4445): threadid=12: created from interp
07-04 12:17:46.458 D/dalvikvm( 4445): start new thread
07-04 12:17:46.460 D/MobileDataStateTracker(  582): mms: getNetworkInfo: updated IsAvailable=false
07-04 12:17:46.460 D/dalvikvm( 4445): threadid=12: notify debugger
07-04 12:17:46.461 D/MobileDataStateTracker(  582): mms: getNetworkInfo: updated IsAvailable=false
07-04 12:17:46.463 D/MobileDataStateTracker(  582): supl: getNetworkInfo: updated IsAvailable=false
07-04 12:17:46.463 D/dalvikvm( 4445): threadid=12 (MessageHandleThread): calling run()
07-04 12:17:46.464 D/MobileDataStateTracker(  582): supl: getNetworkInfo: updated IsAvailable=false
07-04 12:17:46.464 V/xiaomi  ( 4445): receive an intent from server, action=com.xiaomi.mipush.RECEIVE_MESSAGE
07-04 12:17:46.467 D/MobileDataStateTracker(  582): dun: getNetworkInfo: updated IsAvailable=false
07-04 12:17:46.470 D/MobileDataStateTracker(  582): dun: getNetworkInfo: updated IsAvailable=false
07-04 12:17:46.471 D/MobileDataStateTracker(  582): hipri: getNetworkInfo: updated IsAvailable=false
07-04 12:17:46.472 D/AlertReceiver( 4305): onReceive: a=android.intent.action.PROVIDER_CHANGED Intent { act=android.intent.action.PROVIDER_CHANGED dat=content://com.android.calendar flg=0x10 cmp=com.android.calendar/.alerts.AlertReceiver }
07-04 12:17:46.473 D/dalvikvm( 4480): GC_CONCURRENT freed 346K, 5% free 8419K/8796K, paused 2ms+1ms, total 15ms
07-04 12:17:46.473 D/MobileDataStateTracker(  582): hipri: getNetworkInfo: updated IsAvailable=false
07-04 12:17:46.474 D/PowerManagerDisplayController(  582): requestPowerState: screenState=2, useProximitySensor=false, forceProximitySensorEnable=false, forceWakeUpEnable=false, screenBrightness=60, screenAutoBrightnessAdjustment=-0.6255319, useAutoBrightness=true, useEcoBrightness=false, blockScreenOn=false, waitForNegativeProximity=false
07-04 12:17:46.474 I/PowerManagerService(  582): setBrightness mButtonLight, screenBrightness=60
07-04 12:17:46.475 D/MobileDataStateTracker(  582): fota: getNetworkInfo: updated IsAvailable=false
07-04 12:17:46.476 V/xiaomi  ( 4445): processing a message, action=Command
07-04 12:17:46.477 D/MobileDataStateTracker(  582): fota: getNetworkInfo: updated IsAvailable=false
07-04 12:17:46.478 D/MobileDataStateTracker(  582): ims: getNetworkInfo: updated IsAvailable=false
07-04 12:17:46.479 D/MobileDataStateTracker(  582): ims: getNetworkInfo: updated IsAvailable=false
07-04 12:17:46.479 D/MobileDataStateTracker(  582): cbs: getNetworkInfo: updated IsAvailable=false
07-04 12:17:46.480 D/MobileDataStateTracker(  582): cbs: getNetworkInfo: updated IsAvailable=false
07-04 12:17:46.480 D/dalvikvm( 4305): create interp thread : stack size=32KB
07-04 12:17:46.480 D/dalvikvm( 4305): create new thread
07-04 12:17:46.481 D/dalvikvm( 4305): new thread created
07-04 12:17:46.481 D/dalvikvm( 4305): update thread list
07-04 12:17:46.481 D/dalvikvm( 4305): threadid=16: interp stack at 0x5e6ff000
07-04 12:17:46.481 D/dalvikvm( 4305): threadid=16: created from interp
07-04 12:17:46.481 D/dalvikvm( 4305): start new thread
07-04 12:17:46.481 D/dalvikvm( 4305): threadid=16: notify debugger
07-04 12:17:46.481 D/dalvikvm( 4305): threadid=16 (AlertService): calling run()
07-04 12:17:46.481 D/MobileDataStateTracker(  582): dm: getNetworkInfo: updated IsAvailable=false
07-04 12:17:46.482 D/MobileDataStateTracker(  582): dm: getNetworkInfo: updated IsAvailable=false
07-04 12:17:46.483 D/MobileDataStateTracker(  582): wap: getNetworkInfo: updated IsAvailable=false
07-04 12:17:46.484 D/MobileDataStateTracker(  582): wap: getNetworkInfo: updated IsAvailable=false
07-04 12:17:46.485 D/MobileDataStateTracker(  582): net: getNetworkInfo: updated IsAvailable=false
07-04 12:17:46.485 D/MobileDataStateTracker(  582): net: getNetworkInfo: updated IsAvailable=false
07-04 12:17:46.486 D/MobileDataStateTracker(  582): cmmail: getNetworkInfo: updated IsAvailable=false
07-04 12:17:46.486 D/MobileDataStateTracker(  582): cmmail: getNetworkInfo: updated IsAvailable=false
07-04 12:17:46.487 D/MobileDataStateTracker(  582): rcse: getNetworkInfo: updated IsAvailable=false
07-04 12:17:46.487 D/MobileDataStateTracker(  582): rcse: getNetworkInfo: updated IsAvailable=false
07-04 12:17:46.488 D/ConnectivityService(  582): getActiveNetworkInfo:NetworkInfo: type: WIFI[], state: CONNECTED/CONNECTED, reason: (unspecified), extra: "OPPO-SZ", roaming: false, failover: false, isAvailable: true, simId: 0/10005
07-04 12:17:46.491 I/System.out( 4398): httpget:http://push.wandoujia.com/v5/directory
07-04 12:17:46.492 D/dalvikvm( 4305): create interp thread : stack size=32KB
07-04 12:17:46.492 D/dalvikvm( 4305): create new thread
07-04 12:17:46.492 D/dalvikvm( 4305): new thread created
07-04 12:17:46.492 D/dalvikvm( 4305): update thread list
07-04 12:17:46.493 I/System.out( 4398): http://push.wandoujia.com/v5/directory
07-04 12:17:46.497 D/AlertService( 4305): 0 Action = android.intent.action.PROVIDER_CHANGED
07-04 12:17:46.497 D/AlertService( 4305): Beginning updateAlertNotification
07-04 12:17:46.499 D/dalvikvm( 4305): threadid=17: interp stack at 0x5e807000
07-04 12:17:46.499 D/dalvikvm( 4305): threadid=17: created from interp
07-04 12:17:46.499 D/dalvikvm( 4305): start new thread
07-04 12:17:46.499 D/dalvikvm( 4305): threadid=17: notify debugger
07-04 12:17:46.499 D/dalvikvm( 4305): threadid=17 (pool-3-thread-1): calling run()
07-04 12:17:46.502 D/dalvikvm( 4455): GC_FOR_ALLOC freed 332K, 7% free 8535K/9092K, paused 12ms, total 12ms
07-04 12:17:46.503 D/dalvikvm( 4305): create interp thread : stack size=32KB
07-04 12:17:46.503 D/dalvikvm( 4305): create new thread
07-04 12:17:46.503 D/dalvikvm( 4305): new thread created
07-04 12:17:46.503 D/dalvikvm( 4305): update thread list
07-04 12:17:46.504 D/dalvikvm( 2464): GC_CONCURRENT freed 442K, 6% free 9209K/9720K, paused 2ms+2ms, total 33ms
07-04 12:17:46.504 D/dalvikvm( 4305): threadid=18: interp stack at 0x5e90f000
07-04 12:17:46.504 D/dalvikvm( 4305): threadid=18: created from interp
07-04 12:17:46.504 D/dalvikvm( 4305): start new thread
07-04 12:17:46.508 D/dalvikvm( 4305): threadid=18: notify debugger
07-04 12:17:46.508 D/dalvikvm( 4305): threadid=18 (AsyncTask #3): calling run()
07-04 12:17:46.515 D/PowerManagerDisplayController(  582): requestPowerState: screenState=2, useProximitySensor=false, forceProximitySensorEnable=false, forceWakeUpEnable=false, screenBrightness=60, screenAutoBrightnessAdjustment=-0.6255319, useAutoBrightness=true, useEcoBrightness=false, blockScreenOn=false, waitForNegativeProximity=false
07-04 12:17:46.515 I/PowerManagerService(  582): setBrightness mButtonLight, screenBrightness=60
07-04 12:17:46.519 D/dalvikvm( 3648): create interp thread : stack size=32KB
07-04 12:17:46.519 D/dalvikvm( 3648): create new thread
07-04 12:17:46.519 D/dalvikvm( 3648): new thread created
07-04 12:17:46.519 D/dalvikvm( 3648): update thread list
07-04 12:17:46.519 D/dalvikvm( 4455): GC_FOR_ALLOC freed 268K, 7% free 8532K/9092K, paused 10ms, total 10ms
07-04 12:17:46.520 D/ActivityThread(  582): BDC-Calling onReceive: intent=Intent { act=android.intent.action.ANY_DATA_STATE_MOBILE flg=0x10 (has extras) }, ordered=true, receiver=android.net.MobileDataStateTracker$MobileDataStateReceiver@4278b918, IIntentReceiver=42702508
07-04 12:17:46.520 D/MobileDataStateTracker(  582): default: Intent from SIM 0, current SIM 0, current DataState DISCONNECTED
07-04 12:17:46.521 D/ActivityThread(  582): BDC-Calling finishReceiver: IIntentReceiver=42702508
07-04 12:17:46.522 D/TelephonyRegistry(  582): Received ACTION_ANY_DATA_CONNECTION_STATE_CHANGED_MOBILE
07-04 12:17:46.523 W/ApplicationContext(  582): Calling a method in the system process without a qualified user: android.app.ContextImpl.sendStickyBroadcast:1278 com.android.server.TelephonyRegistry$3.onReceive:910 android.app.LoadedApk$ReceiverDispatcher$Args.run:791 
07-04 12:17:46.523 V/ActivityManager(  582): Broadcast sticky: Intent { act=android.intent.action.ANY_DATA_STATE flg=0x10 (has extras) } ordered=false userid=0
07-04 12:17:46.524 D/ActivityThread(  582): BDC-Calling onReceive: intent=Intent { act=android.intent.action.ANY_DATA_STATE_MOBILE flg=0x10 (has extras) }, ordered=true, receiver=android.net.MobileDataStateTracker$MobileDataStateReceiver@4278b918, IIntentReceiver=42702508
07-04 12:17:46.524 D/MobileDataStateTracker(  582): dm: Intent from SIM 0, current SIM 0, current DataState DISCONNECTED
07-04 12:17:46.524 D/ExtensionManager( 2464): PhoneGlobalsBroadcastReceiverExtension()
07-04 12:17:46.524 D/PhonePluginExtensionContainer( 2464): getPhoneGlobalsBroadcastReceiverExtension()
07-04 12:17:46.525 D/PhoneGlobalsBroadcastReceiverExtensionContainer( 2464): onReceive(), sub extension list is null, just return
07-04 12:17:46.525 D/PhoneGlobals( 2464): PhoneGlobalsBroadcastReceiver -----action=android.intent.action.ANY_DATA_STATE
07-04 12:17:46.525 D/PhoneGlobals( 2464): mReceiver: ACTION_ANY_DATA_CONNECTION_STATE_CHANGED state:DISCONNECTED reason:dataDetached
07-04 12:17:46.525 D/NotificationMgr( 2464): hideDataDisconnectedRoaming()...
07-04 12:17:46.525 D/ActivityThread(  582): BDC-Calling finishReceiver: IIntentReceiver=42702508
07-04 12:17:46.527 D/TelephonyRegistry(  582): Received ACTION_ANY_DATA_CONNECTION_STATE_CHANGED_MOBILE
07-04 12:17:46.527 W/ApplicationContext(  582): Calling a method in the system process without a qualified user: android.app.ContextImpl.sendStickyBroadcast:1278 com.android.server.TelephonyRegistry$3.onReceive:910 android.app.LoadedApk$ReceiverDispatcher$Args.run:791 
07-04 12:17:46.527 V/ActivityManager(  582): Broadcast sticky: Intent { act=android.intent.action.ANY_DATA_STATE flg=0x10 (has extras) } ordered=false userid=0
07-04 12:17:46.528 D/ActivityThread(  582): BDC-Calling onReceive: intent=Intent { act=android.intent.action.ANY_DATA_STATE_MOBILE flg=0x10 (has extras) }, ordered=true, receiver=android.net.MobileDataStateTracker$MobileDataStateReceiver@4278b918, IIntentReceiver=42702508
07-04 12:17:46.528 D/MobileDataStateTracker(  582): wap: Intent from SIM 0, current SIM 0, current DataState DISCONNECTED
07-04 12:17:46.528 D/ExtensionManager( 2464): PhoneGlobalsBroadcastReceiverExtension()
07-04 12:17:46.528 D/PhonePluginExtensionContainer( 2464): getPhoneGlobalsBroadcastReceiverExtension()
07-04 12:17:46.528 D/PhoneGlobalsBroadcastReceiverExtensionContainer( 2464): onReceive(), sub extension list is null, just return
07-04 12:17:46.528 D/PhoneGlobals( 2464): PhoneGlobalsBroadcastReceiver -----action=android.intent.action.ANY_DATA_STATE
07-04 12:17:46.529 D/PhoneGlobals( 2464): mReceiver: ACTION_ANY_DATA_CONNECTION_STATE_CHANGED state:DISCONNECTED reason:dataDetached
07-04 12:17:46.529 D/NotificationMgr( 2464): hideDataDisconnectedRoaming()...
07-04 12:17:46.529 D/ActivityThread(  582): BDC-Calling finishReceiver: IIntentReceiver=42702508
07-04 12:17:46.530 D/dalvikvm( 3648): threadid=13: interp stack at 0x5e4b7000
07-04 12:17:46.530 D/dalvikvm( 3648): threadid=13: created from interp
07-04 12:17:46.530 D/dalvikvm( 3648): start new thread
07-04 12:17:46.530 D/dalvikvm( 3648): threadid=13: notify debugger
07-04 12:17:46.530 D/dalvikvm( 3648): threadid=13 (SmsReceiverService): calling run()
07-04 12:17:46.530 D/TelephonyRegistry(  582): Received ACTION_ANY_DATA_CONNECTION_STATE_CHANGED_MOBILE
07-04 12:17:46.531 W/ApplicationContext(  582): Calling a method in the system process without a qualified user: android.app.ContextImpl.sendStickyBroadcast:1278 com.android.server.TelephonyRegistry$3.onReceive:910 android.app.LoadedApk$ReceiverDispatcher$Args.run:791 
07-04 12:17:46.531 V/ActivityManager(  582): Broadcast sticky: Intent { act=android.intent.action.ANY_DATA_STATE flg=0x10 (has extras) } ordered=false userid=0
07-04 12:17:46.532 D/ActivityThread(  582): BDC-Calling onReceive: intent=Intent { act=android.intent.action.ANY_DATA_STATE_MOBILE flg=0x10 (has extras) }, ordered=true, receiver=android.net.MobileDataStateTracker$MobileDataStateReceiver@4278b918, IIntentReceiver=42702508
07-04 12:17:46.532 D/MobileDataStateTracker(  582): cmmail: Intent from SIM 0, current SIM 0, current DataState DISCONNECTED
07-04 12:17:46.532 D/ConnectivityService(  582): getActiveNetworkInfo:NetworkInfo: type: WIFI[], state: CONNECTED/CONNECTED, reason: (unspecified), extra: "OPPO-SZ", roaming: false, failover: false, isAvailable: true, simId: 0/10005
07-04 12:17:46.533 D/ExtensionManager( 2464): PhoneGlobalsBroadcastReceiverExtension()
07-04 12:17:46.533 D/PhonePluginExtensionContainer( 2464): getPhoneGlobalsBroadcastReceiverExtension()
07-04 12:17:46.533 D/PhoneGlobalsBroadcastReceiverExtensionContainer( 2464): onReceive(), sub extension list is null, just return
07-04 12:17:46.533 D/PhoneGlobals( 2464): PhoneGlobalsBroadcastReceiver -----action=android.intent.action.ANY_DATA_STATE
07-04 12:17:46.533 D/PhoneGlobals( 2464): mReceiver: ACTION_ANY_DATA_CONNECTION_STATE_CHANGED state:DISCONNECTED reason:dataDetached
07-04 12:17:46.533 D/NotificationMgr( 2464): hideDataDisconnectedRoaming()...
07-04 12:17:46.534 V/SmsReceiverService( 3648): onStart: #1 mResultCode: -1 = Activity.RESULT_OK
07-04 12:17:46.534 D/ActivityThread(  582): BDC-Calling finishReceiver: IIntentReceiver=42702508
07-04 12:17:46.536 V/Mms     ( 3648): [1] MmsSystemEventReceiver.java(167): Intent received: Intent { act=android.intent.action.ANY_DATA_STATE flg=0x10 (has extras) }
07-04 12:17:46.536 V/Mms     ( 3648): [1] MmsSystemEventReceiver.java(167): Intent received: Intent { act=android.intent.action.ANY_DATA_STATE flg=0x10 (has extras) }
07-04 12:17:46.536 D/ConnectivityService(  582): getActiveNetworkInfo:NetworkInfo: type: WIFI[], state: CONNECTED/CONNECTED, reason: (unspecified), extra: "OPPO-SZ", roaming: false, failover: false, isAvailable: true, simId: 0/10005
07-04 12:17:46.537 V/Mms     ( 3648): [1] MmsSystemEventReceiver.java(167): Intent received: Intent { act=android.intent.action.ANY_DATA_STATE flg=0x10 (has extras) }
07-04 12:17:46.538 D/ConnectivityService(  582): getActiveNetworkInfo:NetworkInfo: type: WIFI[], state: CONNECTED/CONNECTED, reason: (unspecified), extra: "OPPO-SZ", roaming: false, failover: false, isAvailable: true, simId: 0/10005
07-04 12:17:46.538 D/TelephonyRegistry(  582): Received ACTION_ANY_DATA_CONNECTION_STATE_CHANGED_MOBILE
07-04 12:17:46.539 W/ApplicationContext(  582): Calling a method in the system process without a qualified user: android.app.ContextImpl.sendStickyBroadcast:1278 com.android.server.TelephonyRegistry$3.onReceive:910 android.app.LoadedApk$ReceiverDispatcher$Args.run:791 
07-04 12:17:46.539 V/ActivityManager(  582): Broadcast sticky: Intent { act=android.intent.action.ANY_DATA_STATE flg=0x10 (has extras) } ordered=false userid=0
07-04 12:17:46.540 D/ActivityThread(  582): BDC-Calling onReceive: intent=Intent { act=android.intent.action.ANY_DATA_STATE_MOBILE flg=0x10 (has extras) }, ordered=true, receiver=android.net.MobileDataStateTracker$MobileDataStateReceiver@4278b918, IIntentReceiver=42702508
07-04 12:17:46.540 D/MobileDataStateTracker(  582): fota: Intent from SIM 0, current SIM 0, current DataState DISCONNECTED
07-04 12:17:46.541 D/ExtensionManager( 2464): PhoneGlobalsBroadcastReceiverExtension()
07-04 12:17:46.541 D/PhonePluginExtensionContainer( 2464): getPhoneGlobalsBroadcastReceiverExtension()
07-04 12:17:46.541 D/PhoneGlobalsBroadcastReceiverExtensionContainer( 2464): onReceive(), sub extension list is null, just return
07-04 12:17:46.541 D/PhoneGlobals( 2464): PhoneGlobalsBroadcastReceiver -----action=android.intent.action.ANY_DATA_STATE
07-04 12:17:46.541 D/PhoneGlobals( 2464): mReceiver: ACTION_ANY_DATA_CONNECTION_STATE_CHANGED state:DISCONNECTED reason:dataDetached
07-04 12:17:46.541 D/NotificationMgr( 2464): hideDataDisconnectedRoaming()...
07-04 12:17:46.542 D/ActivityThread(  582): BDC-Calling finishReceiver: IIntentReceiver=42702508
07-04 12:17:46.544 D/TelephonyRegistry(  582): Received ACTION_ANY_DATA_CONNECTION_STATE_CHANGED_MOBILE
07-04 12:17:46.544 W/ApplicationContext(  582): Calling a method in the system process without a qualified user: android.app.ContextImpl.sendStickyBroadcast:1278 com.android.server.TelephonyRegistry$3.onReceive:910 android.app.LoadedApk$ReceiverDispatcher$Args.run:791 
07-04 12:17:46.544 V/ActivityManager(  582): Broadcast sticky: Intent { act=android.intent.action.ANY_DATA_STATE flg=0x10 (has extras) } ordered=false userid=0
07-04 12:17:46.544 W/ResourceType( 4480): Failure getting entry for 0x7f080000 (t=7 e=0) in package 0 (error -75)
07-04 12:17:46.545 D/ActivityThread(  582): BDC-Calling onReceive: intent=Intent { act=android.intent.action.ANY_DATA_STATE_MOBILE flg=0x10 (has extras) }, ordered=true, receiver=android.net.MobileDataStateTracker$MobileDataStateReceiver@4278b918, IIntentReceiver=42702508
07-04 12:17:46.545 D/dalvikvm( 4480): create interp thread : stack size=32KB
07-04 12:17:46.545 D/MobileDataStateTracker(  582): dun: Intent from SIM 0, current SIM 0, current DataState DISCONNECTED
07-04 12:17:46.546 D/dalvikvm( 4480): create new thread
07-04 12:17:46.546 D/dalvikvm( 4480): new thread created
07-04 12:17:46.546 D/dalvikvm( 4480): update thread list
07-04 12:17:46.546 D/ExtensionManager( 2464): PhoneGlobalsBroadcastReceiverExtension()
07-04 12:17:46.546 D/PhonePluginExtensionContainer( 2464): getPhoneGlobalsBroadcastReceiverExtension()
07-04 12:17:46.546 D/PhoneGlobalsBroadcastReceiverExtensionContainer( 2464): onReceive(), sub extension list is null, just return
07-04 12:17:46.546 D/PhoneGlobals( 2464): PhoneGlobalsBroadcastReceiver -----action=android.intent.action.ANY_DATA_STATE
07-04 12:17:46.547 D/PhoneGlobals( 2464): mReceiver: ACTION_ANY_DATA_CONNECTION_STATE_CHANGED state:DISCONNECTED reason:dataDetached
07-04 12:17:46.547 D/NotificationMgr( 2464): hideDataDisconnectedRoaming()...
07-04 12:17:46.547 D/ActivityThread(  582): BDC-Calling finishReceiver: IIntentReceiver=42702508
07-04 12:17:46.548 D/IPCThreadState(  582): [DN #5] BR_CLEAR_DEATH_NOTIFICATION_DONE cookie 0x676d1068
07-04 12:17:46.548 D/TelephonyRegistry(  582): Received ACTION_ANY_DATA_CONNECTION_STATE_CHANGED_MOBILE
07-04 12:17:46.549 W/ApplicationContext(  582): Calling a method in the system process without a qualified user: android.app.ContextImpl.sendStickyBroadcast:1278 com.android.server.TelephonyRegistry$3.onReceive:910 android.app.LoadedApk$ReceiverDispatcher$Args.run:791 
07-04 12:17:46.549 V/ActivityManager(  582): Broadcast sticky: Intent { act=android.intent.action.ANY_DATA_STATE flg=0x10 (has extras) } ordered=false userid=0
07-04 12:17:46.549 D/ActivityThread(  582): BDC-Calling onReceive: intent=Intent { act=android.intent.action.ANY_DATA_STATE_MOBILE flg=0x10 (has extras) }, ordered=true, receiver=android.net.MobileDataStateTracker$MobileDataStateReceiver@4278b918, IIntentReceiver=42702508
07-04 12:17:46.549 D/MobileDataStateTracker(  582): supl: Intent from SIM 0, current SIM 0, current DataState DISCONNECTED
07-04 12:17:46.550 D/SettingsProvider(  582): call request for 0
07-04 12:17:46.550 V/SettingsProvider(  582): call(secure:privacy_mode_enabled) for 0
07-04 12:17:46.550 D/SettingsProvider(  582): lookupValue table secure cache contains Key privacy_mode_enabled , value = Bundle[{value=0}]
07-04 12:17:46.550 D/ExtensionManager( 2464): PhoneGlobalsBroadcastReceiverExtension()
07-04 12:17:46.550 D/PhonePluginExtensionContainer( 2464): getPhoneGlobalsBroadcastReceiverExtension()
07-04 12:17:46.550 D/PhoneGlobalsBroadcastReceiverExtensionContainer( 2464): onReceive(), sub extension list is null, just return
07-04 12:17:46.550 D/PhoneGlobals( 2464): PhoneGlobalsBroadcastReceiver -----action=android.intent.action.ANY_DATA_STATE
07-04 12:17:46.551 D/PhoneGlobals( 2464): mReceiver: ACTION_ANY_DATA_CONNECTION_STATE_CHANGED state:DISCONNECTED reason:dataDetached
07-04 12:17:46.551 D/NotificationMgr( 2464): hideDataDisconnectedRoaming()...
07-04 12:17:46.551 D/dalvikvm( 4480): threadid=10: interp stack at 0x5bfd5000
07-04 12:17:46.551 D/dalvikvm( 4480): threadid=10: created from interp
07-04 12:17:46.551 D/dalvikvm( 4480): start new thread
07-04 12:17:46.551 D/dalvikvm( 4480): threadid=10: notify debugger
07-04 12:17:46.551 D/dalvikvm( 4480): threadid=10 (SharedPreferencesImpl-load): calling run()
07-04 12:17:46.551 D/ActivityThread(  582): BDC-Calling finishReceiver: IIntentReceiver=42702508
07-04 12:17:46.551 V/Provider/Settings( 4480): from db cache, name = privacy_mode_enabled , value = 0
07-04 12:17:46.552 V/Mms     ( 3648): [1] MmsSystemEventReceiver.java(167): Intent received: Intent { act=android.intent.action.ANY_DATA_STATE flg=0x10 (has extras) }
07-04 12:17:46.553 D/TelephonyRegistry(  582): Received ACTION_ANY_DATA_CONNECTION_STATE_CHANGED_MOBILE
07-04 12:17:46.553 W/ApplicationContext(  582): Calling a method in the system process without a qualified user: android.app.ContextImpl.sendStickyBroadcast:1278 com.android.server.TelephonyRegistry$3.onReceive:910 android.app.LoadedApk$ReceiverDispatcher$Args.run:791 
07-04 12:17:46.553 D/dalvikvm( 4480): threadid=10: exiting
07-04 12:17:46.553 D/dalvikvm( 4480): threadid=10: bye!
07-04 12:17:46.553 V/ActivityManager(  582): Broadcast sticky: Intent { act=android.intent.action.ANY_DATA_STATE flg=0x10 (has extras) } ordered=false userid=0
07-04 12:17:46.554 D/ActivityThread(  582): BDC-Calling onReceive: intent=Intent { act=android.intent.action.ANY_DATA_STATE_MOBILE flg=0x10 (has extras) }, ordered=true, receiver=android.net.MobileDataStateTracker$MobileDataStateReceiver@4278b918, IIntentReceiver=42702508
07-04 12:17:46.554 D/MobileDataStateTracker(  582): hipri: Intent from SIM 0, current SIM 0, current DataState DISCONNECTED
07-04 12:17:46.554 D/dalvikvm( 4480): create interp thread : stack size=32KB
07-04 12:17:46.554 D/dalvikvm( 4480): create new thread
07-04 12:17:46.555 D/dalvikvm( 4480): new thread created
07-04 12:17:46.555 D/dalvikvm( 4480): update thread list
07-04 12:17:46.555 D/ActivityThread(  582): BDC-Calling finishReceiver: IIntentReceiver=42702508
07-04 12:17:46.555 D/dalvikvm( 4480): threadid=10: interp stack at 0x5bfd5000
07-04 12:17:46.555 D/dalvikvm( 4480): threadid=10: created from interp
07-04 12:17:46.555 D/dalvikvm( 4480): start new thread
07-04 12:17:46.556 D/dalvikvm( 4480): threadid=10: notify debugger
07-04 12:17:46.556 D/dalvikvm( 4480): threadid=10 (AsyncTask #1): calling run()
07-04 12:17:46.556 D/ExtensionManager( 2464): PhoneGlobalsBroadcastReceiverExtension()
07-04 12:17:46.556 D/PhonePluginExtensionContainer( 2464): getPhoneGlobalsBroadcastReceiverExtension()
07-04 12:17:46.556 D/PhoneGlobalsBroadcastReceiverExtensionContainer( 2464): onReceive(), sub extension list is null, just return
07-04 12:17:46.556 D/PhoneGlobals( 2464): PhoneGlobalsBroadcastReceiver -----action=android.intent.action.ANY_DATA_STATE
07-04 12:17:46.556 D/PhoneGlobals( 2464): mReceiver: ACTION_ANY_DATA_CONNECTION_STATE_CHANGED state:DISCONNECTED reason:dataDetached
07-04 12:17:46.556 D/NotificationMgr( 2464): hideDataDisconnectedRoaming()...
07-04 12:17:46.557 D/dalvikvm( 4455): GC_FOR_ALLOC freed 280K, 7% free 8531K/9092K, paused 17ms, total 17ms
07-04 12:17:46.558 D/TelephonyRegistry(  582): Received ACTION_ANY_DATA_CONNECTION_STATE_CHANGED_MOBILE
07-04 12:17:46.558 W/ApplicationContext(  582): Calling a method in the system process without a qualified user: android.app.ContextImpl.sendStickyBroadcast:1278 com.android.server.TelephonyRegistry$3.onReceive:910 android.app.LoadedApk$ReceiverDispatcher$Args.run:791 
07-04 12:17:46.558 V/ActivityManager(  582): Broadcast sticky: Intent { act=android.intent.action.ANY_DATA_STATE flg=0x10 (has extras) } ordered=false userid=0
07-04 12:17:46.559 D/ActivityThread(  582): BDC-Calling onReceive: intent=Intent { act=android.intent.action.ANY_DATA_STATE_MOBILE flg=0x10 (has extras) }, ordered=true, receiver=android.net.MobileDataStateTracker$MobileDataStateReceiver@4278b918, IIntentReceiver=42702508
07-04 12:17:46.559 D/MobileDataStateTracker(  582): ims: Intent from SIM 0, current SIM 0, current DataState DISCONNECTED
07-04 12:17:46.560 V/Provider/Settings( 4480):  from settings cache , name = privacy_mode_enabled , value = 0
07-04 12:17:46.560 D/ExtensionManager( 2464): PhoneGlobalsBroadcastReceiverExtension()
07-04 12:17:46.560 D/PhonePluginExtensionContainer( 2464): getPhoneGlobalsBroadcastReceiverExtension()
07-04 12:17:46.560 D/PhoneGlobalsBroadcastReceiverExtensionContainer( 2464): onReceive(), sub extension list is null, just return
07-04 12:17:46.560 D/PhoneGlobals( 2464): PhoneGlobalsBroadcastReceiver -----action=android.intent.action.ANY_DATA_STATE
07-04 12:17:46.561 D/PhoneGlobals( 2464): mReceiver: ACTION_ANY_DATA_CONNECTION_STATE_CHANGED state:DISCONNECTED reason:dataDetached
07-04 12:17:46.561 D/NotificationMgr( 2464): hideDataDisconnectedRoaming()...
07-04 12:17:46.561 D/ActivityThread(  582): BDC-Calling finishReceiver: IIntentReceiver=42702508
07-04 12:17:46.563 D/TelephonyRegistry(  582): Received ACTION_ANY_DATA_CONNECTION_STATE_CHANGED_MOBILE
07-04 12:17:46.564 W/ApplicationContext(  582): Calling a method in the system process without a qualified user: android.app.ContextImpl.sendStickyBroadcast:1278 com.android.server.TelephonyRegistry$3.onReceive:910 android.app.LoadedApk$ReceiverDispatcher$Args.run:791 
07-04 12:17:46.564 V/ActivityManager(  582): Broadcast sticky: Intent { act=android.intent.action.ANY_DATA_STATE flg=0x10 (has extras) } ordered=false userid=0
07-04 12:17:46.564 D/ActivityThread(  582): BDC-Calling onReceive: intent=Intent { act=android.intent.action.ANY_DATA_STATE_MOBILE flg=0x10 (has extras) }, ordered=true, receiver=android.net.MobileDataStateTracker$MobileDataStateReceiver@4278b918, IIntentReceiver=42702508
07-04 12:17:46.565 D/MobileDataStateTracker(  582): mms: Intent from SIM 0, current SIM 0, current DataState DISCONNECTED
07-04 12:17:46.569 D/ExtensionManager( 2464): PhoneGlobalsBroadcastReceiverExtension()
07-04 12:17:46.569 D/PhonePluginExtensionContainer( 2464): getPhoneGlobalsBroadcastReceiverExtension()
07-04 12:17:46.569 D/PhoneGlobalsBroadcastReceiverExtensionContainer( 2464): onReceive(), sub extension list is null, just return
07-04 12:17:46.569 D/PhoneGlobals( 2464): PhoneGlobalsBroadcastReceiver -----action=android.intent.action.ANY_DATA_STATE
07-04 12:17:46.570 V/Mms     ( 3648): [1] MmsSystemEventReceiver.java(167): Intent received: Intent { act=android.intent.action.ANY_DATA_STATE flg=0x10 (has extras) }
07-04 12:17:46.570 D/PhoneGlobals( 2464): mReceiver: ACTION_ANY_DATA_CONNECTION_STATE_CHANGED state:DISCONNECTED reason:dataDetached
07-04 12:17:46.570 D/NotificationMgr( 2464): hideDataDisconnectedRoaming()...
07-04 12:17:46.571 D/ActivityThread(  582): BDC-Calling finishReceiver: IIntentReceiver=42702508
07-04 12:17:46.572 D/dalvikvm( 4480): GC_CONCURRENT freed 320K, 4% free 8498K/8848K, paused 3ms+2ms, total 16ms
07-04 12:17:46.572 D/TelephonyRegistry(  582): Received ACTION_ANY_DATA_CONNECTION_STATE_CHANGED_MOBILE
07-04 12:17:46.573 W/ApplicationContext(  582): Calling a method in the system process without a qualified user: android.app.ContextImpl.sendStickyBroadcast:1278 com.android.server.TelephonyRegistry$3.onReceive:910 android.app.LoadedApk$ReceiverDispatcher$Args.run:791 
07-04 12:17:46.573 V/ActivityManager(  582): Broadcast sticky: Intent { act=android.intent.action.ANY_DATA_STATE flg=0x10 (has extras) } ordered=false userid=0
07-04 12:17:46.574 D/ActivityThread(  582): BDC-Calling onReceive: intent=Intent { act=android.intent.action.ANY_DATA_STATE_MOBILE flg=0x10 (has extras) }, ordered=true, receiver=android.net.MobileDataStateTracker$MobileDataStateReceiver@4278b918, IIntentReceiver=42702508
07-04 12:17:46.574 D/MobileDataStateTracker(  582): net: Intent from SIM 0, current SIM 0, current DataState DISCONNECTED
07-04 12:17:46.574 D/ExtensionManager( 2464): PhoneGlobalsBroadcastReceiverExtension()
07-04 12:17:46.574 D/PhonePluginExtensionContainer( 2464): getPhoneGlobalsBroadcastReceiverExtension()
07-04 12:17:46.574 D/PhoneGlobalsBroadcastReceiverExtensionContainer( 2464): onReceive(), sub extension list is null, just return
07-04 12:17:46.574 D/PhoneGlobals( 2464): PhoneGlobalsBroadcastReceiver -----action=android.intent.action.ANY_DATA_STATE
07-04 12:17:46.574 D/PhoneGlobals( 2464): mReceiver: ACTION_ANY_DATA_CONNECTION_STATE_CHANGED state:DISCONNECTED reason:dataDetached
07-04 12:17:46.574 D/NotificationMgr( 2464): hideDataDisconnectedRoaming()...
07-04 12:17:46.575 D/ActivityThread(  582): BDC-Calling finishReceiver: IIntentReceiver=42702508
07-04 12:17:46.577 D/TelephonyRegistry(  582): Received ACTION_ANY_DATA_CONNECTION_STATE_CHANGED_MOBILE
07-04 12:17:46.577 W/ApplicationContext(  582): Calling a method in the system process without a qualified user: android.app.ContextImpl.sendStickyBroadcast:1278 com.android.server.TelephonyRegistry$3.onReceive:910 android.app.LoadedApk$ReceiverDispatcher$Args.run:791 
07-04 12:17:46.577 V/ActivityManager(  582): Broadcast sticky: Intent { act=android.intent.action.ANY_DATA_STATE flg=0x10 (has extras) } ordered=false userid=0
07-04 12:17:46.578 D/ActivityThread(  582): BDC-Calling onReceive: intent=Intent { act=android.intent.action.ANY_DATA_STATE_MOBILE flg=0x10 (has extras) }, ordered=true, receiver=android.net.MobileDataStateTracker$MobileDataStateReceiver@4278b918, IIntentReceiver=42702508
07-04 12:17:46.578 D/MobileDataStateTracker(  582): rcse: Intent from SIM 0, current SIM 0, current DataState DISCONNECTED
07-04 12:17:46.578 D/dalvikvm( 4398): create interp thread : stack size=32KB
07-04 12:17:46.578 D/ExtensionManager( 2464): PhoneGlobalsBroadcastReceiverExtension()
07-04 12:17:46.578 D/PhonePluginExtensionContainer( 2464): getPhoneGlobalsBroadcastReceiverExtension()
07-04 12:17:46.578 D/PhoneGlobalsBroadcastReceiverExtensionContainer( 2464): onReceive(), sub extension list is null, just return
07-04 12:17:46.578 D/PhoneGlobals( 2464): PhoneGlobalsBroadcastReceiver -----action=android.intent.action.ANY_DATA_STATE
07-04 12:17:46.579 D/PhoneGlobals( 2464): mReceiver: ACTION_ANY_DATA_CONNECTION_STATE_CHANGED state:DISCONNECTED reason:dataDetached
07-04 12:17:46.579 D/NotificationMgr( 2464): hideDataDisconnectedRoaming()...
07-04 12:17:46.579 D/dalvikvm( 4398): create new thread
07-04 12:17:46.579 D/ActivityThread(  582): BDC-Calling finishReceiver: IIntentReceiver=42702508
07-04 12:17:46.580 D/IPCThreadState(  582): [DN #5] BR_CLEAR_DEATH_NOTIFICATION_DONE cookie 0x652b9188
07-04 12:17:46.580 D/dalvikvm( 4480): create interp thread : stack size=32KB
07-04 12:17:46.580 D/dalvikvm( 4480): create new thread
07-04 12:17:46.580 D/dalvikvm( 4480): new thread created
07-04 12:17:46.581 D/dalvikvm( 4480): update thread list
07-04 12:17:46.581 D/dalvikvm( 4480): threadid=11: interp stack at 0x5dfa9000
07-04 12:17:46.581 D/dalvikvm( 4480): threadid=11: created from interp
07-04 12:17:46.581 D/TelephonyRegistry(  582): Received ACTION_ANY_DATA_CONNECTION_STATE_CHANGED_MOBILE
07-04 12:17:46.581 D/dalvikvm( 4445): GC_CONCURRENT freed 341K, 5% free 8599K/8968K, paused 2ms+3ms, total 66ms
07-04 12:17:46.581 D/dalvikvm( 4480): start new thread
07-04 12:17:46.582 W/ApplicationContext(  582): Calling a method in the system process without a qualified user: android.app.ContextImpl.sendStickyBroadcast:1278 com.android.server.TelephonyRegistry$3.onReceive:910 android.app.LoadedApk$ReceiverDispatcher$Args.run:791 
07-04 12:17:46.582 V/ActivityManager(  582): Broadcast sticky: Intent { act=android.intent.action.ANY_DATA_STATE flg=0x10 (has extras) } ordered=false userid=0
07-04 12:17:46.582 D/dalvikvm( 4480): threadid=11: notify debugger
07-04 12:17:46.582 D/dalvikvm( 4480): threadid=11 (AsyncTask #2): calling run()
07-04 12:17:46.582 D/ActivityThread(  582): BDC-Calling onReceive: intent=Intent { act=android.intent.action.ANY_DATA_STATE_MOBILE flg=0x10 (has extras) }, ordered=true, receiver=android.net.MobileDataStateTracker$MobileDataStateReceiver@4278b918, IIntentReceiver=42702508
07-04 12:17:46.582 D/MobileDataStateTracker(  582): cbs: Intent from SIM 0, current SIM 0, current DataState DISCONNECTED
07-04 12:17:46.582 D/AttachmentUtils( 4480): verifyAttachmentFile consume time: 0
07-04 12:17:46.583 D/ExtensionManager( 2464): PhoneGlobalsBroadcastReceiverExtension()
07-04 12:17:46.583 D/PhonePluginExtensionContainer( 2464): getPhoneGlobalsBroadcastReceiverExtension()
07-04 12:17:46.583 D/PhoneGlobalsBroadcastReceiverExtensionContainer( 2464): onReceive(), sub extension list is null, just return
07-04 12:17:46.583 D/PhoneGlobals( 2464): PhoneGlobalsBroadcastReceiver -----action=android.intent.action.ANY_DATA_STATE
07-04 12:17:46.583 D/PhoneGlobals( 2464): mReceiver: ACTION_ANY_DATA_CONNECTION_STATE_CHANGED state:DISCONNECTED reason:dataDetached
07-04 12:17:46.583 D/NotificationMgr( 2464): hideDataDisconnectedRoaming()...
07-04 12:17:46.583 D/dalvikvm( 4398): GC_CONCURRENT freed 328K, 4% free 8516K/8868K, paused 8ms+35ms, total 83ms
07-04 12:17:46.584 D/dalvikvm( 4398): new thread created
07-04 12:17:46.584 D/dalvikvm( 4398): update thread list
07-04 12:17:46.584 V/Mms     ( 3648): [1] MmsSystemEventReceiver.java(167): Intent received: Intent { act=android.intent.action.ANY_DATA_STATE flg=0x10 (has extras) }
07-04 12:17:46.585 D/dalvikvm( 4398): threadid=11: interp stack at 0x5e1fa000
07-04 12:17:46.585 D/dalvikvm( 4398): threadid=11: created from interp
07-04 12:17:46.585 D/dalvikvm( 4398): start new thread
07-04 12:17:46.585 D/dalvikvm( 4398): threadid=11: notify debugger
07-04 12:17:46.585 D/dalvikvm( 4398): threadid=11 (AsyncServer): calling run()
07-04 12:17:46.585 D/ActivityThread(  582): BDC-Calling finishReceiver: IIntentReceiver=42702508
07-04 12:17:46.586 V/Provider/Settings( 2464):  from settings cache , name = privacy_mode_enabled , value = 0
07-04 12:17:46.587 D/dalvikvm( 4398): create interp thread : stack size=32KB
07-04 12:17:46.587 D/dalvikvm( 4398): create new thread
07-04 12:17:46.587 D/dalvikvm( 4455): GC_FOR_ALLOC freed 252K, 7% free 8536K/9092K, paused 16ms, total 16ms
07-04 12:17:46.587 D/TelephonyRegistry(  582): Received ACTION_ANY_DATA_CONNECTION_STATE_CHANGED_MOBILE
07-04 12:17:46.588 D/dalvikvm( 4398): new thread created
07-04 12:17:46.588 D/dalvikvm( 4398): update thread list
07-04 12:17:46.588 W/ApplicationContext(  582): Calling a method in the system process without a qualified user: android.app.ContextImpl.sendStickyBroadcast:1278 com.android.server.TelephonyRegistry$3.onReceive:910 android.app.LoadedApk$ReceiverDispatcher$Args.run:791 
07-04 12:17:46.588 V/ActivityManager(  582): Broadcast sticky: Intent { act=android.intent.action.ANY_DATA_STATE flg=0x10 (has extras) } ordered=false userid=0
07-04 12:17:46.589 D/ExtensionManager( 2464): PhoneGlobalsBroadcastReceiverExtension()
07-04 12:17:46.589 D/PhonePluginExtensionContainer( 2464): getPhoneGlobalsBroadcastReceiverExtension()
07-04 12:17:46.589 D/PhoneGlobalsBroadcastReceiverExtensionContainer( 2464): onReceive(), sub extension list is null, just return
07-04 12:17:46.589 D/PhoneGlobals( 2464): PhoneGlobalsBroadcastReceiver -----action=android.intent.action.ANY_DATA_STATE
07-04 12:17:46.589 D/PhoneGlobals( 2464): mReceiver: ACTION_ANY_DATA_CONNECTION_STATE_CHANGED state:DISCONNECTED reason:dataDetached
07-04 12:17:46.589 D/NotificationMgr( 2464): hideDataDisconnectedRoaming()...
07-04 12:17:46.590 D/dalvikvm( 4398): threadid=12: interp stack at 0x5e302000
07-04 12:17:46.590 D/dalvikvm( 4398): threadid=12: created from interp
07-04 12:17:46.590 D/dalvikvm( 4398): start new thread
07-04 12:17:46.590 V/Mms     ( 3648): [1] MmsSystemEventReceiver.java(167): Intent received: Intent { act=android.intent.action.ANY_DATA_STATE flg=0x10 (has extras) }
07-04 12:17:46.591 V/Mms     ( 3648): [1] MmsSystemEventReceiver.java(167): Intent received: Intent { act=android.intent.action.ANY_DATA_STATE flg=0x10 (has extras) }
07-04 12:17:46.591 D/dalvikvm( 4398): threadid=12: notify debugger
07-04 12:17:46.591 D/dalvikvm( 4398): threadid=12 (pool-1-thread-1): calling run()
07-04 12:17:46.592 D/AlertReceiver( 4305): onReceive: a=android.intent.action.PROVIDER_CHANGED Intent { act=android.intent.action.PROVIDER_CHANGED dat=content://com.android.calendar flg=0x10 cmp=com.android.calendar/.alerts.AlertReceiver }
07-04 12:17:46.592 D/PowerManagerDisplayController(  582): requestPowerState: screenState=2, useProximitySensor=false, forceProximitySensorEnable=false, forceWakeUpEnable=false, screenBrightness=60, screenAutoBrightnessAdjustment=-0.6255319, useAutoBrightness=true, useEcoBrightness=false, blockScreenOn=false, waitForNegativeProximity=false
07-04 12:17:46.592 I/PowerManagerService(  582): setBrightness mButtonLight, screenBrightness=60
07-04 12:17:46.594 I/SurfaceTextureClient( 2346): [STC::queueBuffer] (this:0x5d6ae518) fps:2.68, dur:1118.51, max:700.11, min:205.42
07-04 12:17:46.594 I/BufferQueue(  129): [StatusBar](this:0x44cc9e28,api:1) [queue] fps:2.68, dur:1118.21, max:696.93, min:205.11
07-04 12:17:46.595 D/IPCThreadState( 4480): [DN #5] BR_CLEAR_DEATH_NOTIFICATION_DONE cookie 0x5d6ad488
07-04 12:17:46.595 D/IPCThreadState(  582): [DN #5] BR_CLEAR_DEATH_NOTIFICATION_DONE cookie 0x649a1278
07-04 12:17:46.597 D/ConnectivityService(  582): getActiveNetworkInfo:NetworkInfo: type: WIFI[], state: CONNECTED/CONNECTED, reason: (unspecified), extra: "OPPO-SZ", roaming: false, failover: false, isAvailable: true, simId: 0/10005
07-04 12:17:46.598 V/Mms     ( 3648): [1] MmsSystemEventReceiver.java(167): Intent received: Intent { act=android.intent.action.ANY_DATA_STATE flg=0x10 (has extras) }
07-04 12:17:46.599 D/ConnectivityService(  582): getActiveNetworkInfo:NetworkInfo: type: WIFI[], state: CONNECTED/CONNECTED, reason: (unspecified), extra: "OPPO-SZ", roaming: false, failover: false, isAvailable: true, simId: 0/10005
07-04 12:17:46.599 D/IPCThreadState( 4213): [DN #5] BR_CLEAR_DEATH_NOTIFICATION_DONE cookie 0x5c33f4c8
07-04 12:17:46.599 V/Mms     ( 3648): [1] MmsSystemEventReceiver.java(167): Intent received: Intent { act=android.intent.action.ANY_DATA_STATE flg=0x10 (has extras) }
07-04 12:17:46.600 D/ads-notify-fd5dfce4( 4455): app_resultCode: 0 thread: main
07-04 12:17:46.600 D/IPCThreadState(  582): [DN #5] BR_CLEAR_DEATH_NOTIFICATION_DONE cookie 0x652b7ec0
07-04 12:17:46.601 D/MobileDataStateTracker(  582): mms: getNetworkInfo: updated IsAvailable=false
07-04 12:17:46.601 D/TelephonyManager( 4455): getDefaultSim is no sim
07-04 12:17:46.601 D/dalvikvm( 4305): create interp thread : stack size=32KB
07-04 12:17:46.601 D/dalvikvm( 4305): create new thread
07-04 12:17:46.601 D/MobileDataStateTracker(  582): mms: getNetworkInfo: updated IsAvailable=false
07-04 12:17:46.601 D/dalvikvm( 4305): new thread created
07-04 12:17:46.601 D/dalvikvm( 4305): update thread list
07-04 12:17:46.602 D/ads-notify-fd5dfce4( 4455): com.android.browser-->set alias: com.xiaomi.miui.pushads.sdk35864136 thread: main
07-04 12:17:46.602 D/dalvikvm( 4455): create interp thread : stack size=32KB
07-04 12:17:46.602 D/dalvikvm( 4455): create new thread
07-04 12:17:46.602 D/dalvikvm( 4455): new thread created
07-04 12:17:46.602 D/dalvikvm( 4455): update thread list
07-04 12:17:46.602 D/dalvikvm( 4455): threadid=14: interp stack at 0x5e174000
07-04 12:17:46.602 D/dalvikvm( 4455): threadid=14: created from interp
07-04 12:17:46.602 D/dalvikvm( 4455): start new thread
