07-04 09:19:41.398 D/ADB_SERVICES( 3229):  closing because is_eof=1 r=-1 s->fde.force_eof=0
07-04 09:19:41.498 W/ADB_SERVICES( 3229): create_local_service_socket() name=tcp:10201
07-04 09:19:41.500 I/System.out( 3627): close [socket][/0.0.0.0:-1]
07-04 09:19:41.502 I/System.out( 3627): [CDS]EAGAIN or EWOULDBLOCK in Recvfrom
07-04 09:19:41.513 I/System.out( 3627): [CDS]close[10201]
07-04 09:19:41.513 I/System.out( 3627): close [socket][/0.0.0.0:10201]
07-04 09:19:41.578 D/skia    ( 3627): Flag is not 10
07-04 09:19:41.578 D/IconCustomizer( 3627): Generate customized icon for com.android.monitor.png
07-04 09:19:41.580 D/skia    ( 3627): Flag is not 10
07-04 09:19:41.592 D/skia    ( 3627): Flag is not 10
07-04 09:19:41.611 D/dalvikvm( 3627): GC_CONCURRENT freed 678K, 19% free 10863K/13284K, paused 4ms+2ms, total 30ms
07-04 09:19:41.611 D/dalvikvm( 3627): WAIT_FOR_CONCURRENT_GC blocked 19ms
07-04 09:19:41.645 I/themeservice( 3627): add pending job /data/data/com.wandoujia.phoenix2.usbproxy/cache/com.android.monitor.png
07-04 09:19:41.645 I/themeservice( 3627): saving icon for /data/data/com.wandoujia.phoenix2.usbproxy/cache/com.android.monitor.png
07-04 09:19:41.645 I/themeservice( 3711): saving icon remotely(3627) for /data/data/com.wandoujia.phoenix2.usbproxy/cache/com.android.monitor.png ALLOW: true
07-04 09:19:41.681 W/ADB_SERVICES( 3229): create_local_service_socket() name=tcp:10201
07-04 09:19:41.683 I/System.out( 3627): [CDS]close[10201]
07-04 09:19:41.684 I/System.out( 3627): close [socket][/0.0.0.0:10201]
07-04 09:19:41.685 I/System.out( 3627): [CDS]EAGAIN or EWOULDBLOCK in Recvfrom
07-04 09:19:41.686 I/System.out( 3627): close [socket][/0.0.0.0:-1]
07-04 09:19:41.698 D/skia    ( 3627): Flag is not 10
07-04 09:19:41.724 W/ADB_SERVICES( 3229): create_local_service_socket() name=tcp:10201
07-04 09:19:41.726 I/System.out( 3627): [CDS]close[10201]
07-04 09:19:41.727 I/System.out( 3627): close [socket][/0.0.0.0:10201]
07-04 09:19:41.728 I/System.out( 3627): close [socket][/0.0.0.0:-1]
07-04 09:19:41.729 I/System.out( 3627): [CDS]EAGAIN or EWOULDBLOCK in Recvfrom
07-04 09:19:41.769 W/ADB_SERVICES( 3229): create_local_service_socket() name=tcp:10201
07-04 09:19:41.771 I/System.out( 3627): [CDS]close[10201]
07-04 09:19:41.772 I/System.out( 3627): close [socket][/0.0.0.0:10201]
07-04 09:19:41.774 I/System.out( 3627): [CDS]EAGAIN or EWOULDBLOCK in Recvfrom
07-04 09:19:41.779 I/System.out( 3627): close [socket][/0.0.0.0:-1]
07-04 09:19:41.798 D/dalvikvm( 3627): GC_CONCURRENT freed 1098K, 21% free 10607K/13284K, paused 3ms+3ms, total 40ms
07-04 09:19:41.798 D/dalvikvm( 3627): WAIT_FOR_CONCURRENT_GC blocked 10ms
07-04 09:19:41.802 D/skia    ( 3627): Flag is not 10
07-04 09:19:41.846 W/ADB_SERVICES( 3229): create_local_service_socket() name=tcp:10201
07-04 09:19:41.848 I/System.out( 3627): [CDS]close[10201]
07-04 09:19:41.850 I/System.out( 3627): close [socket][/0.0.0.0:10201]
07-04 09:19:41.850 I/System.out( 3627): [CDS]EAGAIN or EWOULDBLOCK in Recvfrom
07-04 09:19:41.851 I/System.out( 3627): close [socket][/0.0.0.0:-1]
07-04 09:19:41.863 D/skia    ( 3627): Flag is not 10
07-04 09:19:41.889 W/ADB_SERVICES( 3229): create_local_service_socket() name=tcp:10201
07-04 09:19:41.891 I/System.out( 3627): close [socket][/0.0.0.0:-1]
07-04 09:19:41.892 I/System.out( 3627): [CDS]EAGAIN or EWOULDBLOCK in Recvfrom
07-04 09:19:41.901 I/System.out( 3627): [CDS]close[10201]
07-04 09:19:41.901 I/System.out( 3627): close [socket][/0.0.0.0:10201]
07-04 09:19:41.927 D/dalvikvm( 3627): GC_CONCURRENT freed 805K, 21% free 10525K/13284K, paused 4ms+3ms, total 29ms
07-04 09:19:41.967 D/skia    ( 3627): Flag is not 10
07-04 09:19:41.969 D/IconCustomizer( 3627): Content Ratio = 1.0
07-04 09:19:41.971 D/IconCustomizer( 3627): Generate customized icon for com.xiaomi.payment.png
07-04 09:19:41.973 D/skia    ( 3627): Flag is not 10
07-04 09:19:41.975 D/skia    ( 3627): Flag is not 10
07-04 09:19:41.980 D/skia    ( 3627): Flag is not 10
07-04 09:19:42.002 D/dalvikvm( 3627): GC_CONCURRENT freed 250K, 18% free 10952K/13284K, paused 5ms+2ms, total 26ms
07-04 09:19:42.002 D/dalvikvm( 3627): WAIT_FOR_CONCURRENT_GC blocked 21ms
07-04 09:19:42.034 I/themeservice( 3627): add pending job /data/data/com.wandoujia.phoenix2.usbproxy/cache/com.xiaomi.payment.png
07-04 09:19:42.034 I/themeservice( 3627): saving icon for /data/data/com.wandoujia.phoenix2.usbproxy/cache/com.xiaomi.payment.png
07-04 09:19:42.034 I/themeservice( 3711): saving icon remotely(3627) for /data/data/com.wandoujia.phoenix2.usbproxy/cache/com.xiaomi.payment.png ALLOW: true
07-04 09:19:42.069 I/System.out( 3627): [CDS]close[10201]
07-04 09:19:42.069 W/ADB_SERVICES( 3229): create_local_service_socket() name=tcp:10201
07-04 09:19:42.071 I/System.out( 3627): close [socket][/0.0.0.0:-1]
07-04 09:19:42.073 I/System.out( 3627): [CDS]EAGAIN or EWOULDBLOCK in Recvfrom
07-04 09:19:42.074 I/System.out( 3627): close [socket][/0.0.0.0:10201]
07-04 09:19:42.385 D/skia    ( 3627): Flag is not 10
07-04 09:19:42.390 D/IconCustomizer( 3627): Content Ratio = 1.5632184
07-04 09:19:42.391 D/IconCustomizer( 3627): Generate customized icon for com.android.musicvis.png
07-04 09:19:42.410 D/dalvikvm( 3627): GC_FOR_ALLOC freed 584K, 19% free 10839K/13284K, paused 18ms, total 18ms
07-04 09:19:42.463 I/themeservice( 3627): add pending job /data/data/com.wandoujia.phoenix2.usbproxy/cache/com.android.musicvis.png
07-04 09:19:42.463 I/themeservice( 3627): saving icon for /data/data/com.wandoujia.phoenix2.usbproxy/cache/com.android.musicvis.png
07-04 09:19:42.464 I/themeservice( 3711): saving icon remotely(3627) for /data/data/com.wandoujia.phoenix2.usbproxy/cache/com.android.musicvis.png ALLOW: true
07-04 09:19:42.513 W/ADB_SERVICES( 3229): create_local_service_socket() name=tcp:10201
07-04 09:19:42.515 I/System.out( 3627): [CDS]close[10201]
07-04 09:19:42.517 I/System.out( 3627): close [socket][/0.0.0.0:10201]
07-04 09:19:42.517 I/System.out( 3627): [CDS]EAGAIN or EWOULDBLOCK in Recvfrom
07-04 09:19:42.518 I/System.out( 3627): close [socket][/0.0.0.0:-1]
07-04 09:19:43.056 W/ADB_SERVICES( 3229): create_local_service_socket() name=tcp:10201
07-04 09:19:43.058 I/System.out( 3627): close [socket][/0.0.0.0:-1]
07-04 09:19:43.059 I/System.out( 3627): [CDS]EAGAIN or EWOULDBLOCK in Recvfrom
07-04 09:19:43.066 D/TelephonyManager( 3627): getDefaultSim is sim1
07-04 09:19:43.070 W/ADB_SERVICES( 3229): create_local_service_socket() name=tcp:10201
07-04 09:19:43.072 I/System.out( 3627): close [socket][/0.0.0.0:-1]
07-04 09:19:43.073 I/System.out( 3627): [CDS]EAGAIN or EWOULDBLOCK in Recvfrom
07-04 09:19:43.084 D/ConnectivityService(  461): getActiveNetworkInfo:NetworkInfo: type: WIFI[], state: CONNECTED/CONNECTED, reason: (unspecified), extra: "OPPO-SZ", roaming: false, failover: false, isAvailable: true, simId: 0/10085
07-04 09:19:43.090 I/System.out( 3627): [CDS]close[10201]
07-04 09:19:43.091 I/System.out( 3627): close [socket][/0.0.0.0:10201]
07-04 09:19:43.096 I/System.out( 3627): [CDS]close[10201]
07-04 09:19:43.097 I/System.out( 3627): close [socket][/0.0.0.0:10201]
07-04 09:19:43.234 D/BatteryService(  461): mBatteryVoltage=3895
07-04 09:19:43.235 V/ActivityManager(  461): Broadcast sticky: Intent { act=android.intent.action.BATTERY_CHANGED flg=0x60000010 (has extras) } ordered=false userid=-1
07-04 09:19:43.239 D/WifiService(  461): onReceive, action:android.intent.action.BATTERY_CHANGED
07-04 09:19:43.239 V/Provider/Settings(  461):  from settings cache , name = wifi_idle_ms , value = null
07-04 09:19:43.240 V/Provider/Settings(  461):  from settings cache , name = stay_on_while_plugged_in , value = 0
07-04 09:19:43.240 D/WifiService(  461): ACTION_BATTERY_CHANGED pluggedType: 2
07-04 09:19:43.240 V/Provider/Settings(  461):  from settings cache , name = wifi_sleep_policy , value = 0
07-04 09:19:43.240 D/WifiService(  461): wifiSleepPolicy:0
07-04 09:19:43.241 D/UsbDeviceManager(  461): onReceive - BATTERY_CHANGED - mPlugType: 2, mSettingUsbCharging: false, mConnected: true, mSettingUsbBicr: false
07-04 09:19:43.250 D/Bluetooth HS/HF(  713): [BT][HFG] [API] mStateReceiver.onReceive(android.intent.action.BATTERY_CHANGED)
07-04 09:19:43.250 D/Bluetooth HS/HF(  713): [BT][HFG] [API] mHandler.handleMessage(9)
07-04 09:19:43.251 D/Bluetooth HS/HF(  713): [BT][HFG] [API] updateBatteryState
07-04 09:19:43.252 D/BatteryInfoReceiver(  936): 鐜版湁鐢甸噺锛?9
07-04 09:19:43.256 I/NotifierManager(  461): onNotify: miui.maml.NotifierManager$BroadcastNotifier@4358e4b8
07-04 09:19:43.335 D/skia    ( 3627): Flag is not 10
07-04 09:19:43.336 D/IconCustomizer( 3627): Content Ratio = -1.0
07-04 09:19:43.337 D/IconCustomizer( 3627): Generate customized icon for com.cleanmaster.miui_module.png
07-04 09:19:43.384 D/dalvikvm( 3627): GC_CONCURRENT freed 727K, 18% free 10920K/13284K, paused 3ms+2ms, total 47ms
07-04 09:19:43.403 I/themeservice( 3627): add pending job /data/data/com.wandoujia.phoenix2.usbproxy/cache/com.cleanmaster.miui_module.png
07-04 09:19:43.403 I/themeservice( 3627): saving icon for /data/data/com.wandoujia.phoenix2.usbproxy/cache/com.cleanmaster.miui_module.png
07-04 09:19:43.404 I/themeservice( 3711): saving icon remotely(3627) for /data/data/com.wandoujia.phoenix2.usbproxy/cache/com.cleanmaster.miui_module.png ALLOW: true
07-04 09:19:43.457 I/System.out( 3627): [CDS]close[10201]
07-04 09:19:43.458 W/ADB_SERVICES( 3229): create_local_service_socket() name=tcp:10201
07-04 09:19:43.460 I/System.out( 3627): close [socket][/0.0.0.0:10201]
07-04 09:19:43.461 I/System.out( 3627): [CDS]EAGAIN or EWOULDBLOCK in Recvfrom
07-04 09:19:43.462 I/System.out( 3627): close [socket][/0.0.0.0:-1]
07-04 09:19:43.477 D/skia    ( 3627): Flag is not 10
07-04 09:19:43.537 W/ADB_SERVICES( 3229): create_local_service_socket() name=tcp:10201
07-04 09:19:43.539 I/System.out( 3627): [CDS]close[10201]
07-04 09:19:43.541 I/System.out( 3627): close [socket][/0.0.0.0:10201]
07-04 09:19:43.542 I/System.out( 3627): close [socket][/0.0.0.0:-1]
07-04 09:19:43.542 I/System.out( 3627): [CDS]EAGAIN or EWOULDBLOCK in Recvfrom
07-04 09:19:43.573 D/dalvikvm( 3627): GC_CONCURRENT freed 1128K, 21% free 10596K/13284K, paused 7ms+3ms, total 29ms
07-04 09:19:43.573 D/dalvikvm( 3627): WAIT_FOR_CONCURRENT_GC blocked 6ms
07-04 09:19:43.576 D/skia    ( 3627): Flag is not 10
07-04 09:19:43.603 W/ADB_SERVICES( 3229): create_local_service_socket() name=tcp:10201
07-04 09:19:43.605 I/System.out( 3627): close [socket][/0.0.0.0:-1]
07-04 09:19:43.607 I/System.out( 3627): [CDS]EAGAIN or EWOULDBLOCK in Recvfrom
07-04 09:19:43.612 I/System.out( 3627): [CDS]close[10201]
07-04 09:19:43.613 I/System.out( 3627): close [socket][/0.0.0.0:10201]
07-04 09:19:43.644 W/ADB_SERVICES( 3229): create_local_service_socket() name=tcp:10201
07-04 09:19:43.646 I/System.out( 3627): close [socket][/0.0.0.0:-1]
07-04 09:19:43.648 I/System.out( 3627): [CDS]EAGAIN or EWOULDBLOCK in Recvfrom
07-04 09:19:43.653 I/System.out( 3627): [CDS]close[10201]
07-04 09:19:43.654 I/System.out( 3627): close [socket][/0.0.0.0:10201]
07-04 09:19:43.666 D/skia    ( 3627): Flag is not 10
07-04 09:19:43.703 D/dalvikvm( 3627): GC_CONCURRENT freed 567K, 20% free 10670K/13284K, paused 4ms+12ms, total 46ms
07-04 09:19:43.710 W/ADB_SERVICES( 3229): create_local_service_socket() name=tcp:10201
07-04 09:19:43.712 I/System.out( 3627): close [socket][/0.0.0.0:-1]
07-04 09:19:43.713 I/System.out( 3627): [CDS]EAGAIN or EWOULDBLOCK in Recvfrom
07-04 09:19:43.718 I/System.out( 3627): [CDS]close[10201]
07-04 09:19:43.719 I/System.out( 3627): close [socket][/0.0.0.0:10201]
07-04 09:19:43.735 D/skia    ( 3627): Flag is not 10
07-04 09:19:43.790 W/ADB_SERVICES( 3229): create_local_service_socket() name=tcp:10201
07-04 09:19:43.792 I/System.out( 3627): [CDS]close[10201]
07-04 09:19:43.798 I/System.out( 3627): close [socket][/0.0.0.0:10201]
07-04 09:19:43.798 I/System.out( 3627): close [socket][/0.0.0.0:-1]
07-04 09:19:43.798 I/System.out( 3627): [CDS]EAGAIN or EWOULDBLOCK in Recvfrom
07-04 09:19:43.827 D/skia    ( 3627): Flag is not 10
07-04 09:19:43.834 D/IconCustomizer( 3627): Content Ratio = 1.5632184
07-04 09:19:43.841 D/IconCustomizer( 3627): Generate customized icon for com.android.wallpaper.png
07-04 09:19:43.848 D/skia    ( 3627): Flag is not 10
07-04 09:19:43.882 I/dalvikvm( 3888): DexOpt: not resolving ambiguous class 'Landroid/content/pm/IPackageDataObserver;'
07-04 09:19:43.890 D/dalvikvm( 3627): GC_CONCURRENT freed 749K, 20% free 10690K/13284K, paused 8ms+2ms, total 48ms
07-04 09:19:43.890 D/dalvikvm( 3627): WAIT_FOR_CONCURRENT_GC blocked 41ms
07-04 09:19:43.892 D/skia    ( 3627): Flag is not 10
07-04 09:19:43.899 D/skia    ( 3627): Flag is not 10
07-04 09:19:43.900 D/skia    ( 3627): Flag is not 10
07-04 09:19:43.903 I/dalvikvm( 3888): DexOpt: not resolving ambiguous class 'Landroid/content/pm/IPackageStatsObserver;'
07-04 09:19:44.000 I/themeservice( 3627): add pending job /data/data/com.wandoujia.phoenix2.usbproxy/cache/com.android.wallpaper.png
07-04 09:19:44.006 I/themeservice( 3627): saving icon for /data/data/com.wandoujia.phoenix2.usbproxy/cache/com.android.wallpaper.png
07-04 09:19:44.006 I/themeservice( 3711): saving icon remotely(3627) for /data/data/com.wandoujia.phoenix2.usbproxy/cache/com.android.wallpaper.png ALLOW: true
07-04 09:19:44.099 W/ADB_SERVICES( 3229): create_local_service_socket() name=tcp:10201
07-04 09:19:44.101 I/System.out( 3627): close [socket][/0.0.0.0:-1]
07-04 09:19:44.107 I/System.out( 3627): [CDS]EAGAIN or EWOULDBLOCK in Recvfrom
07-04 09:19:44.150 D/dalvikvm( 3627): GC_CONCURRENT freed 840K, 20% free 10635K/13284K, paused 7ms+2ms, total 61ms
07-04 09:19:44.150 D/dalvikvm( 3627): WAIT_FOR_CONCURRENT_GC blocked 41ms
07-04 09:19:44.164 D/dalvikvm( 3627): WAIT_FOR_CONCURRENT_GC blocked 55ms
07-04 09:19:44.164 I/System.out( 3627): [CDS]close[10201]
07-04 09:19:44.165 I/System.out( 3627): close [socket][/0.0.0.0:10201]
07-04 09:19:44.184 D/skia    ( 3627): Flag is not 10
07-04 09:19:44.185 D/IconCustomizer( 3627): Generate customized icon for com.lbe.security.miui.png
07-04 09:19:44.190 D/skia    ( 3627): Flag is not 10
07-04 09:19:44.192 D/skia    ( 3627): Flag is not 10
07-04 09:19:44.205 D/skia    ( 3627): Flag is not 10
07-04 09:19:44.241 D/dalvikvm( 3627): GC_CONCURRENT freed 505K, 19% free 10884K/13284K, paused 13ms+2ms, total 49ms
07-04 09:19:44.247 D/dalvikvm( 3627): WAIT_FOR_CONCURRENT_GC blocked 42ms
07-04 09:19:44.306 I/themeservice( 3627): add pending job /data/data/com.wandoujia.phoenix2.usbproxy/cache/com.lbe.security.miui.png
07-04 09:19:44.311 I/themeservice( 3627): saving icon for /data/data/com.wandoujia.phoenix2.usbproxy/cache/com.lbe.security.miui.png
07-04 09:19:44.312 I/themeservice( 3711): saving icon remotely(3627) for /data/data/com.wandoujia.phoenix2.usbproxy/cache/com.lbe.security.miui.png ALLOW: true
07-04 09:19:44.367 I/dalvikvm( 3888): DexOpt: not resolving ambiguous class 'Landroid/content/pm/IPackageStatsObserver;'
07-04 09:19:44.389 W/ADB_SERVICES( 3229): create_local_service_socket() name=tcp:10201
07-04 09:19:44.390 I/System.out( 3627): [CDS]close[10201]
07-04 09:19:44.391 I/System.out( 3627): close [socket][/0.0.0.0:10201]
07-04 09:19:44.394 I/System.out( 3627): close [socket][/0.0.0.0:-1]
07-04 09:19:44.400 I/System.out( 3627): [CDS]EAGAIN or EWOULDBLOCK in Recvfrom
07-04 09:19:44.421 D/skia    ( 3627): Flag is not 10
07-04 09:19:44.422 D/IconCustomizer( 3627): Content Ratio = -1.0
07-04 09:19:44.428 D/IconCustomizer( 3627): Generate customized icon for com.miui.guardprovider.png
07-04 09:19:44.441 D/dalvikvm( 3888): DexOpt: not verifying/optimizing 'Landroid/content/pm/IPackageStatsObserver;': multiple definitions
07-04 09:19:44.448 D/dalvikvm( 3888): DexOpt: not verifying/optimizing 'Landroid/content/pm/IPackageDataObserver;': multiple definitions
07-04 09:19:44.484 I/themeservice( 3627): add pending job /data/data/com.wandoujia.phoenix2.usbproxy/cache/com.miui.guardprovider.png
07-04 09:19:44.484 I/themeservice( 3627): saving icon for /data/data/com.wandoujia.phoenix2.usbproxy/cache/com.miui.guardprovider.png
07-04 09:19:44.494 I/themeservice( 3711): saving icon remotely(3627) for /data/data/com.wandoujia.phoenix2.usbproxy/cache/com.miui.guardprovider.png ALLOW: true
07-04 09:19:44.539 W/ADB_SERVICES( 3229): create_local_service_socket() name=tcp:10201
07-04 09:19:44.542 I/System.out( 3627): close [socket][/0.0.0.0:-1]
07-04 09:19:44.549 I/System.out( 3627): [CDS]EAGAIN or EWOULDBLOCK in Recvfrom
07-04 09:19:44.564 I/System.out( 3627): [CDS]close[10201]
07-04 09:19:44.564 I/System.out( 3627): close [socket][/0.0.0.0:10201]
07-04 09:19:44.625 D/dalvikvm( 3627): GC_CONCURRENT freed 998K, 20% free 10668K/13284K, paused 12ms+2ms, total 54ms
07-04 09:19:44.625 D/dalvikvm( 3627): WAIT_FOR_CONCURRENT_GC blocked 42ms
07-04 09:19:44.629 D/skia    ( 3627): Flag is not 10
07-04 09:19:44.731 W/ADB_SERVICES( 3229): create_local_service_socket() name=tcp:10201
07-04 09:19:44.736 I/System.out( 3627): [CDS]close[10201]
07-04 09:19:44.741 I/System.out( 3627): close [socket][/0.0.0.0:10201]
07-04 09:19:44.742 I/System.out( 3627): close [socket][/0.0.0.0:-1]
07-04 09:19:44.744 I/System.out( 3627): [CDS]EAGAIN or EWOULDBLOCK in Recvfrom
07-04 09:19:44.771 D/skia    ( 3627): Flag is not 10
07-04 09:19:44.834 W/ADB_SERVICES( 3229): create_local_service_socket() name=tcp:10201
07-04 09:19:44.840 I/System.out( 3627): [CDS]close[10201]
07-04 09:19:44.841 I/System.out( 3627): close [socket][/0.0.0.0:-1]
07-04 09:19:44.843 I/System.out( 3627): close [socket][/0.0.0.0:10201]
07-04 09:19:44.843 I/System.out( 3627): [CDS]EAGAIN or EWOULDBLOCK in Recvfrom
07-04 09:19:44.914 D/dalvikvm( 3627): GC_CONCURRENT freed 855K, 21% free 10587K/13284K, paused 12ms+3ms, total 60ms
07-04 09:19:44.914 D/dalvikvm( 3627): WAIT_FOR_CONCURRENT_GC blocked 27ms
07-04 09:19:44.917 D/skia    ( 3627): Flag is not 10
07-04 09:19:44.967 W/ADB_SERVICES( 3229): create_local_service_socket() name=tcp:10201
07-04 09:19:44.969 I/System.out( 3627): [CDS]close[10201]
07-04 09:19:44.970 I/System.out( 3627): close [socket][/0.0.0.0:10201]
07-04 09:19:44.972 I/System.out( 3627): close [socket][/0.0.0.0:-1]
07-04 09:19:44.978 I/System.out( 3627): [CDS]EAGAIN or EWOULDBLOCK in Recvfrom
07-04 09:19:45.006 D/skia    ( 3627): Flag is not 10
07-04 09:19:45.043 W/ADB_SERVICES( 3229): create_local_service_socket() name=tcp:10201
07-04 09:19:45.051 I/System.out( 3627): close [socket][/0.0.0.0:-1]
07-04 09:19:45.052 I/System.out( 3627): [CDS]close[10201]
07-04 09:19:45.053 I/System.out( 3627): close [socket][/0.0.0.0:10201]
07-04 09:19:45.053 I/System.out( 3627): [CDS]EAGAIN or EWOULDBLOCK in Recvfrom
07-04 09:19:45.067 D/skia    ( 3627): Flag is not 10
07-04 09:19:45.111 D/dalvikvm( 3627): GC_CONCURRENT freed 689K, 21% free 10600K/13284K, paused 6ms+2ms, total 49ms
07-04 09:19:45.117 I/System.out( 3627): [CDS]close[10201]
07-04 09:19:45.118 W/ADB_SERVICES( 3229): create_local_service_socket() name=tcp:10201
07-04 09:19:45.120 I/System.out( 3627): close [socket][/0.0.0.0:-1]
07-04 09:19:45.121 I/System.out( 3627): [CDS]EAGAIN or EWOULDBLOCK in Recvfrom
07-04 09:19:45.121 I/System.out( 3627): close [socket][/0.0.0.0:10201]
07-04 09:19:45.166 D/dalvikvm( 3514): GC_CONCURRENT freed 508K, 7% free 9010K/9592K, paused 3ms+2ms, total 26ms
07-04 09:19:45.167 D/dalvikvm( 3514): WAIT_FOR_CONCURRENT_GC blocked 6ms
07-04 09:19:45.495 I/themeservice( 3627): unbinding service
07-04 09:19:45.496 D/IPCThreadState( 3627): [DN #5] BR_CLEAR_DEATH_NOTIFICATION_DONE cookie 0x60ccff98
07-04 09:19:45.499 D/dalvikvm( 3627): threadid=48: exiting
07-04 09:19:45.501 I/ActivityManager(  461): No longer want com.xiaomi.market (pid 3599): empty #7
07-04 09:19:45.502 D/dalvikvm( 3627): threadid=48: bye!
07-04 09:19:45.513 D/IPCThreadState(  461): [DN #5] BR_DEAD_BINDER cookie 0x652baed0
07-04 09:19:45.513 D/IPCThreadState(  461): [DN #5] BR_DEAD_BINDER cookie 0x6292eda8
07-04 09:19:45.514 V/ActivityManager(  461): Death received in com.android.server.am.ActivityManagerService$AppDeathRecipient@42802ca8 for thread android.os.BinderProxy@428e0a78
07-04 09:19:45.514 D/IPCThreadState(  461): [DN #5] BR_CLEAR_DEATH_NOTIFICATION_DONE cookie 0x652baed0
07-04 09:19:45.516 W/ActivityManager(  461): skip resumeTopActivityLocked, next = ActivityRecord{42c82738 u0 com.miui.home/.launcher.Launcher}
07-04 09:19:45.517 D/IPCThreadState(  461): [DN #5] BR_CLEAR_DEATH_NOTIFICATION_DONE cookie 0x6292eda8
07-04 09:19:45.517 D/IPCThreadState( 1090): [DN #5] BR_DEAD_BINDER cookie 0x5e058b98
07-04 09:19:45.518 D/IPCThreadState(  461): [DN #5] BR_CLEAR_DEATH_NOTIFICATION_DONE cookie 0x6474e228
07-04 09:19:45.519 D/IPCThreadState( 1090): [DN #5] BR_CLEAR_DEATH_NOTIFICATION_DONE cookie 0x5e058b98
07-04 09:19:45.982 D/ADB_SERVICES( 3229): adb fdevent_process list (21) (15) (25) (26) (27) (24) 
07-04 09:19:45.982 W/ADB_SERVICES( 3229): create_local_service_socket() name=tcp:10201
07-04 09:19:45.983 D/ADB_SERVICES( 3229): adb local_socket_ready list (21) (25) (26) (27) (24) 
07-04 09:19:45.983 D/ADB_SERVICES( 3229): adb socket read list (21) (25) (26) (27) (24) 
07-04 09:19:45.983 D/ADB_SERVICES( 3229): read_data=302216
07-04 09:19:45.983 D/ADB_SERVICES( 3229): max_read_time=0.000056 max_send_time=0.000073 
07-04 09:19:45.984 W/ADB_SERVICES( 3229): create_local_service_socket() name=tcp:10201
07-04 09:19:45.986 W/ADB_SERVICES( 3229): create_local_service_socket() name=tcp:10201
07-04 09:19:45.988 I/System.out( 3627): [CDS]EAGAIN or EWOULDBLOCK in Recvfrom
07-04 09:19:45.989 I/System.out( 3627): [CDS]EAGAIN or EWOULDBLOCK in Recvfrom
07-04 09:19:45.996 I/System.out( 3627): close [socket][/0.0.0.0:-1]
07-04 09:19:46.002 D/ConnectivityService(  461): getActiveNetworkInfo:NetworkInfo: type: WIFI[], state: CONNECTED/CONNECTED, reason: (unspecified), extra: "OPPO-SZ", roaming: false, failover: false, isAvailable: true, simId: 0/10085
07-04 09:19:46.004 D/TelephonyManager( 3627): getDefaultSim is sim1
07-04 09:19:46.006 I/System.out( 3627): [CDS]EAGAIN or EWOULDBLOCK in Recvfrom
07-04 09:19:46.010 I/System.out( 3627): [CDS]close[10201]
07-04 09:19:46.010 I/System.out( 3627): close [socket][/0.0.0.0:10201]
07-04 09:19:46.012 D/ConnectivityService(  461): getActiveNetworkInfo:NetworkInfo: type: WIFI[], state: CONNECTED/CONNECTED, reason: (unspecified), extra: "OPPO-SZ", roaming: false, failover: false, isAvailable: true, simId: 0/10085
07-04 09:19:46.019 I/System.out( 3627): [CDS]close[10201]
07-04 09:19:46.019 I/System.out( 3627): close [socket][/0.0.0.0:10201]
07-04 09:19:46.020 I/System.out( 3627): [CDS]close[10201]
07-04 09:19:46.021 I/System.out( 3627): close [socket][/0.0.0.0:10201]
07-04 09:19:46.099 D/skia    ( 3627): Flag is not 10
07-04 09:19:46.099 D/IconCustomizer( 3627): Generate customized icon for com.miui.antispam.png
07-04 09:19:46.104 D/skia    ( 3627): Flag is not 10
07-04 09:19:46.123 D/dalvikvm( 3627): GC_CONCURRENT freed 602K, 20% free 10748K/13284K, paused 5ms+2ms, total 23ms
07-04 09:19:46.123 D/dalvikvm( 3627): WAIT_FOR_CONCURRENT_GC blocked 18ms
07-04 09:19:46.125 D/skia    ( 3627): Flag is not 10
07-04 09:19:46.127 D/skia    ( 3627): Flag is not 10
07-04 09:19:46.128 D/skia    ( 3627): Flag is not 10
07-04 09:19:46.507 W/ADB_SERVICES( 3229): create_local_service_socket() name=tcp:10201
07-04 09:19:46.509 I/System.out( 3627): close [socket][/0.0.0.0:-1]
07-04 09:19:46.510 I/System.out( 3627): [CDS]EAGAIN or EWOULDBLOCK in Recvfrom
07-04 09:19:46.521 I/System.out( 3627): [CDS]close[10201]
07-04 09:19:46.521 I/System.out( 3627): close [socket][/0.0.0.0:10201]
07-04 09:19:47.291 D/SQLiteConnection(  461): executeForCursorWindow took 1197ms - succeeded, sql="SELECT c_message, c_package_name, _id, c_precise, c_versions FROM running_compatibility WHERE (c_package_name = ? ) ORDER BY _id DESC", bindArgs=["com.wandoujia.phoenix2.usbproxy"], window='/data/data/com.android.providers.settings/databases/compatibility_settings.db {61e85450}', startPos=0, actualPos=0, filledRows=0, countedRows=0
07-04 09:19:47.300 D/dalvikvm( 3627): create interp thread : stack size=32KB
07-04 09:19:47.300 D/dalvikvm( 3627): create new thread
07-04 09:19:47.301 D/dalvikvm( 3627): new thread created
07-04 09:19:47.301 D/dalvikvm( 3627): update thread list
07-04 09:19:47.304 D/dalvikvm( 3627): threadid=42: interp stack at 0x60207000
07-04 09:19:47.304 D/dalvikvm( 3627): threadid=42: created from interp
07-04 09:19:47.304 D/dalvikvm( 3627): start new thread
07-04 09:19:47.304 D/dalvikvm( 3627): threadid=42: notify debugger
07-04 09:19:47.309 D/dalvikvm( 3627): threadid=42 (IntentService[sms-service]): calling run()
07-04 09:19:47.364 D/dalvikvm( 3627): create interp thread : stack size=32KB
07-04 09:19:47.365 D/dalvikvm( 3627): create new thread
07-04 09:19:47.365 D/dalvikvm( 3627): new thread created
07-04 09:19:47.365 D/dalvikvm( 3627): update thread list
07-04 09:19:47.365 D/dalvikvm( 3627): threadid=48: interp stack at 0x6020f000
07-04 09:19:47.366 D/dalvikvm( 3627): threadid=48: created from interp
07-04 09:19:47.366 D/dalvikvm( 3627): start new thread
07-04 09:19:47.372 D/dalvikvm( 3627): threadid=48: notify debugger
07-04 09:19:47.372 D/dalvikvm( 3627): threadid=48 (Thread-423): calling run()
07-04 09:19:47.383 D/dalvikvm( 3627): threadid=42: exiting
07-04 09:19:47.385 D/dalvikvm( 3627): threadid=42: bye!
07-04 09:19:47.466 I/themeservice( 3627): add pending job /data/data/com.wandoujia.phoenix2.usbproxy/cache/com.miui.antispam.png
07-04 09:19:47.466 D/dalvikvm( 3627): create interp thread : stack size=32KB
07-04 09:19:47.471 D/dalvikvm( 3627): create new thread
07-04 09:19:47.471 D/dalvikvm( 3627): new thread created
07-04 09:19:47.471 D/dalvikvm( 3627): update thread list
07-04 09:19:47.474 D/dalvikvm( 3627): threadid=42: interp stack at 0x60207000
07-04 09:19:47.474 D/dalvikvm( 3627): threadid=42: created from interp
07-04 09:19:47.474 D/dalvikvm( 3627): start new thread
07-04 09:19:47.480 D/dalvikvm( 3627): threadid=42: notify debugger
07-04 09:19:47.480 D/dalvikvm( 3627): threadid=42 (Thread-424): calling run()
07-04 09:19:47.480 I/themeservice( 3627): binding service
07-04 09:19:47.488 I/themeservice( 3627): service connected
07-04 09:19:47.489 I/themeservice( 3627): saving icon for /data/data/com.wandoujia.phoenix2.usbproxy/cache/com.miui.antispam.png
07-04 09:19:47.489 I/themeservice( 3711): saving icon remotely(3627) for /data/data/com.wandoujia.phoenix2.usbproxy/cache/com.miui.antispam.png ALLOW: true
07-04 09:19:47.497 D/dalvikvm( 3627): threadid=48: exiting
07-04 09:19:47.503 D/dalvikvm( 3627): threadid=48: bye!
07-04 09:19:47.564 W/ADB_SERVICES( 3229): create_local_service_socket() name=tcp:10201
07-04 09:19:47.571 I/System.out( 3627): [CDS]EAGAIN or EWOULDBLOCK in Recvfrom
07-04 09:19:47.577 I/System.out( 3627): close [socket][/0.0.0.0:-1]
07-04 09:19:47.577 I/System.out( 3627): [CDS]close[10201]
07-04 09:19:47.578 I/System.out( 3627): close [socket][/0.0.0.0:10201]
07-04 09:19:47.616 D/dalvikvm( 3627): GC_CONCURRENT freed 850K, 20% free 10703K/13284K, paused 7ms+13ms, total 62ms
07-04 09:19:47.616 D/dalvikvm( 3627): WAIT_FOR_CONCURRENT_GC blocked 37ms
07-04 09:19:47.637 D/skia    ( 3627): Flag is not 10
07-04 09:19:47.689 W/ADB_SERVICES( 3229): create_local_service_socket() name=tcp:10201
07-04 09:19:47.691 I/System.out( 3627): close [socket][/0.0.0.0:-1]
07-04 09:19:47.692 I/System.out( 3627): [CDS]close[10201]
07-04 09:19:47.693 I/System.out( 3627): [CDS]EAGAIN or EWOULDBLOCK in Recvfrom
07-04 09:19:47.704 I/System.out( 3627): close [socket][/0.0.0.0:10201]
07-04 09:19:47.717 D/skia    ( 3627): Flag is not 10
07-04 09:19:47.779 I/System.out( 3627): [CDS]close[10201]
07-04 09:19:47.779 I/System.out( 3627): close [socket][/0.0.0.0:10201]
07-04 09:19:47.780 W/ADB_SERVICES( 3229): create_local_service_socket() name=tcp:10201
07-04 09:19:47.781 I/System.out( 3627): close [socket][/0.0.0.0:-1]
07-04 09:19:47.783 I/System.out( 3627): [CDS]EAGAIN or EWOULDBLOCK in Recvfrom
07-04 09:19:47.844 D/dalvikvm( 3627): GC_CONCURRENT freed 872K, 21% free 10606K/13284K, paused 3ms+2ms, total 50ms
07-04 09:19:47.844 D/dalvikvm( 3627): WAIT_FOR_CONCURRENT_GC blocked 26ms
07-04 09:19:47.847 D/skia    ( 3627): Flag is not 10
07-04 09:19:47.913 W/ADB_SERVICES( 3229): create_local_service_socket() name=tcp:10201
07-04 09:19:47.915 I/System.out( 3627): close [socket][/0.0.0.0:-1]
07-04 09:19:47.921 I/System.out( 3627): [CDS]EAGAIN or EWOULDBLOCK in Recvfrom
07-04 09:19:47.924 I/System.out( 3627): [CDS]close[10201]
07-04 09:19:47.925 I/System.out( 3627): close [socket][/0.0.0.0:10201]
07-04 09:19:48.124 D/dalvikvm( 3888): DexOpt: not verifying/optimizing 'Lcom/android/internal/telephony/ITelephony;': multiple definitions
07-04 09:19:48.124 D/dalvikvm( 3888): DexOpt: not verifying/optimizing 'Lcom/android/internal/telephony/ISms;': multiple definitions
07-04 09:19:48.125 D/dalvikvm( 3888): DexOpt: not verifying/optimizing 'Lcom/android/internal/telephony/ITelephony$Stub;': multiple definitions
07-04 09:19:48.125 D/dalvikvm( 3888): DexOpt: not verifying/optimizing 'Lcom/android/internal/telephony/ITelephony$Stub$a;': multiple definitions
07-04 09:19:48.125 D/dalvikvm( 3888): DexOpt: not verifying/optimizing 'Lcom/android/internal/telephony/IPhoneSubInfo;': multiple definitions
07-04 09:19:48.125 D/dalvikvm( 3888): DexOpt: not verifying/optimizing 'Lcom/android/internal/telephony/ISms$Stub;': multiple definitions
07-04 09:19:48.126 I/dalvikvm( 3888): DexOpt: not resolving ambiguous class 'Lcom/android/internal/telephony/ISms$Stub;'
07-04 09:19:48.130 I/dalvikvm( 3888): DexOpt: not resolving ambiguous class 'Lcom/android/internal/telephony/ITelephony$Stub;'
07-04 09:19:48.150 D/dalvikvm( 3888): DexOpt: not verifying/optimizing 'Landroid/net/http/SslError;': multiple definitions
07-04 09:19:48.344 D/skia    ( 3627): Flag is not 10
07-04 09:19:48.346 D/IconCustomizer( 3627): Content Ratio = -1.0
07-04 09:19:48.347 D/IconCustomizer( 3627): Generate customized icon for com.baidu.input_mi.png
07-04 09:19:48.353 D/skia    ( 3627): Flag is not 10
07-04 09:19:48.363 D/skia    ( 3627): Flag is not 10
07-04 09:19:48.374 I/dalvikvm( 3888): DexOpt: not resolving ambiguous class 'Landroid/media/IMediaScannerService;'
07-04 09:19:48.397 D/dalvikvm( 3888): DexOpt: not verifying/optimizing 'Landroid/media/IMediaScannerListener;': multiple definitions
07-04 09:19:48.397 D/dalvikvm( 3888): DexOpt: not verifying/optimizing 'Landroid/media/IMediaScannerListener$Stub;': multiple definitions
07-04 09:19:48.398 D/dalvikvm( 3888): DexOpt: not verifying/optimizing 'Landroid/media/IMediaScannerService;': multiple definitions
07-04 09:19:48.398 D/dalvikvm( 3888): DexOpt: not verifying/optimizing 'Landroid/media/IMediaScannerListener$Stub$Proxy;': multiple definitions
07-04 09:19:48.398 D/dalvikvm( 3888): DexOpt: not verifying/optimizing 'Landroid/media/IMediaScannerService$Stub$Proxy;': multiple definitions
07-04 09:19:48.402 D/dalvikvm( 3627): GC_CONCURRENT freed 463K, 19% free 10852K/13284K, paused 11ms+2ms, total 44ms
07-04 09:19:48.402 D/dalvikvm( 3627): WAIT_FOR_CONCURRENT_GC blocked 33ms
07-04 09:19:48.409 D/skia    ( 3627): Flag is not 10
07-04 09:19:48.491 I/themeservice( 3627): unbinding service
07-04 09:19:48.492 D/IPCThreadState( 3627): [DN #5] BR_CLEAR_DEATH_NOTIFICATION_DONE cookie 0x60ccff98
07-04 09:19:48.495 D/dalvikvm( 3627): threadid=42: exiting
07-04 09:19:48.498 D/dalvikvm( 3627): threadid=42: bye!
07-04 09:19:48.499 I/themeservice( 3627): add pending job /data/data/com.wandoujia.phoenix2.usbproxy/cache/com.baidu.input_mi.png
07-04 09:19:48.500 D/dalvikvm( 3627): create interp thread : stack size=32KB
07-04 09:19:48.500 D/dalvikvm( 3627): create new thread
07-04 09:19:48.501 D/dalvikvm( 3627): new thread created
07-04 09:19:48.501 D/dalvikvm( 3627): update thread list
07-04 09:19:48.501 D/dalvikvm( 3627): threadid=42: interp stack at 0x60207000
07-04 09:19:48.501 D/dalvikvm( 3627): threadid=42: created from interp
07-04 09:19:48.501 D/dalvikvm( 3627): start new thread
07-04 09:19:48.511 D/dalvikvm( 3627): threadid=42: notify debugger
07-04 09:19:48.511 D/dalvikvm( 3627): threadid=42 (Thread-425): calling run()
07-04 09:19:48.512 I/themeservice( 3627): binding service
07-04 09:19:48.527 I/themeservice( 3627): service connected
07-04 09:19:48.527 I/themeservice( 3627): saving icon for /data/data/com.wandoujia.phoenix2.usbproxy/cache/com.baidu.input_mi.png
07-04 09:19:48.528 I/themeservice( 3711): saving icon remotely(3627) for /data/data/com.wandoujia.phoenix2.usbproxy/cache/com.baidu.input_mi.png ALLOW: true
07-04 09:19:48.543 I/dalvikvm( 3888): DexOpt: not resolving ambiguous class 'Lcom/android/internal/telephony/IPhoneSubInfo$Stub;'
07-04 09:19:48.553 I/dalvikvm( 3888): DexOpt: not resolving ambiguous class 'Lcom/android/internal/telephony/IPhoneSubInfo$Stub;'
07-04 09:19:48.553 I/dalvikvm( 3888): DexOpt: not resolving ambiguous class 'Lcom/android/internal/telephony/ISms$Stub;'
07-04 09:19:48.602 W/ADB_SERVICES( 3229): create_local_service_socket() name=tcp:10201
07-04 09:19:48.603 I/System.out( 3627): [CDS]close[10201]
07-04 09:19:48.606 I/System.out( 3627): close [socket][/0.0.0.0:10201]
07-04 09:19:48.611 I/System.out( 3627): close [socket][/0.0.0.0:-1]
07-04 09:19:48.612 I/System.out( 3627): [CDS]EAGAIN or EWOULDBLOCK in Recvfrom
07-04 09:19:48.645 D/skia    ( 3627): Flag is not 10
07-04 09:19:48.774 D/dalvikvm( 3627): GC_CONCURRENT freed 889K, 20% free 10675K/13284K, paused 26ms+2ms, total 86ms
07-04 09:19:48.785 W/ADB_SERVICES( 3229): create_local_service_socket() name=tcp:10201
07-04 09:19:48.791 I/System.out( 3627): [CDS]close[10201]
07-04 09:19:48.792 I/System.out( 3627): close [socket][/0.0.0.0:10201]
07-04 09:19:48.793 I/System.out( 3627): [CDS]EAGAIN or EWOULDBLOCK in Recvfrom
07-04 09:19:48.804 I/System.out( 3627): close [socket][/0.0.0.0:-1]
07-04 09:19:48.828 D/skia    ( 3627): Flag is not 10
07-04 09:19:48.828 D/IconCustomizer( 3627): Generate customized icon for com.android.providers.telephony.png
07-04 09:19:48.833 D/skia    ( 3627): Flag is not 10
07-04 09:19:48.878 D/dalvikvm( 3627): GC_CONCURRENT freed 606K, 19% free 10823K/13284K, paused 5ms+2ms, total 49ms
07-04 09:19:48.878 D/dalvikvm( 3627): WAIT_FOR_CONCURRENT_GC blocked 44ms
07-04 09:19:48.880 D/skia    ( 3627): Flag is not 10
07-04 09:19:48.882 D/skia    ( 3627): Flag is not 10
07-04 09:19:48.949 I/themeservice( 3627): add pending job /data/data/com.wandoujia.phoenix2.usbproxy/cache/com.android.providers.telephony.png
07-04 09:19:48.949 I/themeservice( 3627): saving icon for /data/data/com.wandoujia.phoenix2.usbproxy/cache/com.android.providers.telephony.png
07-04 09:19:48.950 I/themeservice( 3711): saving icon remotely(3627) for /data/data/com.wandoujia.phoenix2.usbproxy/cache/com.android.providers.telephony.png ALLOW: true
07-04 09:19:49.001 D/dalvikvm( 3888): DexOpt: not verifying/optimizing 'Landroid/content/pm/IPackageStatsObserver$Stub;': multiple definitions
07-04 09:19:49.001 D/dalvikvm( 3888): DexOpt: not verifying/optimizing 'Landroid/content/pm/IPackageDataObserver$Stub;': multiple definitions
07-04 09:19:49.009 W/ADB_SERVICES( 3229): create_local_service_socket() name=tcp:10201
07-04 09:19:49.015 I/System.out( 3627): [CDS]close[10201]
07-04 09:19:49.016 I/System.out( 3627): close [socket][/0.0.0.0:-1]
07-04 09:19:49.017 I/System.out( 3627): [CDS]EAGAIN or EWOULDBLOCK in Recvfrom
07-04 09:19:49.018 I/System.out( 3627): close [socket][/0.0.0.0:10201]
07-04 09:19:49.083 D/dalvikvm( 3627): GC_FOR_ALLOC freed 776K, 20% free 10671K/13284K, paused 43ms, total 44ms
07-04 09:19:49.085 D/skia    ( 3627): Flag is not 10
07-04 09:19:49.140 W/ADB_SERVICES( 3229): create_local_service_socket() name=tcp:10201
07-04 09:19:49.144 I/System.out( 3627): [CDS]close[10201]
07-04 09:19:49.145 I/System.out( 3627): close [socket][/0.0.0.0:10201]
07-04 09:19:49.151 I/System.out( 3627): close [socket][/0.0.0.0:-1]
07-04 09:19:49.151 I/System.out( 3627): [CDS]EAGAIN or EWOULDBLOCK in Recvfrom
07-04 09:19:49.196 D/skia    ( 3627): Flag is not 10
07-04 09:19:49.200 D/IconCustomizer( 3627): Content Ratio = 1.2363636
07-04 09:19:49.203 D/IconCustomizer( 3627): Generate customized icon for com.miui.home.png
07-04 09:19:49.209 D/skia    ( 3627): Flag is not 10
07-04 09:19:49.225 D/skia    ( 3627): Flag is not 10
07-04 09:19:49.267 D/dalvikvm( 3627): GC_CONCURRENT freed 439K, 18% free 10947K/13284K, paused 15ms+2ms, total 57ms
07-04 09:19:49.267 D/dalvikvm( 3627): WAIT_FOR_CONCURRENT_GC blocked 42ms
07-04 09:19:49.321 D/dalvikvm( 3888): DexOpt: not verifying/optimizing 'Lcom/android/internal/telephony/IPhoneSubInfo$Stub;': multiple definitions
07-04 09:19:49.327 D/dalvikvm( 3888): DexOpt: not verifying/optimizing 'Lcom/android/internal/telephony/IPhoneSubInfo$Stub$a;': multiple definitions
07-04 09:19:49.329 I/dalvikvm( 3888): DexOpt: not resolving ambiguous class 'Landroid/media/IMediaScannerListener$Stub;'
07-04 09:19:49.330 D/dalvikvm( 3888): DexOpt: not verifying/optimizing 'Landroid/media/IMediaScannerService$Stub;': multiple definitions
07-04 09:19:49.340 I/themeservice( 3627): add pending job /data/data/com.wandoujia.phoenix2.usbproxy/cache/com.miui.home.png
07-04 09:19:49.344 I/dalvikvm( 3888): DexOpt: not resolving ambiguous class 'Landroid/content/pm/IPackageStatsObserver$Stub;'
07-04 09:19:49.345 I/themeservice( 3627): saving icon for /data/data/com.wandoujia.phoenix2.usbproxy/cache/com.miui.home.png
07-04 09:19:49.346 I/themeservice( 3711): saving icon remotely(3627) for /data/data/com.wandoujia.phoenix2.usbproxy/cache/com.miui.home.png ALLOW: true
07-04 09:19:49.430 W/ADB_SERVICES( 3229): create_local_service_socket() name=tcp:10201
07-04 09:19:49.431 I/System.out( 3627): [CDS]close[10201]
07-04 09:19:49.437 I/System.out( 3627): close [socket][/0.0.0.0:10201]
07-04 09:19:49.438 I/System.out( 3627): [CDS]EAGAIN or EWOULDBLOCK in Recvfrom
07-04 09:19:49.440 I/System.out( 3627): close [socket][/0.0.0.0:-1]
07-04 09:19:49.462 D/skia    ( 3627): Flag is not 10
07-04 09:19:49.475 I/dalvikvm( 3888): DexOpt: not resolving ambiguous class 'Landroid/content/pm/IPackageDataObserver$Stub;'
07-04 09:19:49.475 I/dalvikvm( 3888): DexOpt: not resolving ambiguous class 'Landroid/content/pm/IPackageStatsObserver$Stub;'
07-04 09:19:49.522 W/ADB_SERVICES( 3229): create_local_service_socket() name=tcp:10201
07-04 09:19:49.523 I/dalvikvm( 3888): DexOpt: not resolving ambiguous class 'Landroid/content/pm/IPackageStatsObserver$Stub;'
07-04 09:19:49.529 I/System.out( 3627): [CDS]close[10201]
07-04 09:19:49.531 I/System.out( 3627): close [socket][/0.0.0.0:10201]
07-04 09:19:49.532 I/System.out( 3627): close [socket][/0.0.0.0:-1]
07-04 09:19:49.532 I/System.out( 3627): [CDS]EAGAIN or EWOULDBLOCK in Recvfrom
07-04 09:19:49.598 D/dalvikvm( 3627): GC_FOR_ALLOC freed 1050K, 21% free 10592K/13284K, paused 47ms, total 47ms
07-04 09:19:49.601 D/skia    ( 3627): Flag is not 10
07-04 09:19:49.653 W/ADB_SERVICES( 3229): create_local_service_socket() name=tcp:10201
07-04 09:19:49.654 I/System.out( 3627): [CDS]close[10201]
07-04 09:19:49.657 I/System.out( 3627): close [socket][/0.0.0.0:10201]
07-04 09:19:49.662 I/System.out( 3627): close [socket][/0.0.0.0:-1]
07-04 09:19:49.663 I/System.out( 3627): [CDS]EAGAIN or EWOULDBLOCK in Recvfrom
07-04 09:19:49.697 D/skia    ( 3627): Flag is not 10
07-04 09:19:49.700 D/dalvikvm( 3888): DexOpt: load 836ms, verify+opt 9996ms, 6025372 bytes
07-04 09:19:49.701 D/IconCustomizer( 3627): Content Ratio = -1.0
07-04 09:19:49.708 D/IconCustomizer( 3627): Generate customized icon for com.miui.voicerecognizer.xunfei.png
07-04 09:19:49.709 D/skia    ( 3627): Flag is not 10
07-04 09:19:49.760 D/dalvikvm( 3627): GC_CONCURRENT freed 401K, 19% free 10875K/13284K, paused 12ms+2ms, total 50ms
07-04 09:19:49.760 D/dalvikvm( 3627): WAIT_FOR_CONCURRENT_GC blocked 38ms
07-04 09:19:49.762 D/skia    ( 3627): Flag is not 10
07-04 09:19:49.800 I/themeservice( 3627): add pending job /data/data/com.wandoujia.phoenix2.usbproxy/cache/com.miui.voicerecognizer.xunfei.png
07-04 09:19:49.804 I/themeservice( 3627): saving icon for /data/data/com.wandoujia.phoenix2.usbproxy/cache/com.miui.voicerecognizer.xunfei.png
07-04 09:19:49.805 I/themeservice( 3711): saving icon remotely(3627) for /data/data/com.wandoujia.phoenix2.usbproxy/cache/com.miui.voicerecognizer.xunfei.png ALLOW: true
07-04 09:19:49.853 I/System.out( 3627): [CDS]close[10201]
07-04 09:19:49.853 W/ADB_SERVICES( 3229): create_local_service_socket() name=tcp:10201
07-04 09:19:49.856 I/System.out( 3627): close [socket][/0.0.0.0:-1]
07-04 09:19:49.857 I/System.out( 3627): [CDS]EAGAIN or EWOULDBLOCK in Recvfrom
07-04 09:19:49.857 I/System.out( 3627): close [socket][/0.0.0.0:10201]
07-04 09:19:49.868 D/skia    ( 3627): Flag is not 10
07-04 09:19:49.898 W/ADB_SERVICES( 3229): create_local_service_socket() name=tcp:10201
07-04 09:19:49.900 I/System.out( 3627): close [socket][/0.0.0.0:-1]
07-04 09:19:49.902 I/System.out( 3627): [CDS]EAGAIN or EWOULDBLOCK in Recvfrom
07-04 09:19:49.907 I/System.out( 3627): [CDS]close[10201]
07-04 09:19:49.908 I/System.out( 3627): close [socket][/0.0.0.0:10201]
07-04 09:19:49.934 D/dalvikvm( 3627): GC_CONCURRENT freed 1065K, 21% free 10602K/13284K, paused 3ms+2ms, total 31ms
07-04 09:19:49.934 D/dalvikvm( 3627): WAIT_FOR_CONCURRENT_GC blocked 7ms
07-04 09:19:49.937 D/skia    ( 3627): Flag is not 10
07-04 09:19:49.964 W/ADB_SERVICES( 3229): create_local_service_socket() name=tcp:10201
07-04 09:19:49.965 I/System.out( 3627): close [socket][/0.0.0.0:-1]
07-04 09:19:49.966 I/System.out( 3627): [CDS]EAGAIN or EWOULDBLOCK in Recvfrom
07-04 09:19:49.972 I/System.out( 3627): [CDS]close[10201]
07-04 09:19:49.972 I/System.out( 3627): close [socket][/0.0.0.0:10201]
07-04 09:19:49.980 D/skia    ( 3627): Flag is not 10
07-04 09:19:49.981 D/IconCustomizer( 3627): Content Ratio = 1.4166666
07-04 09:19:49.982 D/IconCustomizer( 3627): Generate customized icon for com.iflytek.speechcloud.png
07-04 09:19:49.984 D/skia    ( 3627): Flag is not 10
07-04 09:19:49.994 D/skia    ( 3627): Flag is not 10
07-04 09:19:50.007 D/dalvikvm( 3627): GC_CONCURRENT freed 418K, 18% free 10914K/13284K, paused 3ms+2ms, total 23ms
07-04 09:19:50.007 D/dalvikvm( 3627): WAIT_FOR_CONCURRENT_GC blocked 13ms
07-04 09:19:50.039 I/themeservice( 3627): add pending job /data/data/com.wandoujia.phoenix2.usbproxy/cache/com.iflytek.speechcloud.png
07-04 09:19:50.039 I/themeservice( 3627): saving icon for /data/data/com.wandoujia.phoenix2.usbproxy/cache/com.iflytek.speechcloud.png
07-04 09:19:50.040 I/themeservice( 3711): saving icon remotely(3627) for /data/data/com.wandoujia.phoenix2.usbproxy/cache/com.iflytek.speechcloud.png ALLOW: true
07-04 09:19:50.072 W/ADB_SERVICES( 3229): create_local_service_socket() name=tcp:10201
07-04 09:19:50.073 I/System.out( 3627): close [socket][/0.0.0.0:-1]
07-04 09:19:50.075 I/System.out( 3627): [CDS]EAGAIN or EWOULDBLOCK in Recvfrom
07-04 09:19:50.080 I/System.out( 3627): [CDS]close[10201]
07-04 09:19:50.081 I/System.out( 3627): close [socket][/0.0.0.0:10201]
07-04 09:19:50.861 D/skia    ( 3627): Flag is not 10
07-04 09:19:50.861 D/IconCustomizer( 3627): Generate customized icon for com.android.providers.contacts.png
07-04 09:19:50.881 D/dalvikvm( 3627): GC_FOR_ALLOC freed 678K, 19% free 10811K/13284K, paused 19ms, total 19ms
07-04 09:19:50.912 I/themeservice( 3627): add pending job /data/data/com.wandoujia.phoenix2.usbproxy/cache/com.android.providers.contacts.png
07-04 09:19:50.912 I/themeservice( 3627): saving icon for /data/data/com.wandoujia.phoenix2.usbproxy/cache/com.android.providers.contacts.png
07-04 09:19:50.913 I/themeservice( 3711): saving icon remotely(3627) for /data/data/com.wandoujia.phoenix2.usbproxy/cache/com.android.providers.contacts.png ALLOW: true
07-04 09:19:50.941 W/ADB_SERVICES( 3229): create_local_service_socket() name=tcp:10201
07-04 09:19:50.943 I/System.out( 3627): close [socket][/0.0.0.0:-1]
07-04 09:19:50.949 I/System.out( 3627): [CDS]EAGAIN or EWOULDBLOCK in Recvfrom
07-04 09:19:50.954 I/System.out( 3627): [CDS]close[10201]
07-04 09:19:50.955 I/System.out( 3627): close [socket][/0.0.0.0:10201]
07-04 09:19:50.964 D/skia    ( 3627): Flag is not 10
07-04 09:19:50.994 D/ADB_SERVICES( 3229): adb fdevent_process list (21) (15) (26) (25) (27) (24) 
07-04 09:19:50.994 D/ADB_SERVICES( 3229): adb socket read list (21) (26) (25) (27) (24) 
07-04 09:19:50.994 D/ADB_SERVICES( 3229): read_data=192797
07-04 09:19:50.994 D/ADB_SERVICES( 3229): max_read_time=0.000044 max_send_time=0.000044 
07-04 09:19:50.995 D/ADB_SERVICES( 3229): adb local_socket_ready list (21) (26) (27) (25) (24) 
07-04 09:19:51.001 W/ADB_SERVICES( 3229): create_local_service_socket() name=tcp:10201
07-04 09:19:51.003 I/System.out( 3627): close [socket][/0.0.0.0:-1]
07-04 09:19:51.004 I/System.out( 3627): [CDS]EAGAIN or EWOULDBLOCK in Recvfrom
07-04 09:19:51.006 W/ADB_SERVICES( 3229): create_local_service_socket() name=tcp:10201
07-04 09:19:51.008 I/System.out( 3627): close [socket][/0.0.0.0:-1]
07-04 09:19:51.011 I/System.out( 3627): [CDS]close[10201]
07-04 09:19:51.012 I/System.out( 3627): close [socket][/0.0.0.0:10201]
07-04 09:19:51.013 I/System.out( 3627): [CDS]EAGAIN or EWOULDBLOCK in Recvfrom
07-04 09:19:51.018 W/ADB_SERVICES( 3229): create_local_service_socket() name=tcp:10201
07-04 09:19:51.018 W/ADB_SERVICES( 3229): create_local_service_socket() name=tcp:10201
07-04 09:19:51.021 I/System.out( 3627): close [socket][/0.0.0.0:-1]
07-04 09:19:51.031 I/System.out( 3627): [CDS]EAGAIN or EWOULDBLOCK in Recvfrom
07-04 09:19:51.032 D/ConnectivityService(  461): getActiveNetworkInfo:NetworkInfo: type: WIFI[], state: CONNECTED/CONNECTED, reason: (unspecified), extra: "OPPO-SZ", roaming: false, failover: false, isAvailable: true, simId: 0/10085
07-04 09:19:51.034 D/TelephonyManager( 3627): getDefaultSim is sim1
07-04 09:19:51.035 I/System.out( 3627): [CDS]EAGAIN or EWOULDBLOCK in Recvfrom
07-04 09:19:51.063 D/dalvikvm( 3627): GC_CONCURRENT freed 1081K, 21% free 10556K/13284K, paused 17ms+2ms, total 40ms
07-04 09:19:51.063 D/dalvikvm( 3627): WAIT_FOR_CONCURRENT_GC blocked 24ms
07-04 09:19:51.064 D/dalvikvm( 3627): WAIT_FOR_CONCURRENT_GC blocked 10ms
07-04 09:19:51.065 D/dalvikvm( 3627): WAIT_FOR_CONCURRENT_GC blocked 11ms
07-04 09:19:51.072 D/skia    ( 3627): Flag is not 10
07-04 09:19:51.075 D/ConnectivityService(  461): getActiveNetworkInfo:NetworkInfo: type: WIFI[], state: CONNECTED/CONNECTED, reason: (unspecified), extra: "OPPO-SZ", roaming: false, failover: false, isAvailable: true, simId: 0/10085
07-04 09:19:51.082 I/System.out( 3627): [CDS]close[10201]
07-04 09:19:51.083 I/System.out( 3627): close [socket][/0.0.0.0:10201]
07-04 09:19:51.083 I/System.out( 3627): [CDS]close[10201]
07-04 09:19:51.084 I/System.out( 3627): close [socket][/0.0.0.0:10201]
07-04 09:19:51.090 I/System.out( 3627): [CDS]close[10201]
07-04 09:19:51.090 I/System.out( 3627): close [socket][/0.0.0.0:10201]
07-04 09:19:51.112 W/ADB_SERVICES( 3229): create_local_service_socket() name=tcp:10201
07-04 09:19:51.114 I/System.out( 3627): close [socket][/0.0.0.0:-1]
07-04 09:19:51.115 I/System.out( 3627): [CDS]close[10201]
07-04 09:19:51.115 I/System.out( 3627): close [socket][/0.0.0.0:10201]
07-04 09:19:51.116 I/System.out( 3627): [CDS]EAGAIN or EWOULDBLOCK in Recvfrom
07-04 09:19:51.129 D/skia    ( 3627): Flag is not 10
07-04 09:19:51.132 D/IconCustomizer( 3627): Content Ratio = 1.5632184
07-04 09:19:51.133 D/IconCustomizer( 3627): Generate customized icon for com.android.magicsmoke.png
07-04 09:19:51.140 D/skia    ( 3627): Flag is not 10
07-04 09:19:51.158 D/dalvikvm( 3627): GC_CONCURRENT freed 431K, 19% free 10866K/13284K, paused 3ms+2ms, total 24ms
07-04 09:19:51.158 D/dalvikvm( 3627): WAIT_FOR_CONCURRENT_GC blocked 13ms
07-04 09:19:51.160 D/skia    ( 3627): Flag is not 10
07-04 09:19:51.162 D/skia    ( 3627): Flag is not 10
07-04 09:19:51.514 W/ADB_SERVICES( 3229): create_local_service_socket() name=tcp:10201
07-04 09:19:51.516 I/System.out( 3627): close [socket][/0.0.0.0:-1]
07-04 09:19:51.517 I/System.out( 3627): [CDS]EAGAIN or EWOULDBLOCK in Recvfrom
07-04 09:19:51.527 I/System.out( 3627): [CDS]close[10201]
07-04 09:19:51.527 I/System.out( 3627): close [socket][/0.0.0.0:10201]
07-04 09:19:51.914 I/themeservice( 3627): unbinding service
07-04 09:19:51.915 D/IPCThreadState( 3627): [DN #5] BR_CLEAR_DEATH_NOTIFICATION_DONE cookie 0x60c94bb0
07-04 09:19:51.919 D/dalvikvm( 3627): threadid=42: exiting
07-04 09:19:51.919 D/dalvikvm( 3627): threadid=42: bye!
07-04 09:19:53.090 W/ADB_SERVICES( 3229): create_local_service_socket() name=tcp:10201
07-04 09:19:53.092 I/System.out( 3627): close [socket][/0.0.0.0:-1]
07-04 09:19:53.093 I/System.out( 3627): [CDS]EAGAIN or EWOULDBLOCK in Recvfrom
07-04 09:19:53.095 W/ADB_SERVICES( 3229): create_local_service_socket() name=tcp:10201
07-04 09:19:53.097 I/System.out( 3627): [CDS]EAGAIN or EWOULDBLOCK in Recvfrom
07-04 09:19:53.103 I/System.out( 3627): close [socket][/0.0.0.0:-1]
07-04 09:19:53.112 D/TelephonyManager( 3627): getDefaultSim is sim1
07-04 09:19:53.119 I/System.out( 3627): [CDS]close[10201]
07-04 09:19:53.119 I/System.out( 3627): close [socket][/0.0.0.0:10201]
07-04 09:19:53.123 D/ConnectivityService(  461): getActiveNetworkInfo:NetworkInfo: type: WIFI[], state: CONNECTED/CONNECTED, reason: (unspecified), extra: "OPPO-SZ", roaming: false, failover: false, isAvailable: true, simId: 0/10085
07-04 09:19:53.129 I/System.out( 3627): [CDS]close[10201]
07-04 09:19:53.130 I/System.out( 3627): close [socket][/0.0.0.0:10201]
07-04 09:19:53.212 D/SQLiteConnection(  461): executeForCursorWindow took 903ms - succeeded, sql="SELECT c_message, c_package_name, _id, c_precise, c_versions FROM running_compatibility WHERE (c_package_name = ? ) ORDER BY _id DESC", bindArgs=["com.wandoujia.phoenix2.usbproxy"], window='/data/data/com.android.providers.settings/databases/compatibility_settings.db {5c3bb658}', startPos=0, actualPos=0, filledRows=0, countedRows=0
07-04 09:19:53.228 D/dalvikvm( 3627): create interp thread : stack size=32KB
