07-04 12:17:41.765 D/WindowManager(  582): interceptKeyBeforeDispatching KEYCODE_BACK,keyevent actiondown 


07-04 12:17:41.765 V/Provider/Settings(  582):  from settings cache , name = sound_effects_enabled , value = 1
07-04 12:17:41.765 D/ActivityThread(  582): BDC-Calling finishReceiver: IIntentReceiver=42702508
07-04 12:17:41.766 D/AudioTrack(  582): audiotrack 0x652b92a0 set Type 1, rate 44100, fmt 1, chn 1, fcnt 8192, flag 4
07-04 12:17:41.766 D/AudioFlinger(  133): createTrack() sessionId: 0
07-04 12:17:41.766 D/AudioFlinger(  133): createTrack() lSessionId: 13
07-04 12:17:41.766 D/AudioFlinger(  133): AUDIO_OUTPUT_FLAG_FAST denied: isTimed=0 sharedBuffer=0x0 frameCount=8192 mFrameCount=2048 format=1 isLinear=1 channelMask=0x1 sampleRate=44100 mSampleRate=44100 hasFastMixer=0 tid=4283 fastTrackAvailMask=0xfe
07-04 12:17:41.766 D/AudioFlinger(  133): Track constructor name 4097, calling pid 582
07-04 12:17:41.766 D/AudioTrack(  582): sched_setscheduler to rt, priority: 1
07-04 12:17:41.766 V/Mms     ( 3648): [1] MmsSystemEventReceiver.java(167): Intent received: Intent { act=android.intent.action.ANY_DATA_STATE flg=0x10 (has extras) }
07-04 12:17:41.767 D/AudioFlinger(  133): acquiring 13 from 582
07-04 12:17:41.767 D/AudioFlinger(  133):  added new entry for 13
07-04 12:17:41.767 D/AudioTrack(  582): start 0x652b92a0
07-04 12:17:41.767 D/AudioFlinger(  133): start(4097), calling pid 582 session 13
07-04 12:17:41.767 D/AudioFlinger(  133): ? => ACTIVE (4097) on thread 0x42dddf28
07-04 12:17:41.767 D/AudioMTKPolicyManager(  133): startOutput() output 2, stream 1, session 13
07-04 12:17:41.767 D/AudioMTKPolicyManager(  133): getNewDevice() selected device 2 output= 2
07-04 12:17:41.767 D/AudioMTKPolicyManager(  133): setOutputDevice() output 2 device 0002 delayMs 0
07-04 12:17:41.767 D/AudioMTKPolicyManager(  133): checkDeviceMuteStrategies outputDesc = 0x428a1928 prevDevice = 2 delayMs = 0
07-04 12:17:41.767 D/TelephonyRegistry(  582): Received ACTION_ANY_DATA_CONNECTION_STATE_CHANGED_MOBILE
07-04 12:17:41.767 D/AudioMTKPolicyManager(  133): setOutputDevice() setting same device 0002 or null device for output 2
07-04 12:17:41.767 D/AudioMTKPolicyManager(  133):  checkAndSetVolume stream = 1 index = 3 output = 2 device = 0x2 delayMs = 0 force = 0
07-04 12:17:41.767 D/AudioMTKPolicyManager(  133): getNewDevice() selected device 2 output= 2
07-04 12:17:41.767 D/AudioMTKPolicyManager(  133): computeCustomVolume OutputDevice == AudioSystem::DEVICE_OUT_SPEAKER
07-04 12:17:41.767 D/AudioFlinger(  133): mWaitWorkCV.broadcast
07-04 12:17:41.767 D/AudioTrack(  582): ~audioTrack 0x5c2e5a40
07-04 12:17:41.767 D/AudioFlinger(  133): ~TrackHandle trackName=4096
07-04 12:17:41.767 D/AudioMTKPolicyManager(  133): releaseOutput() 2
07-04 12:17:41.767 D/AudioFlinger(  133): remove track (4096) and delete from mixer
07-04 12:17:41.767 D/AudioFlinger(  133): PlaybackThread::Track destructor
07-04 12:17:41.767 W/ApplicationContext(  582): Calling a method in the system process without a qualified user: android.app.ContextImpl.sendStickyBroadcast:1278 com.android.server.TelephonyRegistry$3.onReceive:910 android.app.LoadedApk$ReceiverDispatcher$Args.run:791 
07-04 12:17:41.767 D/AudioFlinger(  133): releasing 12 from 582
07-04 12:17:41.767 D/AudioFlinger(  133):  decremented refcount to 0
07-04 12:17:41.767 D/AudioFlinger(  133): +purging stale effects
07-04 12:17:41.767 D/AudioFlinger(  133): -purging stale effects
07-04 12:17:41.768 V/ActivityManager(  582): Broadcast sticky: Intent { act=android.intent.action.ANY_DATA_STATE flg=0x10 (has extras) } ordered=false userid=0
07-04 12:17:41.768 D/ActivityThread(  582): BDC-Calling onReceive: intent=Intent { act=android.intent.action.ANY_DATA_STATE_MOBILE flg=0x10 (has extras) }, ordered=true, receiver=android.net.MobileDataStateTracker$MobileDataStateReceiver@4278b918, IIntentReceiver=42702508
07-04 12:17:41.768 D/MobileDataStateTracker(  582): mms: Intent from SIM 1, current SIM 0, current DataState DISCONNECTED
07-04 12:17:41.769 D/ExtensionManager( 2464): PhoneGlobalsBroadcastReceiverExtension()
07-04 12:17:41.769 D/PhonePluginExtensionContainer( 2464): getPhoneGlobalsBroadcastReceiverExtension()
07-04 12:17:41.769 D/PhoneGlobalsBroadcastReceiverExtensionContainer( 2464): onReceive(), sub extension list is null, just return
07-04 12:17:41.769 D/PhoneGlobals( 2464): PhoneGlobalsBroadcastReceiver -----action=android.intent.action.ANY_DATA_STATE
07-04 12:17:41.769 D/PhoneGlobals( 2464): mReceiver: ACTION_ANY_DATA_CONNECTION_STATE_CHANGED state:DISCONNECTED reason:dataDetached
07-04 12:17:41.769 D/NotificationMgr( 2464): hideDataDisconnectedRoaming()...
07-04 12:17:41.769 D/ActivityThread(  582): BDC-Calling finishReceiver: IIntentReceiver=42702508
07-04 12:17:41.770 V/Mms     ( 3648): [1] MmsSystemEventReceiver.java(167): Intent received: Intent { act=android.intent.action.ANY_DATA_STATE flg=0x10 (has extras) }
07-04 12:17:41.770 D/TelephonyRegistry(  582): Received ACTION_ANY_DATA_CONNECTION_STATE_CHANGED_MOBILE
07-04 12:17:41.771 W/ApplicationContext(  582): Calling a method in the system process without a qualified user: android.app.ContextImpl.sendStickyBroadcast:1278 com.android.server.TelephonyRegistry$3.onReceive:910 android.app.LoadedApk$ReceiverDispatcher$Args.run:791 
07-04 12:17:41.771 V/ActivityManager(  582): Broadcast sticky: Intent { act=android.intent.action.ANY_DATA_STATE flg=0x10 (has extras) } ordered=false userid=0
07-04 12:17:41.771 D/ActivityThread(  582): BDC-Calling onReceive: intent=Intent { act=android.intent.action.ANY_DATA_STATE_MOBILE flg=0x10 (has extras) }, ordered=true, receiver=android.net.MobileDataStateTracker$MobileDataStateReceiver@4278b918, IIntentReceiver=42702508
07-04 12:17:41.771 D/MobileDataStateTracker(  582): net: Intent from SIM 1, current SIM 0, current DataState DISCONNECTED
07-04 12:17:41.772 D/ExtensionManager( 2464): PhoneGlobalsBroadcastReceiverExtension()
07-04 12:17:41.772 D/PhonePluginExtensionContainer( 2464): getPhoneGlobalsBroadcastReceiverExtension()
07-04 12:17:41.772 D/PhoneGlobalsBroadcastReceiverExtensionContainer( 2464): onReceive(), sub extension list is null, just return
07-04 12:17:41.772 D/PhoneGlobals( 2464): PhoneGlobalsBroadcastReceiver -----action=android.intent.action.ANY_DATA_STATE
07-04 12:17:41.772 D/PhoneGlobals( 2464): mReceiver: ACTION_ANY_DATA_CONNECTION_STATE_CHANGED state:DISCONNECTED reason:dataDetached
07-04 12:17:41.772 D/NotificationMgr( 2464): hideDataDisconnectedRoaming()...
07-04 12:17:41.772 D/ActivityThread(  582): BDC-Calling finishReceiver: IIntentReceiver=42702508
07-04 12:17:41.772 V/Mms     ( 3648): [1] MmsSystemEventReceiver.java(167): Intent received: Intent { act=android.intent.action.ANY_DATA_STATE flg=0x10 (has extras) }
07-04 12:17:41.773 D/TelephonyRegistry(  582): Received ACTION_ANY_DATA_CONNECTION_STATE_CHANGED_MOBILE
07-04 12:17:41.773 D/MobileDataStateTracker(  582): mms: getNetworkInfo: updated IsAvailable=false
07-04 12:17:41.773 W/ApplicationContext(  582): Calling a method in the system process without a qualified user: android.app.ContextImpl.sendStickyBroadcast:1278 com.android.server.TelephonyRegistry$3.onReceive:910 android.app.LoadedApk$ReceiverDispatcher$Args.run:791 
07-04 12:17:41.773 D/MobileDataStateTracker(  582): mms: getNetworkInfo: updated IsAvailable=false
07-04 12:17:41.774 V/ActivityManager(  582): Broadcast sticky: Intent { act=android.intent.action.ANY_DATA_STATE flg=0x10 (has extras) } ordered=false userid=0
07-04 12:17:41.774 D/ActivityThread(  582): BDC-Calling onReceive: intent=Intent { act=android.intent.action.ANY_DATA_STATE_MOBILE flg=0x10 (has extras) }, ordered=true, receiver=android.net.MobileDataStateTracker$MobileDataStateReceiver@4278b918, IIntentReceiver=42702508
07-04 12:17:41.774 D/MobileDataStateTracker(  582): rcse: Intent from SIM 1, current SIM 0, current DataState DISCONNECTED
07-04 12:17:41.775 D/ExtensionManager( 2464): PhoneGlobalsBroadcastReceiverExtension()
07-04 12:17:41.775 D/PhonePluginExtensionContainer( 2464): getPhoneGlobalsBroadcastReceiverExtension()
07-04 12:17:41.775 D/PhoneGlobalsBroadcastReceiverExtensionContainer( 2464): onReceive(), sub extension list is null, just return
07-04 12:17:41.775 D/PhoneGlobals( 2464): PhoneGlobalsBroadcastReceiver -----action=android.intent.action.ANY_DATA_STATE
07-04 12:17:41.775 D/PhoneGlobals( 2464): mReceiver: ACTION_ANY_DATA_CONNECTION_STATE_CHANGED state:DISCONNECTED reason:dataDetached
07-04 12:17:41.775 D/NotificationMgr( 2464): hideDataDisconnectedRoaming()...
07-04 12:17:41.775 D/ActivityThread(  582): BDC-Calling finishReceiver: IIntentReceiver=42702508
07-04 12:17:41.776 D/TelephonyRegistry(  582): Received ACTION_ANY_DATA_CONNECTION_STATE_CHANGED_MOBILE
07-04 12:17:41.776 W/ApplicationContext(  582): Calling a method in the system process without a qualified user: android.app.ContextImpl.sendStickyBroadcast:1278 com.android.server.TelephonyRegistry$3.onReceive:910 android.app.LoadedApk$ReceiverDispatcher$Args.run:791 
07-04 12:17:41.776 V/ActivityManager(  582): Broadcast sticky: Intent { act=android.intent.action.ANY_DATA_STATE flg=0x10 (has extras) } ordered=false userid=0
07-04 12:17:41.777 V/Mms     ( 3648): [1] MmsSystemEventReceiver.java(167): Intent received: Intent { act=android.intent.action.ANY_DATA_STATE flg=0x10 (has extras) }
07-04 12:17:41.777 D/ActivityThread(  582): BDC-Calling onReceive: intent=Intent { act=android.intent.action.ANY_DATA_STATE_MOBILE flg=0x10 (has extras) }, ordered=true, receiver=android.net.MobileDataStateTracker$MobileDataStateReceiver@4278b918, IIntentReceiver=42702508
07-04 12:17:41.777 D/MobileDataStateTracker(  582): cbs: Intent from SIM 1, current SIM 0, current DataState DISCONNECTED
07-04 12:17:41.777 D/ExtensionManager( 2464): PhoneGlobalsBroadcastReceiverExtension()
07-04 12:17:41.777 D/PhonePluginExtensionContainer( 2464): getPhoneGlobalsBroadcastReceiverExtension()
07-04 12:17:41.777 D/PhoneGlobalsBroadcastReceiverExtensionContainer( 2464): onReceive(), sub extension list is null, just return
07-04 12:17:41.777 D/PhoneGlobals( 2464): PhoneGlobalsBroadcastReceiver -----action=android.intent.action.ANY_DATA_STATE
07-04 12:17:41.777 D/PhoneGlobals( 2464): mReceiver: ACTION_ANY_DATA_CONNECTION_STATE_CHANGED state:DISCONNECTED reason:dataDetached
07-04 12:17:41.778 D/AudioMTKStreamOut(  133): setParameters() SetHardwareMute=0
07-04 12:17:41.778 D/AudioResourceManager(  133): SetHardwareMute bEnable = 0 mHardwareMute = 1 mAudioMode = 0
07-04 12:17:41.778 D/AudioAnalogControl(  133): SetAnalogMute VoleumType = 2 mute = 0 
07-04 12:17:41.778 D/AudioMachineDevice(  133): SetAnalogMute VOLUME_TYPE = 2 mute = 0 
07-04 12:17:41.778 D/AudioMTKStreamOut(  133): write(), buffer = 0x42c0f398 bytes = 8192 mLatency = 92
07-04 12:17:41.780 V/Mms     ( 3648): [1] MmsSystemEventReceiver.java(167): Intent received: Intent { act=android.intent.action.ANY_DATA_STATE flg=0x10 (has extras) }
07-04 12:17:41.781 D/NotificationMgr( 2464): hideDataDisconnectedRoaming()...
07-04 12:17:41.783 D/ActivityThread(  582): BDC-Calling finishReceiver: IIntentReceiver=42702508
07-04 12:17:41.785 D/TelephonyRegistry(  582): Received ACTION_ANY_DATA_CONNECTION_STATE_CHANGED_MOBILE
07-04 12:17:41.785 W/ApplicationContext(  582): Calling a method in the system process without a qualified user: android.app.ContextImpl.sendStickyBroadcast:1278 com.android.server.TelephonyRegistry$3.onReceive:910 android.app.LoadedApk$ReceiverDispatcher$Args.run:791 
07-04 12:17:41.786 V/Provider/Settings(  582):  from settings cache , name = read_external_storage_enforced_default , value = null
07-04 12:17:41.787 D/dalvikvm(  130): threadid=2: exiting
07-04 12:17:41.787 D/dalvikvm(  130): threadid=2: bye!
07-04 12:17:41.787 D/dalvikvm(  130): threadid=3: exiting
07-04 12:17:41.787 D/dalvikvm(  130): threadid=3: bye!
07-04 12:17:41.787 D/dalvikvm(  130): threadid=4: exiting
07-04 12:17:41.787 D/dalvikvm(  130): threadid=4: bye!
07-04 12:17:41.797 D/dalvikvm(  130): pre gc
07-04 12:17:41.797 D/dalvikvm(  130): Zygote::ForkAndSpecialize +
07-04 12:17:41.797 D/dalvikvm( 2464): GC_CONCURRENT freed 381K, 6% free 9209K/9720K, paused 2ms+1ms, total 17ms
07-04 12:17:41.801 D/dalvikvm(  130): Zygote::ForkAndSpecialize : 4284
07-04 12:17:41.801 D/dalvikvm( 4284): Zygote::ForkAndSpecialize : 0
07-04 12:17:41.801 D/dalvikvm(  130): create interp thread : stack size=32KB
07-04 12:17:41.801 D/dalvikvm(  130): create new thread
07-04 12:17:41.802 D/dalvikvm( 4284): zygote get new systemTid : 4284
07-04 12:17:41.802 D/dalvikvm(  130): new thread created
07-04 12:17:41.802 D/dalvikvm(  130): update thread list
07-04 12:17:41.802 D/dalvikvm(  130): threadid=2: interp stack at 0x5b173000
07-04 12:17:41.802 D/dalvikvm(  130): threadid=2: created from interp
07-04 12:17:41.802 D/dalvikvm(  130): start new thread
07-04 12:17:41.802 D/dalvikvm(  130): threadid=2: notify debugger
07-04 12:17:41.802 D/dalvikvm(  130): threadid=2 (ReferenceQueueDaemon): calling run()
07-04 12:17:41.802 D/dalvikvm( 4284): threadid=2: interp stack at 0x5b273000
07-04 12:17:41.802 D/dalvikvm(  130): create interp thread : stack size=32KB
07-04 12:17:41.802 D/dalvikvm(  130): create new thread
07-04 12:17:41.802 D/dalvikvm(  130): new thread created
07-04 12:17:41.802 D/dalvikvm(  130): update thread list
07-04 12:17:41.802 D/dalvikvm(  130): threadid=3: interp stack at 0x5b27b000
07-04 12:17:41.802 D/dalvikvm(  130): threadid=3: created from interp
07-04 12:17:41.802 D/dalvikvm(  130): start new thread
07-04 12:17:41.802 D/dalvikvm(  130): threadid=3: notify debugger
07-04 12:17:41.802 D/dalvikvm(  130): threadid=3 (FinalizerDaemon): calling run()
07-04 12:17:41.802 D/dalvikvm(  130): create interp thread : stack size=32KB
07-04 12:17:41.802 D/dalvikvm(  130): create new thread
07-04 12:17:41.802 D/dalvikvm(  130): new thread created
07-04 12:17:41.802 D/dalvikvm(  130): update thread list
07-04 12:17:41.802 D/dalvikvm(  130): threadid=4: interp stack at 0x5b383000
07-04 12:17:41.802 D/dalvikvm(  130): threadid=4: created from interp
07-04 12:17:41.802 D/dalvikvm( 4284): threadid=3: interp stack at 0x5b37b000
07-04 12:17:41.802 D/dalvikvm(  130): start new thread
07-04 12:17:41.802 D/dalvikvm(  130): threadid=4: notify debugger
07-04 12:17:41.802 D/dalvikvm(  130): threadid=4 (FinalizerWatchdogDaemon): calling run()
07-04 12:17:41.802 D/dalvikvm( 4284): Elevating priority from 0 to -8
07-04 12:17:41.803 D/dalvikvm( 4284): threadid=4: interp stack at 0x5b483000
07-04 12:17:41.803 D/dalvikvm( 4284): zygote get thread init done
07-04 12:17:41.803 D/dalvikvm( 4284): create interp thread : stack size=32KB
07-04 12:17:41.803 I/ActivityManager(  582): Start proc com.mediatek.mtklogger for broadcast com.mediatek.mtklogger/.framework.LogReceiver: pid=4284 uid=10038 gids={50038, 3003, 1015, 1028}
07-04 12:17:41.803 D/dalvikvm( 4284): create new thread
07-04 12:17:41.803 D/dalvikvm( 4284): new thread created
07-04 12:17:41.803 D/dalvikvm( 4284): update thread list
07-04 12:17:41.803 D/dalvikvm( 4284): threadid=5: interp stack at 0x5d6c7000
07-04 12:17:41.803 D/dalvikvm( 4284): threadid=5: created from interp
07-04 12:17:41.803 D/dalvikvm( 4284): start new thread
07-04 12:17:41.803 D/dalvikvm( 4284): threadid=5: notify debugger
07-04 12:17:41.803 D/dalvikvm( 4284): threadid=5 (ReferenceQueueDaemon): calling run()
07-04 12:17:41.803 D/dalvikvm( 4284): create interp thread : stack size=32KB
07-04 12:17:41.803 D/dalvikvm( 4284): create new thread
07-04 12:17:41.803 D/dalvikvm( 4284): new thread created
07-04 12:17:41.803 D/dalvikvm( 4284): update thread list
07-04 12:17:41.803 D/dalvikvm( 4284): threadid=6: interp stack at 0x5d7cf000
07-04 12:17:41.803 D/dalvikvm( 4284): threadid=6: created from interp
07-04 12:17:41.803 D/dalvikvm( 4284): start new thread
07-04 12:17:41.803 D/dalvikvm( 4284): create interp thread : stack size=32KB
07-04 12:17:41.803 D/dalvikvm( 4284): create new thread
07-04 12:17:41.803 D/dalvikvm( 4284): new thread created
07-04 12:17:41.803 D/dalvikvm( 4284): update thread list
07-04 12:17:41.804 D/dalvikvm( 4284): threadid=7: interp stack at 0x5d8d7000
07-04 12:17:41.804 D/dalvikvm( 4284): threadid=7: created from interp
07-04 12:17:41.804 D/dalvikvm( 4284): start new thread
07-04 12:17:41.804 D/dalvikvm( 4284): threadid=6: notify debugger
07-04 12:17:41.804 D/dalvikvm( 4284): threadid=6 (FinalizerDaemon): calling run()
07-04 12:17:41.804 D/dalvikvm( 4284): threadid=7: notify debugger
07-04 12:17:41.804 D/dalvikvm( 4284): threadid=7 (FinalizerWatchdogDaemon): calling run()
07-04 12:17:41.805 V/ActivityManager(  582): Broadcast sticky: Intent { act=android.intent.action.ANY_DATA_STATE flg=0x10 (has extras) } ordered=false userid=0
07-04 12:17:41.806 D/ExtensionManager( 2464): PhoneGlobalsBroadcastReceiverExtension()
07-04 12:17:41.806 D/PhonePluginExtensionContainer( 2464): getPhoneGlobalsBroadcastReceiverExtension()
07-04 12:17:41.806 D/PhoneGlobalsBroadcastReceiverExtensionContainer( 2464): onReceive(), sub extension list is null, just return
07-04 12:17:41.806 D/PhoneGlobals( 2464): PhoneGlobalsBroadcastReceiver -----action=android.intent.action.ANY_DATA_STATE
07-04 12:17:41.807 D/PhoneGlobals( 2464): mReceiver: ACTION_ANY_DATA_CONNECTION_STATE_CHANGED state:DISCONNECTED reason:dataDetached
07-04 12:17:41.807 D/NotificationMgr( 2464): hideDataDisconnectedRoaming()...
07-04 12:17:41.808 V/Mms     ( 3648): [1] MmsSystemEventReceiver.java(167): Intent received: Intent { act=android.intent.action.ANY_DATA_STATE flg=0x10 (has extras) }
07-04 12:17:41.811 D/dalvikvm( 4284): open_cached_dex_file : /data/data/com.lbe.security.miui/app_hips/client.jar /data/dalvik-cache/data@data@com.lbe.security.miui@app_hips@client.jar@classes.dex
07-04 12:17:41.812 D/dalvikvm( 4284): Trying to load lib /data/data/com.lbe.security.miui/app_hips/liblbeclient.so 0x421dab60
07-04 12:17:41.813 D/dalvikvm( 4284): Added shared lib /data/data/com.lbe.security.miui/app_hips/liblbeclient.so 0x421dab60
07-04 12:17:41.819 D/dalvikvm( 4284): threadid=8: interp stack at 0x5dd28000
07-04 12:17:41.819 D/dalvikvm( 4284): threadid=9: interp stack at 0x5de30000
07-04 12:17:41.824 D/AudioMTKStreamOut(  133): write(), buffer = 0x42c0f398 bytes = 8192 mLatency = 92
07-04 12:17:41.832 V/ActivityManager(  582): Binding process pid 4284 to record ProcessRecord{42681450 4284:com.mediatek.mtklogger/u0a10038}
07-04 12:17:41.832 V/ActivityManager(  582): New death recipient com.android.server.am.ActivityManagerService$AppDeathRecipient@42bedf38 for thread android.os.BinderProxy@42c50110
07-04 12:17:41.832 V/ActivityManager(  582): New app record ProcessRecord{42681450 4284:com.mediatek.mtklogger/u0a10038} thread=android.os.BinderProxy@42c50110 pid=4284
07-04 12:17:41.842 D/dalvikvm( 4284): open_cached_dex_file : /system/app/MTKLogger.apk /data/dalvik-cache/system@app@MTKLogger.apk@classes.dex
07-04 12:17:41.870 D/AudioMTKStreamOut(  133): write(), buffer = 0x42c0f398 bytes = 8192 mLatency = 92
07-04 12:17:41.871 D/dalvikvm( 4284): GC_CONCURRENT freed 331K, 5% free 8439K/8800K, paused 2ms+2ms, total 12ms
07-04 12:17:41.882 V/ActivityManager(  582): Broadcast: Intent { act=com.xiaomi.mipush.RECEIVE_MESSAGE flg=0x10 pkg=com.android.providers.downloads (has extras) } ordered=false userid=0
07-04 12:17:41.888 I/ContentProviderBinder( 2579): ChangeObserver: content changed.
07-04 12:17:41.888 D/com.miui.providers.weather.WeatherProvider( 2680): inserted city_name=褰撻槼 weathernamesfrom=鏅?locale=zh_CN weather_type=9 risingTide=-999 temperature=22鈩?city_id=褰撻槼_30.846_111.81_444100_0717_瀹滄槍,婀栧寳,涓浗_Dangyang_yic timestamp= _id= description=澶ч洦 water=-999 wind=涓滃寳椋庯紝椋庡姏2绾?weathernamesto=涓洦 ends= pressure=1003.9 data1= begins= tmphighs=28 ebbTide=-999 aqilevel=38 temperature_range=28鈩儈24鈩?pressures=-999 tmplows=24 humidity=93 publish_time=1404446140980 sunset=-999 day=0 sunrise=-999 winds= rowID = 11346
07-04 12:17:41.896 D/WindowManager(  582): interceptKeyTq keycode=4 screenIsOn=true keyguardActive=false policyFlags = #2000100 down =false canceled = false isWakeKey=false
07-04 12:17:41.896 D/PhoneInterfaceManager( 2464): state = IDLE
07-04 12:17:41.896 V/Provider/Settings(  582):  from settings cache , name = haptic_feedback_enabled , value = 0
07-04 12:17:41.897 D/PhoneInterfaceManager( 2464): state = IDLE
07-04 12:17:41.897 V/Provider/Settings(  582):  from settings cache , name = haptic_feedback_enabled , value = 0
07-04 12:17:41.897 D/WindowManager(  582): interceptKeyTi keyCode=4 down=false repeatCount=0 keyguardOn=false mHomePressed=false canceled=false
07-04 12:17:41.900 I/MTKLogger/LogReceiver( 4284):  -->onReceive(), action=android.intent.action.DOWNLOAD_CALIBRATION_DATA
07-04 12:17:41.900 D/dalvikvm( 4284): create interp thread : stack size=32KB
07-04 12:17:41.900 D/dalvikvm( 4284): create new thread
07-04 12:17:41.900 D/dalvikvm( 4284): new thread created
07-04 12:17:41.900 D/dalvikvm( 4284): update thread list
07-04 12:17:41.900 D/dalvikvm( 4284): threadid=10: interp stack at 0x5de75000
07-04 12:17:41.900 D/dalvikvm( 4284): threadid=10: created from interp
07-04 12:17:41.900 D/dalvikvm( 4284): start new thread
07-04 12:17:41.900 D/dalvikvm( 4284): threadid=10: notify debugger
07-04 12:17:41.900 D/dalvikvm( 4284): threadid=10 (SharedPreferencesImpl-load): calling run()
07-04 12:17:41.900 D/dalvikvm( 4284): create interp thread : stack size=32KB
07-04 12:17:41.900 D/dalvikvm( 4284): create new thread
07-04 12:17:41.900 D/dalvikvm( 4284): new thread created
07-04 12:17:41.900 D/dalvikvm( 4284): update thread list
07-04 12:17:41.900 D/dalvikvm( 4284): threadid=11: interp stack at 0x5df7d000
07-04 12:17:41.900 D/dalvikvm( 4284): threadid=11: created from interp
07-04 12:17:41.900 D/dalvikvm( 4284): start new thread
07-04 12:17:41.900 D/dalvikvm( 4284): threadid=11: notify debugger
07-04 12:17:41.901 D/dalvikvm( 4284): threadid=11 (SharedPreferencesImpl-load): calling run()
07-04 12:17:41.901 D/MTKLogger/LogReceiver( 4284): Get calibration info from modem. Calibrated?true
07-04 12:17:41.902 D/dalvikvm( 4284): threadid=10: exiting
07-04 12:17:41.902 D/dalvikvm( 4284): threadid=10: bye!
07-04 12:17:41.902 D/dalvikvm( 4284): threadid=11: exiting
07-04 12:17:41.902 D/dalvikvm( 4284): threadid=11: bye!
07-04 12:17:41.904 D/MTKLogger/LogReceiver( 4284): -->needStartLogAtBootTime(), needStart=false
07-04 12:17:41.904 I/MTKLogger/LogReceiver( 4284): Do not need to start any log when get calibration data, send out self kill message.
07-04 12:17:41.904 I/MTKLogger/LogReceiver( 4284):  OnReceive function exit.
07-04 12:17:41.905 I/ActivityManager(  582): No longer want com.android.calendar (pid 4198): empty #7
07-04 12:17:41.908 W/PushService( 2499): 2014-07-04 12:17:41,908 - [WARN::PushService] - Service called on timer
07-04 12:17:41.909 V/Provider/Settings( 2434):  from settings cache , name = android.contacts.display_sim_contacs , value = null
07-04 12:17:41.911 I/GolbalReceiver( 3388): onReceive, action:android.intent.action.SIM_STATE_CHANGED
07-04 12:17:41.911 I/ImsiMonitor( 3388): invoked:android.intent.action.SIM_STATE_CHANGED
07-04 12:17:41.912 D/IPCThreadState(  582): [DN #5] BR_DEAD_BINDER cookie 0x652b3168
07-04 12:17:41.912 D/IPCThreadState(  582): [DN #5] BR_DEAD_BINDER cookie 0x67060950
07-04 12:17:41.912 D/IPCThreadState(  582): [DN #5] BR_CLEAR_DEATH_NOTIFICATION_DONE cookie 0x652b3168
07-04 12:17:41.912 V/ActivityManager(  582): Death received in com.android.server.am.ActivityManagerService$AppDeathRecipient@42bcbbd0 for thread android.os.BinderProxy@42bd9050
07-04 12:17:41.912 D/TelephonyManager( 3388): getDefaultSim is no sim
07-04 12:17:41.913 D/IPCThreadState(  582): [DN #5] BR_CLEAR_DEATH_NOTIFICATION_DONE cookie 0x67060950
07-04 12:17:41.914 D/SimStateChangeReceiver( 4268): ACTION_SIM_STATE_CHANGED state : ABSENT reason : null
07-04 12:17:41.917 D/AudioMTKStreamOut(  133): write(), buffer = 0x42c0f398 bytes = 8192 mLatency = 92
07-04 12:17:41.917 D/CAT     ( 2464): Stk-BCR : get ACTION_SIM_STATE_CHANGED
07-04 12:17:41.918 D/CAT     ( 2464): Stk-BCR : [ACTION_SIM_STATE_CHANGED][simId] : 0
07-04 12:17:41.918 D/CAT     ( 2464): Stk-BCR : [ACTION_SIM_STATE_CHANGED][SimStatus] : ABSENT
07-04 12:17:41.918 D/CAT     ( 2464): Stk-BCR : [ACTION_SIM_STATE_CHANGED][Feature GEMINI]
07-04 12:17:41.918 D/CAT     ( 2464): StkAppService: isSetupMenuCalled, sim id: 0,[com.android.stk.StkAppService@422f8b58]
07-04 12:17:41.918 D/CAT     ( 2464): StkAppService: isSetupMenuCalled, Stk context: com.android.stk.StkAppService$StkContext@422ecfd0
07-04 12:17:41.918 D/CAT     ( 2464): Stk-BCR : isSetupMenuCalled[false]
07-04 12:17:41.918 D/CAT     ( 2464): Stk-BCR : mHasBootComplete[true]
07-04 12:17:41.918 D/CAT     ( 2464): StkAppService: isSetupMenuCalled, sim id: 0,[com.android.stk.StkAppService@422f8b58]
07-04 12:17:41.918 D/CAT     ( 2464): StkAppService: isSetupMenuCalled, Stk context: com.android.stk.StkAppService$StkContext@422ecfd0
07-04 12:17:41.918 D/CAT     ( 2464): StkAppInstaller: getIsInstalled, sim id: 0, install status: 2
07-04 12:17:41.918 D/CAT     ( 2464): Stk-SAS : sim_id: 0, StkQueryAvailable: -1
07-04 12:17:41.918 D/CAT     ( 2464): Stk-BCR : [ACTION_SIM_STATE_CHANGED][bUnInstall] : true, currentState: -1
07-04 12:17:41.918 D/CAT     ( 2464): Stk-BCR : ADD_RECENET_IGNORE
07-04 12:17:41.918 V/ActivityManager(  582): Broadcast: Intent { act=android.intent.action.ADD_RECENET_IGNORE flg=0x10 (has extras) } ordered=false userid=0
07-04 12:17:41.919 D/CAT     ( 2464): Stk-BCR : get ACTION_SIM_STATE_CHANGED - unInstall
07-04 12:17:41.919 D/CAT     ( 2464): Stk-SAS : sim_id: 0, available: 0, StkAvailable: 0
07-04 12:17:41.919 D/CAT     ( 2464): StkAppInstaller: UninstallThread, sim id: 0
07-04 12:17:41.919 D/dalvikvm( 2464): create interp thread : stack size=32KB
07-04 12:17:41.919 D/dalvikvm( 2464): create new thread
07-04 12:17:41.919 D/dalvikvm( 2464): new thread created
07-04 12:17:41.919 D/dalvikvm( 2464): update thread list
07-04 12:17:41.919 D/dalvikvm( 2464): threadid=23: interp stack at 0x5e5a4000
07-04 12:17:41.919 D/dalvikvm( 2464): threadid=23: created from interp
07-04 12:17:41.919 D/dalvikvm( 2464): start new thread
07-04 12:17:41.919 D/CAT     ( 2464): Stk-SAS : setUserAccessState: state=false, sim id=0
07-04 12:17:41.919 D/CAT     ( 2464): Stk-BCR : get ACTION_SIM_STATE_CHANGED  finish
07-04 12:17:41.919 D/dalvikvm( 2464): threadid=23: notify debugger
07-04 12:17:41.919 D/dalvikvm( 2464): threadid=23 (Thread-51): calling run()
07-04 12:17:41.919 D/CAT     ( 2464): StkAppInstaller: UninstallThread, run , sim id: 0
07-04 12:17:41.919 D/CAT     ( 2464): StkAppInstaller: [setAppState]+
07-04 12:17:41.919 D/CAT     ( 2464): StkAppInstaller: setAppState, target class name: com.android.stk.StkLauncherActivity
07-04 12:17:41.919 D/CAT     ( 2464): StkAppInstaller: Stk1 - setAppState - curState[2] to state[false]
07-04 12:17:41.920 D/CAT     ( 2464): StkAppInstaller: Stk1 - StkAppInstaller - Change app state[false]
07-04 12:17:41.921 I/MiuiTelephonyManager( 2499): use mtk telehony manager
07-04 12:17:41.922 D/AudioFlinger(  133): stop(4097), calling pid 582
07-04 12:17:41.922 D/AudioFlinger(  133): not stopping/stopped => stopping/stopped (4097) on thread 0x42c070e8
07-04 12:17:41.922 D/AudioMTKPolicyManager(  133): stopOutput() output 2, stream 1, session 13
07-04 12:17:41.922 D/AudioMTKPolicyManager(  133): getNewDevice() selected device 0 output= 2
07-04 12:17:41.922 D/AudioMTKPolicyManager(  133): setOutputDevice() output 2 device 0000 delayMs 184
07-04 12:17:41.922 D/AudioMTKPolicyManager(  133): checkDeviceMuteStrategies outputDesc = 0x428a1928 prevDevice = 2 delayMs = 184
07-04 12:17:41.922 D/AudioMTKPolicyManager(  133): setOutputDevice() setting same device 0000 or null device for output 2
07-04 12:17:41.922 D/AudioTrack(  582): audiotrack 0x652b92a0 stop done
07-04 12:17:41.925 I/ContentProviderBinder( 2579): ChangeObserver: content changed.
07-04 12:17:41.925 D/IPCThreadState( 2680): [DN #5] BR_CLEAR_DEATH_NOTIFICATION_DONE cookie 0x5d6a0838
07-04 12:17:41.926 D/com.miui.providers.weather.WeatherProvider( 2680): inserted city_name=褰撻槼 weathernamesfrom=澶ч洦 locale=zh_CN weather_type=9 risingTide=-999 temperature=22鈩?city_id=褰撻槼_30.846_111.81_444100_0717_瀹滄槍,婀栧寳,涓浗_Dangyang_yic timestamp= _id= description=澶ч洦 water=-999 wind=涓滃寳椋庯紝椋庡姏2绾?weathernamesto=澶氫簯 ends= pressure=1003.9 data1= begins= tmphighs=25 ebbTide=-999 aqilevel=38 temperature_range=25鈩儈21鈩?pressures=-999 tmplows=21 humidity=93 publish_time=1404446140980 sunset=1404474000000 day=1 sunrise=1404423240000 winds=寰锛岄鍔涘皬浜?绾?rowID = 11347
07-04 12:17:41.926 D/IPCThreadState(  582): [DN #5] BR_CLEAR_DEATH_NOTIFICATION_DONE cookie 0x670aebe8
07-04 12:17:41.926 I/ContentProviderBinder( 2579): query result count: 5 content://weather/weather
07-04 12:17:41.934 I/SurfaceTextureClient( 2579): [STC::queueBuffer] (this:0x5f4dff98) fps:1.41, dur:1415.01, max:1229.48, min:185.53
07-04 12:17:41.934 I/BufferQueue(  129): [com.miui.home/com.miui.home.launcher.Launcher](this:0x4546be28,api:1) [queue] fps:1.41, dur:1414.85, max:1229.48, min:185.37
07-04 12:17:41.939 D/CAT     ( 2464): StkAppInstaller: [setAppState]-
07-04 12:17:41.939 D/dalvikvm( 2464): threadid=23: exiting
07-04 12:17:41.939 D/dalvikvm( 2464): threadid=23: bye!
07-04 12:17:41.942 V/Provider/Settings( 2434):  from settings cache , name = android.contacts.display_sim_contacs , value = null
07-04 12:17:41.942 D/TelephonyManagerEx( 2499): getPhoneType
07-04 12:17:41.942 D/PhoneInterfaceManager( 2464): [PhoneIntfMgr] getActivePhoneTypeGemini simId: 0
07-04 12:17:41.943 V/ExtraGmTelephonyManager( 2499): phone type for sim 0: 1
07-04 12:17:41.943 D/TelephonyManagerEx( 2499): getSubscriberId
07-04 12:17:41.943 D/TelephonyManagerEx( 2499): getSubscriberInfo
07-04 12:17:41.943 D/TelephonyManagerEx( 2499): getPhoneType
07-04 12:17:41.944 D/PhoneInterfaceManager( 2464): [PhoneIntfMgr] getActivePhoneTypeGemini simId: 1
07-04 12:17:41.944 V/ExtraGmTelephonyManager( 2499): phone type for sim 1: 1
07-04 12:17:41.944 D/TelephonyManagerEx( 2499): getSubscriberId
07-04 12:17:41.944 D/TelephonyManagerEx( 2499): getSubscriberInfo
07-04 12:17:41.944 I/GolbalReceiver( 3388): onReceive, action:android.intent.action.SIM_STATE_CHANGED
07-04 12:17:41.944 I/ImsiMonitor( 3388): invoked:android.intent.action.SIM_STATE_CHANGED
07-04 12:17:41.944 D/dalvikvm( 2499): create interp thread : stack size=32KB
07-04 12:17:41.944 D/dalvikvm( 2499): create new thread
07-04 12:17:41.945 D/dalvikvm( 2499): new thread created
07-04 12:17:41.945 D/TelephonyManager( 3388): getDefaultSim is no sim
07-04 12:17:41.945 D/dalvikvm( 2499): update thread list
07-04 12:17:41.945 D/dalvikvm( 2499): threadid=14: interp stack at 0x5e556000
07-04 12:17:41.945 D/dalvikvm( 2499): threadid=14: created from interp
07-04 12:17:41.945 D/dalvikvm( 2499): start new thread
07-04 12:17:41.945 D/dalvikvm( 2499): threadid=14: notify debugger
07-04 12:17:41.945 D/dalvikvm( 2499): threadid=14 (WorkHandlerThread): calling run()
07-04 12:17:41.947 D/SimStateChangeReceiver( 4268): ACTION_SIM_STATE_CHANGED state : ABSENT reason : null
07-04 12:17:41.947 D/dalvikvm( 2499): create interp thread : stack size=32KB
07-04 12:17:41.948 D/dalvikvm( 2499): create new thread
07-04 12:17:41.948 D/dalvikvm( 2499): new thread created
07-04 12:17:41.948 D/dalvikvm( 2499): update thread list
07-04 12:17:41.948 D/dalvikvm( 2499): threadid=15: interp stack at 0x5e65e000
07-04 12:17:41.948 D/dalvikvm( 2499): threadid=15: created from interp
07-04 12:17:41.948 D/dalvikvm( 2499): start new thread
07-04 12:17:41.948 D/dalvikvm( 2499): threadid=15: notify debugger
07-04 12:17:41.948 D/dalvikvm( 2499): threadid=15 (SimHandlerThread): calling run()
07-04 12:17:41.950 I/BufferQueue(  129): [com.miui.home/com.miui.home.launcher.Launcher](this:0x4546be28,api:1) [release] fps:1.41, dur:1416.82, max:1230.41, min:186.41
07-04 12:17:41.951 V/ActivateService( 2499): onCreate: insert state for sim 0 is false
07-04 12:17:41.951 V/ActivateService( 2499): onCreate: insert state for sim 1 is false
07-04 12:17:41.951 D/dalvikvm( 2499): create interp thread : stack size=32KB
07-04 12:17:41.951 D/dalvikvm( 2499): create new thread
07-04 12:17:41.951 D/dalvikvm( 2499): new thread created
07-04 12:17:41.951 D/dalvikvm( 2499): update thread list
07-04 12:17:41.951 V/ActivateService( 2499): mWorkHandler handles MSG_START_ACTIVATE_TASK
07-04 12:17:41.951 V/ActivateService( 2499): UploadDevSettingRunnable with flag=3
07-04 12:17:41.952 D/dalvikvm( 2499): threadid=16: interp stack at 0x5e766000
07-04 12:17:41.952 D/dalvikvm( 2499): threadid=16: created from interp
07-04 12:17:41.952 D/CAT     ( 2464): Stk-BCR : get ACTION_SIM_STATE_CHANGED
07-04 12:17:41.952 D/dalvikvm( 2499): start new thread
07-04 12:17:41.952 D/dalvikvm( 2499): threadid=16: notify debugger
07-04 12:17:41.952 D/dalvikvm( 2499): threadid=16 (Thread-42): calling run()
07-04 12:17:41.952 D/CAT     ( 2464): Stk-BCR : [ACTION_SIM_STATE_CHANGED][simId] : 1
07-04 12:17:41.952 D/CAT     ( 2464): Stk-BCR : [ACTION_SIM_STATE_CHANGED][SimStatus] : ABSENT
07-04 12:17:41.952 D/CAT     ( 2464): Stk-BCR : [ACTION_SIM_STATE_CHANGED][Feature GEMINI]
07-04 12:17:41.952 D/CAT     ( 2464): StkAppService: isSetupMenuCalled, sim id: 1,[com.android.stk.StkAppService@422f8b58]
07-04 12:17:41.952 D/CAT     ( 2464): StkAppService: isSetupMenuCalled, Stk context: com.android.stk.StkAppService$StkContext@422ed518
07-04 12:17:41.952 D/CAT     ( 2464): Stk-BCR : isSetupMenuCalled[false]
07-04 12:17:41.952 D/CAT     ( 2464): Stk-BCR : mHasBootComplete[true]
07-04 12:17:41.952 D/CAT     ( 2464): StkAppService: isSetupMenuCalled, sim id: 1,[com.android.stk.StkAppService@422f8b58]
07-04 12:17:41.952 D/CAT     ( 2464): StkAppService: isSetupMenuCalled, Stk context: com.android.stk.StkAppService$StkContext@422ed518
07-04 12:17:41.952 D/CAT     ( 2464): StkAppInstaller: getIsInstalled, sim id: 1, install status: 2
07-04 12:17:41.952 D/CAT     ( 2464): Stk-SAS : sim_id: 1, StkQueryAvailable: -1
07-04 12:17:41.952 D/CAT     ( 2464): Stk-BCR : [ACTION_SIM_STATE_CHANGED][bUnInstall] : true, currentState: -1
07-04 12:17:41.952 D/CAT     ( 2464): Stk-BCR : ADD_RECENET_IGNORE
07-04 12:17:41.953 V/ActivityManager(  582): Broadcast: Intent { act=android.intent.action.ADD_RECENET_IGNORE flg=0x10 (has extras) } ordered=false userid=0
07-04 12:17:41.953 D/CAT     ( 2464): Stk-BCR : get ACTION_SIM_STATE_CHANGED - unInstall
07-04 12:17:41.953 D/CAT     ( 2464): Stk-SAS : sim_id: 1, available: 0, StkAvailable: 0
07-04 12:17:41.953 D/CAT     ( 2464): StkAppInstaller: UninstallThread, sim id: 1
07-04 12:17:41.953 D/dalvikvm( 2464): create interp thread : stack size=32KB
07-04 12:17:41.953 D/dalvikvm( 2464): create new thread
07-04 12:17:41.953 D/dalvikvm( 2464): new thread created
07-04 12:17:41.953 D/dalvikvm( 2464): update thread list
07-04 12:17:41.953 D/dalvikvm( 2464): threadid=23: interp stack at 0x5e5a4000
07-04 12:17:41.954 D/dalvikvm( 2464): threadid=23: created from interp
07-04 12:17:41.954 D/dalvikvm( 2464): start new thread
07-04 12:17:41.954 D/dalvikvm( 2464): threadid=23: notify debugger
07-04 12:17:41.954 D/dalvikvm( 2464): threadid=23 (Thread-52): calling run()
07-04 12:17:41.954 D/CAT     ( 2464): Stk-SAS : setUserAccessState: state=false, sim id=1
07-04 12:17:41.954 D/CAT     ( 2464): StkAppInstaller: UninstallThread, run , sim id: 1
07-04 12:17:41.954 D/CAT     ( 2464): Stk-BCR : get ACTION_SIM_STATE_CHANGED  finish
07-04 12:17:41.954 D/CAT     ( 2464): StkAppInstaller: [setAppState]+
07-04 12:17:41.954 D/CAT     ( 2464): StkAppInstaller: setAppState, target class name: com.android.stk.StkLauncherActivityII
07-04 12:17:41.954 D/CAT     ( 2464): StkAppInstaller: Stk1 - setAppState - curState[2] to state[false]
07-04 12:17:41.954 D/CAT     ( 2464): StkAppInstaller: Stk1 - StkAppInstaller - Change app state[false]
07-04 12:17:41.955 I/XIAOMIANALYTICS( 2499): start session(com.xiaomi.xmsf)
07-04 12:17:41.955 V/Provider/Settings( 2499):  from settings cache , name = upload_log_pref , value = 0
07-04 12:17:41.955 V/ActivateService( 2499): onStartCommand ACTION_INTERNAL_NOTIFY_SIM_STATE_CHANGED simIndex = 0 inserted = false
07-04 12:17:41.955 V/ActivateService( 2499): mWorkHandler handles MSG_RESET_AND_RESTART_SIM simIndex=0 inserted=false
07-04 12:17:41.955 V/ActivateService( 2499): restart sim 0 inserted = false
07-04 12:17:41.955 D/ActivateService( 2499): ResetAndReStartSimRunnable old state is same with new state
07-04 12:17:41.955 D/TelephonyManagerEx( 2499): getPhoneType
07-04 12:17:41.955 V/ActivateService( 2499): mHandler handles MSG_STOP_ACTIVATE_TASK for 0
07-04 12:17:41.956 D/PhoneInterfaceManager( 2464): [PhoneIntfMgr] getActivePhoneTypeGemini simId: 0
07-04 12:17:41.956 V/ExtraGmTelephonyManager( 2499): phone type for sim 0: 1
07-04 12:17:41.956 D/TelephonyManagerEx( 2499): getSubscriberId
07-04 12:17:41.956 D/TelephonyManagerEx( 2499): getSubscriberInfo
07-04 12:17:41.963 D/AudioFlinger(  133): presentationComplete() reset: mPresentationCompleteFrames 131033 audioHalFrames 4057
07-04 12:17:41.986 D/AudioFlinger(  133): threadLoop_sleepTime write muted data to hw
07-04 12:17:41.986 D/AudioMTKStreamOut(  133): write(), buffer = 0x42c0f398 bytes = 8192 mLatency = 92
07-04 12:17:42.033 D/AudioFlinger(  133): threadLoop_sleepTime write muted data to hw
07-04 12:17:42.033 D/AudioMTKStreamOut(  133): write(), buffer = 0x42c0f398 bytes = 8192 mLatency = 92
07-04 12:17:42.056 D/AudioFlinger(  133): presentationComplete() session 13 complete: framesWritten 131072
07-04 12:17:42.056 D/AudioFlinger(  133): TrackBase::reset
07-04 12:17:42.079 D/AudioFlinger(  133): threadLoop_sleepTime write muted data to hw
07-04 12:17:42.079 D/AudioMTKStreamOut(  133): setParameters() SetHardwareMute=1
07-04 12:17:42.079 D/AudioResourceManager(  133): SetHardwareMute bEnable = 1 mHardwareMute = 0 mAudioMode = 0
07-04 12:17:42.079 D/AudioAnalogControl(  133): SetAnalogMute VoleumType = 2 mute = 1 
07-04 12:17:42.079 D/AudioMachineDevice(  133): SetAnalogMute VOLUME_TYPE = 2 mute = 1 
07-04 12:17:42.079 D/AudioMTKStreamOut(  133): write(), buffer = 0x42c0f398 bytes = 8192 mLatency = 92
07-04 12:17:42.125 D/AudioFlinger(  133): threadLoop_sleepTime write muted data to hw
07-04 12:17:42.125 D/AudioMTKStreamOut(  133): write(), buffer = 0x42c0f398 bytes = 8192 mLatency = 92
07-04 12:17:42.172 D/AudioFlinger(  133): threadLoop_sleepTime write muted data to hw
07-04 12:17:42.172 D/AudioMTKStreamOut(  133): write(), buffer = 0x42c0f398 bytes = 8192 mLatency = 92
07-04 12:17:42.188 D/InputReader(  582): AP_PROF:AppLaunch_dispatchPtr:Down:301362
07-04 12:17:42.189 I/AP_PROF (  582): unable to open /proc/mtprof/status entry
07-04 12:17:42.189 D/PowerManagerNotifier(  582): onUserActivity: event=2, uid=1000
07-04 12:17:42.189 D/PowerManagerDisplayController(  582): requestPowerState: screenState=2, useProximitySensor=false, forceProximitySensorEnable=false, forceWakeUpEnable=false, screenBrightness=60, screenAutoBrightnessAdjustment=-0.6255319, useAutoBrightness=true, useEcoBrightness=false, blockScreenOn=false, waitForNegativeProximity=false
07-04 12:17:42.189 I/PowerManagerService(  582): setBrightness mButtonLight, screenBrightness=60
07-04 12:17:42.189 V/WallpaperService( 2346): Delivering touch event: MotionEvent { action=ACTION_DOWN, id[0]=0, x[0]=542.2469, y[0]=858.3294, toolType[0]=TOOL_TYPE_FINGER, buttonState=0, metaState=0, flags=0x1, edgeFlags=0x0, pointerCount=1, historySize=0, eventTime=301362, downTime=301362, deviceId=3, source=0x1002 }
07-04 12:17:42.189 V/Provider/Settings( 2579):  from settings cache , name = privacy_mode_enabled , value = 0
07-04 12:17:42.204 V/WallpaperService( 2346): Delivering touch event: MotionEvent { action=ACTION_MOVE, id[0]=0, x[0]=529.2649, y[0]=838.34503, toolType[0]=TOOL_TYPE_FINGER, buttonState=0, metaState=0, flags=0x1, edgeFlags=0x0, pointerCount=1, historySize=0, eventTime=301377, downTime=301362, deviceId=3, source=0x1002 }
07-04 12:17:42.218 D/AudioFlinger(  133): threadLoop_sleepTime write muted data to hw
07-04 12:17:42.218 D/AudioMTKStreamOut(  133): write(), buffer = 0x42c0f398 bytes = 8192 mLatency = 92
07-04 12:17:42.219 V/WallpaperService( 2346): Delivering touch event: MotionEvent { action=ACTION_MOVE, id[0]=0, x[0]=511.2899, y[0]=827.35364, toolType[0]=TOOL_TYPE_FINGER, buttonState=0, metaState=0, flags=0x1, edgeFlags=0x0, pointerCount=1, historySize=0, eventTime=301392, downTime=301362, deviceId=3, source=0x1002 }
07-04 12:17:42.234 V/WallpaperService( 2346): Delivering touch event: MotionEvent { action=ACTION_MOVE, id[0]=0, x[0]=503.301, y[0]=824.35596, toolType[0]=TOOL_TYPE_FINGER, buttonState=0, metaState=0, flags=0x1, edgeFlags=0x0, pointerCount=1, historySize=0, eventTime=301407, downTime=301362, deviceId=3, source=0x1002 }
07-04 12:17:42.250 V/WallpaperService( 2346): Delivering touch event: MotionEvent { action=ACTION_MOVE, id[0]=0, x[0]=469.34814, y[0]=818.36066, toolType[0]=TOOL_TYPE_FINGER, buttonState=0, metaState=0, flags=0x1, edgeFlags=0x0, pointerCount=1, historySize=0, eventTime=301422, downTime=301362, deviceId=3, source=0x1002 }
07-04 12:17:42.265 D/AudioFlinger(  133): threadLoop_sleepTime write muted data to hw
07-04 12:17:42.265 V/WallpaperService( 2346): Delivering touch event: MotionEvent { action=ACTION_MOVE, id[0]=0, x[0]=420.4161, y[0]=818.36066, toolType[0]=TOOL_TYPE_FINGER, buttonState=0, metaState=0, flags=0x1, edgeFlags=0x0, pointerCount=1, historySize=0, eventTime=301437, downTime=301362, deviceId=3, source=0x1002 }
07-04 12:17:42.265 D/AudioMTKStreamOut(  133): write(), buffer = 0x42c0f398 bytes = 8192 mLatency = 92
07-04 12:17:42.279 V/WallpaperService( 2346): Delivering touch event: MotionEvent { action=ACTION_MOVE, id[0]=0, x[0]=343.5229, y[0]=824.35596, toolType[0]=TOOL_TYPE_FINGER, buttonState=0, metaState=0, flags=0x1, edgeFlags=0x0, pointerCount=1, historySize=0, eventTime=301452, downTime=301362, deviceId=3, source=0x1002 }
07-04 12:17:42.293 V/WallpaperService( 2346): Delivering touch event: MotionEvent { action=ACTION_MOVE, id[0]=0, x[0]=263.63385, y[0]=836.3466, toolType[0]=TOOL_TYPE_FINGER, buttonState=0, metaState=0, flags=0x1, edgeFlags=0x0, pointerCount=1, historySize=0, eventTime=301466, downTime=301362, deviceId=3, source=0x1002 }
07-04 12:17:42.305 I/SurfaceFlinger(  129): [SurfaceFlinger] fps:5.960295,dur:1006.66,max:317.13,min:18.63
07-04 12:17:42.306 I/SurfaceTextureClient( 2346): [STC::queueBuffer] (this:0x5d6ae518) fps:2.93, dur:1025.13, max:689.57, min:130.48
07-04 12:17:42.306 I/BufferQueue(  129): [StatusBar](this:0x44cc9e28,api:1) [queue] fps:2.93, dur:1025.12, max:689.39, min:130.66
07-04 12:17:42.307 V/WallpaperService( 2346): Delivering touch event: MotionEvent { action=ACTION_MOVE, id[0]=0, x[0]=183.7448, y[0]=844.34033, toolType[0]=TOOL_TYPE_FINGER, buttonState=0, metaState=0, flags=0x1, edgeFlags=0x0, pointerCount=1, historySize=0, eventTime=301480, downTime=301362, deviceId=3, source=0x1002 }
07-04 12:17:42.311 D/AudioFlinger(  133): threadLoop_sleepTime write muted data to hw
07-04 12:17:42.311 D/AudioMTKStreamOut(  133): write(), buffer = 0x42c0f398 bytes = 8192 mLatency = 92
07-04 12:17:42.321 D/InputReader(  582): AP_PROF:AppLaunch_dispatchPtr:Up:301494
07-04 12:17:42.322 V/WallpaperService( 2346): Delivering touch event: MotionEvent { action=ACTION_UP, id[0]=0, x[0]=183.7448, y[0]=844.34033, toolType[0]=TOOL_TYPE_FINGER, buttonState=0, metaState=0, flags=0x1, edgeFlags=0x0, pointerCount=1, historySize=0, eventTime=301494, downTime=301362, deviceId=3, source=0x1002 }
07-04 12:17:42.323 I/BufferQueue(  129): [StatusBar](this:0x44cc9e28,api:1) [release] fps:2.93, dur:1025.37, max:689.78, min:130.50
07-04 12:17:42.324 D/CAT     ( 2464): StkAppInstaller: [setAppState]-
07-04 12:17:42.324 D/dalvikvm( 2464): threadid=23: exiting
07-04 12:17:42.324 D/dalvikvm( 2464): threadid=23: bye!
07-04 12:17:42.324 D/SyncManager(  582): userId=0 auto=false mExt=com.mediatek.op.FwkExt@425e7048
07-04 12:17:42.325 E/FWKEXT  (  582): Enter GetCurrentOP
07-04 12:17:42.325 W/ActivateService( 2499): sync is off, upload sim aborted
07-04 12:17:42.325 V/ActivateService( 2499): onStartCommand ACTION_INTERNAL_NOTIFY_SIM_STATE_CHANGED simIndex = 1 inserted = false
07-04 12:17:42.325 V/ActivateService( 2499): mWorkHandler handles MSG_RESET_AND_RESTART_SIM simIndex=1 inserted=false
07-04 12:17:42.325 V/ActivateService( 2499): restart sim 1 inserted = false
07-04 12:17:42.325 D/ActivateService( 2499): ResetAndReStartSimRunnable old state is same with new state
07-04 12:17:42.325 D/TelephonyManagerEx( 2499): getPhoneType
07-04 12:17:42.325 V/ActivateService( 2499): mHandler handles MSG_STOP_ACTIVATE_TASK for 1
07-04 12:17:42.326 D/PhoneInterfaceManager( 2464): [PhoneIntfMgr] getActivePhoneTypeGemini simId: 1
07-04 12:17:42.326 V/ExtraGmTelephonyManager( 2499): phone type for sim 1: 1
07-04 12:17:42.326 D/TelephonyManagerEx( 2499): getSubscriberId
07-04 12:17:42.326 D/TelephonyManagerEx( 2499): getSubscriberInfo
07-04 12:17:42.326 D/ActivityThread(  582): BDC-Calling onReceive: intent=Intent { act=android.intent.action.ANY_DATA_STATE_MOBILE flg=0x10 (has extras) }, ordered=true, receiver=android.net.MobileDataStateTracker$MobileDataStateReceiver@4278b918, IIntentReceiver=42702508
07-04 12:17:42.326 D/MobileDataStateTracker(  582): dm: Intent from SIM 0, current SIM 0, current DataState DISCONNECTED
07-04 12:17:42.327 D/ActivityThread(  582): BDC-Calling finishReceiver: IIntentReceiver=42702508
07-04 12:17:42.328 D/TelephonyRegistry(  582): Received ACTION_ANY_DATA_CONNECTION_STATE_CHANGED_MOBILE
07-04 12:17:42.328 W/ApplicationContext(  582): Calling a method in the system process without a qualified user: android.app.ContextImpl.sendStickyBroadcast:1278 com.android.server.TelephonyRegistry$3.onReceive:910 android.app.LoadedApk$ReceiverDispatcher$Args.run:791 
07-04 12:17:42.328 V/ActivityManager(  582): Broadcast sticky: Intent { act=android.intent.action.ANY_DATA_STATE flg=0x10 (has extras) } ordered=false userid=0
07-04 12:17:42.329 D/ActivityThread(  582): BDC-Calling onReceive: intent=Intent { act=android.intent.action.ANY_DATA_STATE_MOBILE flg=0x10 (has extras) }, ordered=true, receiver=android.net.MobileDataStateTracker$MobileDataStateReceiver@4278b918, IIntentReceiver=42702508
07-04 12:17:42.329 D/MobileDataStateTracker(  582): wap: Intent from SIM 0, current SIM 0, current DataState DISCONNECTED
07-04 12:17:42.330 D/ExtensionManager( 2464): PhoneGlobalsBroadcastReceiverExtension()
07-04 12:17:42.330 D/PhonePluginExtensionContainer( 2464): getPhoneGlobalsBroadcastReceiverExtension()
07-04 12:17:42.330 D/PhoneGlobalsBroadcastReceiverExtensionContainer( 2464): onReceive(), sub extension list is null, just return
07-04 12:17:42.330 D/PhoneGlobals( 2464): PhoneGlobalsBroadcastReceiver -----action=android.intent.action.ANY_DATA_STATE
07-04 12:17:42.330 D/PhoneGlobals( 2464): mReceiver: ACTION_ANY_DATA_CONNECTION_STATE_CHANGED state:DISCONNECTED reason:radioTurnedOff
07-04 12:17:42.330 D/NotificationMgr( 2464): hideDataDisconnectedRoaming()...
07-04 12:17:42.331 V/Mms     ( 3648): [1] MmsSystemEventReceiver.java(167): Intent received: Intent { act=android.intent.action.ANY_DATA_STATE flg=0x10 (has extras) }
07-04 12:17:42.331 D/ActivityThread(  582): BDC-Calling finishReceiver: IIntentReceiver=42702508
07-04 12:17:42.332 I/ContentProviderBinder( 2579): ChangeObserver: content changed.
07-04 12:17:42.332 D/com.miui.providers.weather.WeatherProvider( 2680): inserted city_name=褰撻槼 weathernamesfrom=澶氫簯 locale=zh_CN weather_type=9 risingTide=-999 temperature=22鈩?city_id=褰撻槼_30.846_111.81_444100_0717_瀹滄槍,婀栧寳,涓浗_Dangyang_yic timestamp= _id= description=澶ч洦 water=-999 wind=涓滃寳椋庯紝椋庡姏2绾?weathernamesto=澶氫簯 ends= pressure=1003.9 data1= begins= tmphighs=31 ebbTide=-999 aqilevel=38 temperature_range=31鈩儈23鈩?pressures=-999 tmplows=23 humidity=93 publish_time=1404446140980 sunset=1404560400000 day=2 sunrise=1404509700000 winds=寰锛岄鍔涘皬浜?绾?rowID = 11348
07-04 12:17:42.333 D/TelephonyRegistry(  582): Received ACTION_ANY_DATA_CONNECTION_STATE_CHANGED_MOBILE
07-04 12:17:42.333 W/ApplicationContext(  582): Calling a method in the system process without a qualified user: android.app.ContextImpl.sendStickyBroadcast:1278 com.android.server.TelephonyRegistry$3.onReceive:910 android.app.LoadedApk$ReceiverDispatcher$Args.run:791 
07-04 12:17:42.333 V/ActivityManager(  582): Broadcast sticky: Intent { act=android.intent.action.ANY_DATA_STATE flg=0x10 (has extras) } ordered=false userid=0
07-04 12:17:42.334 D/ActivityThread(  582): BDC-Calling onReceive: intent=Intent { act=android.intent.action.ANY_DATA_STATE_MOBILE flg=0x10 (has extras) }, ordered=true, receiver=android.net.MobileDataStateTracker$MobileDataStateReceiver@4278b918, IIntentReceiver=42702508
07-04 12:17:42.334 D/ExtensionManager( 2464): PhoneGlobalsBroadcastReceiverExtension()
07-04 12:17:42.334 D/PhonePluginExtensionContainer( 2464): getPhoneGlobalsBroadcastReceiverExtension()
07-04 12:17:42.334 D/PhoneGlobalsBroadcastReceiverExtensionContainer( 2464): onReceive(), sub extension list is null, just return
07-04 12:17:42.334 D/MobileDataStateTracker(  582): cmmail: Intent from SIM 0, current SIM 0, current DataState DISCONNECTED
07-04 12:17:42.334 D/PhoneGlobals( 2464): PhoneGlobalsBroadcastReceiver -----action=android.intent.action.ANY_DATA_STATE
07-04 12:17:42.334 D/PhoneGlobals( 2464): mReceiver: ACTION_ANY_DATA_CONNECTION_STATE_CHANGED state:DISCONNECTED reason:radioTurnedOff
07-04 12:17:42.334 D/NotificationMgr( 2464): hideDataDisconnectedRoaming()...
07-04 12:17:42.335 D/ActivityThread(  582): BDC-Calling finishReceiver: IIntentReceiver=42702508
07-04 12:17:42.336 D/TelephonyRegistry(  582): Received ACTION_ANY_DATA_CONNECTION_STATE_CHANGED_MOBILE
