07-04 09:20:01.271 D/dalvikvm( 3961): Elevating priority from 0 to -8
07-04 09:20:01.271 D/dalvikvm(  130): threadid=4: notify debugger
07-04 09:20:01.271 D/dalvikvm(  130): threadid=4 (FinalizerWatchdogDaemon): calling run()
07-04 09:20:01.271 I/ActivityManager(  461): Start proc com.android.updater for broadcast com.android.updater/.receiver.StartupReceiver: pid=3961 uid=9802 gids={49802, 3003, 1015, 2001, 1007, 1028}
07-04 09:20:01.273 D/dalvikvm( 3961): threadid=4: interp stack at 0x5b4eb000
07-04 09:20:01.273 D/dalvikvm(  130): threadid=3: notify debugger
07-04 09:20:01.273 D/dalvikvm(  130): threadid=3 (FinalizerDaemon): calling run()
07-04 09:20:01.273 D/dalvikvm( 3961): zygote get thread init done
07-04 09:20:01.273 D/dalvikvm( 3961): create interp thread : stack size=32KB
07-04 09:20:01.273 D/dalvikvm( 3961): create new thread
07-04 09:20:01.273 D/dalvikvm( 3961): new thread created
07-04 09:20:01.273 D/dalvikvm( 3961): update thread list
07-04 09:20:01.273 D/dalvikvm( 3961): threadid=5: interp stack at 0x5d72d000
07-04 09:20:01.273 D/dalvikvm( 3961): threadid=5: created from interp
07-04 09:20:01.273 D/dalvikvm( 3961): start new thread
07-04 09:20:01.273 D/dalvikvm( 3961): threadid=5: notify debugger
07-04 09:20:01.273 D/dalvikvm( 3961): threadid=5 (ReferenceQueueDaemon): calling run()
07-04 09:20:01.273 D/dalvikvm( 3961): create interp thread : stack size=32KB
07-04 09:20:01.273 D/dalvikvm( 3961): create new thread
07-04 09:20:01.273 D/dalvikvm( 3961): new thread created
07-04 09:20:01.273 D/dalvikvm( 3961): update thread list
07-04 09:20:01.273 D/dalvikvm( 3961): threadid=6: interp stack at 0x5d835000
07-04 09:20:01.273 D/dalvikvm( 3961): threadid=6: created from interp
07-04 09:20:01.273 D/dalvikvm( 3961): start new thread
07-04 09:20:01.273 D/dalvikvm( 3961): threadid=6: notify debugger
07-04 09:20:01.274 D/dalvikvm( 3961): threadid=6 (FinalizerDaemon): calling run()
07-04 09:20:01.274 D/dalvikvm( 3961): create interp thread : stack size=32KB
07-04 09:20:01.274 D/dalvikvm( 3961): create new thread
07-04 09:20:01.274 D/dalvikvm( 3961): new thread created
07-04 09:20:01.274 D/dalvikvm( 3961): threadid=7: interp stack at 0x5d93d000
07-04 09:20:01.274 D/dalvikvm( 3961): update thread list
07-04 09:20:01.274 D/dalvikvm( 3961): threadid=7: created from interp
07-04 09:20:01.274 D/dalvikvm( 3961): start new thread
07-04 09:20:01.278 D/dalvikvm( 3961): open_cached_dex_file : /data/data/com.lbe.security.miui/app_hips/client.jar /data/dalvik-cache/data@data@com.lbe.security.miui@app_hips@client.jar@classes.dex
07-04 09:20:01.279 D/dalvikvm( 3961): threadid=7: notify debugger
07-04 09:20:01.279 D/dalvikvm( 3961): threadid=7 (FinalizerWatchdogDaemon): calling run()
07-04 09:20:01.279 D/dalvikvm( 3961): Trying to load lib /data/data/com.lbe.security.miui/app_hips/liblbeclient.so 0x42249670
07-04 09:20:01.280 D/dalvikvm( 3961): Added shared lib /data/data/com.lbe.security.miui/app_hips/liblbeclient.so 0x42249670
07-04 09:20:01.287 D/dalvikvm( 3961): threadid=8: interp stack at 0x5dd8e000
07-04 09:20:01.288 D/dalvikvm( 3961): threadid=9: interp stack at 0x5de96000
07-04 09:20:01.302 V/ActivityManager(  461): Binding process pid 3961 to record ProcessRecord{4342dd38 3961:com.android.updater/9802}
07-04 09:20:01.302 V/ActivityManager(  461): New death recipient com.android.server.am.ActivityManagerService$AppDeathRecipient@42855340 for thread android.os.BinderProxy@432fedc0
07-04 09:20:01.303 V/ActivityManager(  461): New app record ProcessRecord{4342dd38 3961:com.android.updater/9802} thread=android.os.BinderProxy@432fedc0 pid=3961
07-04 09:20:01.308 D/PowerManagerNotifier(  461): sendNextBroadcast, mBroadcastedPowerState=1, mActualPowerState=1
07-04 09:20:01.308 D/PowerManagerNotifier(  461): finishPendingBroadcastLocked.
07-04 09:20:01.311 D/AccountManagerService(  461): onServiceChanged() for userId 0
07-04 09:20:01.312 D/ActivityThread(  461): BDC-Calling onReceive: intent=Intent { act=android.intent.action.TIME_TICK flg=0x50000014 (has extras) }, ordered=true, receiver=com.android.server.AlarmManagerService$ClockReceiver@426a01a0, IIntentReceiver=426a0278
07-04 09:20:01.313 V/AlarmManager(  461): Native set alarm :Alarm{435cb808 type 3 android}
07-04 09:20:01.313 D/ActivityThread(  461): BDC-Calling finishReceiver: IIntentReceiver=426a0278
07-04 09:20:01.313 V/PhoneStatusBar(  616): setLightsOn(true)
07-04 09:20:01.314 D/ActivityThread(  461): BDC-Calling onReceive: intent=Intent { act=android.intent.action.TIME_TICK flg=0x50000014 (has extras) }, ordered=true, receiver=com.android.internal.policy.impl.MiuiKeyguardUpdateMonitor$3@42837100, IIntentReceiver=42837148
07-04 09:20:01.314 D/ActivityThread(  461): BDC-Calling finishReceiver: IIntentReceiver=42837148
07-04 09:20:01.316 V/Provider/Settings(  616):  from settings cache , name = time_12_24 , value = 24
07-04 09:20:01.444 I/CalendarProvider2( 3945): Sending notification intent: Intent { act=android.intent.action.PROVIDER_CHANGED dat=content://com.android.calendar }
07-04 09:20:01.445 W/ContentResolver( 3945): Failed to get type for: content://com.android.calendar (Unknown URL content://com.android.calendar)
07-04 09:20:01.445 V/ActivityManager(  461): Broadcast: Intent { act=android.intent.action.PROVIDER_CHANGED dat=content://com.android.calendar flg=0x10 } ordered=false userid=0
07-04 09:20:01.448 I/ActivityManager(  461): No longer want com.android.quicksearchbox (pid 3747): empty #7
07-04 09:20:01.453 D/IPCThreadState(  461): [DN #5] BR_DEAD_BINDER cookie 0x64e00fc8
07-04 09:20:01.453 D/IPCThreadState(  461): [DN #5] BR_DEAD_BINDER cookie 0x67c36428
07-04 09:20:01.454 D/IPCThreadState(  461): [DN #5] BR_CLEAR_DEATH_NOTIFICATION_DONE cookie 0x67c36428
07-04 09:20:01.454 V/ActivityManager(  461): Death received in com.android.server.am.ActivityManagerService$AppDeathRecipient@4318ac00 for thread android.os.BinderProxy@42d352c0
07-04 09:20:01.454 D/IPCThreadState(  461): [DN #5] BR_CLEAR_DEATH_NOTIFICATION_DONE cookie 0x64e00fc8
07-04 09:20:01.529 W/ADB_SERVICES( 3229): create_local_service_socket() name=tcp:10201
07-04 09:20:01.530 I/System.out( 3627): close [socket][/0.0.0.0:-1]
07-04 09:20:01.531 I/System.out( 3627): [CDS]EAGAIN or EWOULDBLOCK in Recvfrom
07-04 09:20:01.539 I/System.out( 3627): [CDS]close[10201]
07-04 09:20:01.540 I/System.out( 3627): close [socket][/0.0.0.0:10201]
07-04 09:20:01.619 D/StateMachine(  461): handleMessage: E msg.what=131155
07-04 09:20:01.619 D/StateMachine(  461): processMsg: ConnectedState
07-04 09:20:01.620 D/WifiStateMachine(  461): ConnectedState{ what=131155 when=-1ms arg1=9 target=Handler (com.android.internal.util.StateMachine$SmHandler) {428f74f8} }
07-04 09:20:01.620 D/StateMachine(  461): processMsg: L2ConnectedState
07-04 09:20:01.620 D/WifiStateMachine(  461): L2ConnectedState{ what=131155 when=-1ms arg1=9 target=Handler (com.android.internal.util.StateMachine$SmHandler) {428f74f8} }
07-04 09:20:01.620 D/WifiNative-wlan0(  461): doString: SIGNAL_POLL
07-04 09:20:01.620 D/WifiCommon(  461): [wlan0] SET "SIGNAL_POLL"
07-04 09:20:01.620 D/wpa_supplicant(  673): RX ctrl_iface - hexdump(len=11): 53 49 47 4e 41 4c 5f 50 4f 4c 4c
07-04 09:20:01.620 D/wpa_supplicant(  673): wlan0: Control interface command 'SIGNAL_POLL'
07-04 09:20:01.635 D/wpa_supplicant(  673): nl80211: survey data missing!
07-04 09:20:01.635 I/WifiStateMachine(  461): fetchRssiAndLinkSpeedNative, newRssi:-49, newLinkSpeed:65, SSID:"OPPO-SZ"
07-04 09:20:01.635 D/StateMachine(  461): handleMessage: X
07-04 09:20:01.714 D/StateMachine(  461): handleMessage: E msg.what=151572
07-04 09:20:01.714 D/StateMachine(  461): processMsg: ConnectedState
07-04 09:20:01.714 D/WifiStateMachine(  461): ConnectedState{ what=151572 when=-1ms target=Handler (com.android.internal.util.StateMachine$SmHandler) {428f74f8} }
07-04 09:20:01.714 D/StateMachine(  461): processMsg: L2ConnectedState
07-04 09:20:01.714 D/WifiStateMachine(  461): L2ConnectedState{ what=151572 when=-1ms target=Handler (com.android.internal.util.StateMachine$SmHandler) {428f74f8} }
07-04 09:20:01.714 D/WifiNative-wlan0(  461): doString: SIGNAL_POLL
07-04 09:20:01.714 D/WifiCommon(  461): [wlan0] SET "SIGNAL_POLL"
07-04 09:20:01.714 D/wpa_supplicant(  673): RX ctrl_iface - hexdump(len=11): 53 49 47 4e 41 4c 5f 50 4f 4c 4c
07-04 09:20:01.714 D/wpa_supplicant(  673): wlan0: Control interface command 'SIGNAL_POLL'
07-04 09:20:01.735 D/wpa_supplicant(  673): nl80211: survey data missing!
07-04 09:20:01.735 I/WifiStateMachine(  461): fetchRssiAndLinkSpeedNative, newRssi:-49, newLinkSpeed:65, SSID:"OPPO-SZ"
07-04 09:20:01.735 D/WifiNative-wlan0(  461): doString: PKTCNT_POLL
07-04 09:20:01.735 D/WifiCommon(  461): [wlan0] SET "PKTCNT_POLL"
07-04 09:20:01.735 D/wpa_supplicant(  673): RX ctrl_iface - hexdump(len=11): 50 4b 54 43 4e 54 5f 50 4f 4c 4c
07-04 09:20:01.735 D/wpa_supplicant(  673): wlan0: Control interface command 'PKTCNT_POLL'
07-04 09:20:01.736 D/WifiStateMachine(  461): pktcntPoll:TXGOOD=410
07-04 09:20:01.736 D/WifiStateMachine(  461): TXBAD=9
07-04 09:20:01.736 D/WifiStateMachine(  461): RXGOOD=0
07-04 09:20:01.736 D/StateMachine(  461): handleMessage: X
07-04 09:20:01.737 D/WifiWatchdogStateMachine(  461): Fetch RSSI succeed, rssi=-49 mrssi=-49 txbad=9 txgood=410
07-04 09:20:01.737 D/WifiWatchdogStateMachine(  461): Incremental loss=0/1 Current loss=0% volume=1.12
07-04 09:20:01.737 D/WifiWatchdogStateMachine(  461): Cache updated: loss[-49]=0% volume=0.1
07-04 09:20:01.917 V/Provider/Settings(  461):  from settings cache , name = sys_free_storage_log_interval , value = null
07-04 09:20:01.917 V/Provider/Settings(  461):  from settings cache , name = disk_free_change_reporting_threshold , value = null
07-04 09:20:02.114 D/StatusBar.NetworkControllerGemini(  616): isSimInserted(0), SimInserted=true
07-04 09:20:02.115 D/StatusBar.NetworkControllerGemini(  616): isSimInserted(1), SimInserted=false
07-04 09:20:02.116 D/TelephonyManagerEx(  616): isNetworkRoaming
07-04 09:20:02.117 D/TelephonyManagerEx(  616): isNetworkRoaming
07-04 09:20:02.118 D/TelephonyManagerEx(  616): isNetworkRoaming
07-04 09:20:02.119 D/TelephonyManagerEx(  616): isNetworkRoaming
07-04 09:20:02.120 D/StatusBar.NetworkControllerGemini(  616): isSimInserted(0), SimInserted=true
07-04 09:20:02.120 D/StatusBar.NetworkControllerGemini(  616): isSimInserted(1), SimInserted=false
07-04 09:20:02.121 D/TelephonyManagerEx(  616): isNetworkRoaming
07-04 09:20:02.122 D/TelephonyManagerEx(  616): isNetworkRoaming
07-04 09:20:02.123 D/TelephonyManagerEx(  616): isNetworkRoaming
07-04 09:20:02.124 D/TelephonyManagerEx(  616): isNetworkRoaming
07-04 09:20:02.132 I/SurfaceTextureClient(  616): [STC::queueBuffer] (this:0x60364460) fps:0.83, dur:1199.86, max:1199.86, min:1199.86
07-04 09:20:02.132 I/BufferQueue(  129): [StatusBar](this:0x42ecea00,api:1) [queue] fps:0.83, dur:1199.87, max:1199.87, min:1199.87
07-04 09:20:02.133 V/Provider/Settings(  616):  from settings cache , name = time_12_24 , value = 24
07-04 09:20:02.143 I/BufferQueue(  129): [StatusBar](this:0x42ecea00,api:1) [release] fps:0.84, dur:1193.16, max:1193.16, min:1193.16
07-04 09:20:02.143 I/SurfaceFlinger(  129): [SurfaceFlinger] fps:2.483331,dur:2013.42,max:1193.17,min:205.04
07-04 09:20:02.206 D/dalvikvm( 3961): GC_CONCURRENT freed 335K, 5% free 8432K/8796K, paused 2ms+2ms, total 13ms
07-04 09:20:02.237 D/dalvikvm( 3961): create interp thread : stack size=32KB
07-04 09:20:02.237 D/dalvikvm( 3961): create new thread
07-04 09:20:02.237 D/dalvikvm( 3961): new thread created
07-04 09:20:02.237 D/dalvikvm( 3961): update thread list
07-04 09:20:02.238 D/dalvikvm( 3961): threadid=10: interp stack at 0x5e029000
07-04 09:20:02.238 D/dalvikvm( 3961): threadid=10: created from interp
07-04 09:20:02.238 D/dalvikvm( 3961): start new thread
07-04 09:20:02.238 D/dalvikvm( 3961): threadid=10: notify debugger
07-04 09:20:02.238 D/dalvikvm( 3961): threadid=10 (SharedPreferencesImpl-load): calling run()
07-04 09:20:02.243 D/dalvikvm( 3961): threadid=10: exiting
07-04 09:20:02.243 D/dalvikvm( 3961): threadid=10: bye!
07-04 09:20:02.246 V/Provider/Settings(  461):  from settings cache , name = read_external_storage_enforced_default , value = null
07-04 09:20:02.247 D/dalvikvm(  130): threadid=2: exiting
07-04 09:20:02.247 D/dalvikvm(  130): threadid=2: bye!
07-04 09:20:02.247 D/dalvikvm(  130): threadid=3: exiting
07-04 09:20:02.247 D/dalvikvm(  130): threadid=3: bye!
07-04 09:20:02.247 D/dalvikvm(  130): threadid=4: exiting
07-04 09:20:02.248 D/dalvikvm(  130): threadid=4: bye!
07-04 09:20:02.258 D/dalvikvm(  130): pre gc
07-04 09:20:02.258 D/dalvikvm(  130): Zygote::ForkAndSpecialize +
07-04 09:20:02.262 D/dalvikvm(  130): Zygote::ForkAndSpecialize : 3974
07-04 09:20:02.262 D/dalvikvm( 3974): Zygote::ForkAndSpecialize : 0
07-04 09:20:02.263 D/dalvikvm(  130): create interp thread : stack size=32KB
07-04 09:20:02.263 D/dalvikvm( 3974): zygote get new systemTid : 3974
07-04 09:20:02.263 D/dalvikvm(  130): create new thread
07-04 09:20:02.263 D/dalvikvm(  130): new thread created
07-04 09:20:02.263 D/dalvikvm(  130): update thread list
07-04 09:20:02.263 D/dalvikvm( 3974): threadid=2: interp stack at 0x5b2db000
07-04 09:20:02.263 D/dalvikvm(  130): threadid=2: interp stack at 0x5b1db000
07-04 09:20:02.263 D/dalvikvm(  130): threadid=2: created from interp
07-04 09:20:02.263 D/dalvikvm(  130): start new thread
07-04 09:20:02.264 D/dalvikvm(  130): create interp thread : stack size=32KB
07-04 09:20:02.264 D/dalvikvm(  130): threadid=2: notify debugger
07-04 09:20:02.264 D/dalvikvm(  130): threadid=2 (ReferenceQueueDaemon): calling run()
07-04 09:20:02.264 D/dalvikvm(  130): create new thread
07-04 09:20:02.264 D/dalvikvm( 3974): threadid=3: interp stack at 0x5b3e3000
07-04 09:20:02.264 D/dalvikvm(  130): new thread created
07-04 09:20:02.264 D/dalvikvm(  130): update thread list
07-04 09:20:02.264 D/dalvikvm(  130): threadid=3: interp stack at 0x5b2e3000
07-04 09:20:02.264 D/dalvikvm(  130): threadid=3: created from interp
07-04 09:20:02.264 D/dalvikvm(  130): start new thread
07-04 09:20:02.264 D/dalvikvm(  130): create interp thread : stack size=32KB
07-04 09:20:02.264 D/dalvikvm(  130): create new thread
07-04 09:20:02.264 D/dalvikvm(  130): new thread created
07-04 09:20:02.264 D/dalvikvm(  130): update thread list
07-04 09:20:02.264 D/dalvikvm(  130): threadid=3: notify debugger
07-04 09:20:02.264 D/dalvikvm(  130): threadid=3 (FinalizerDaemon): calling run()
07-04 09:20:02.264 D/dalvikvm( 3974): Elevating priority from 0 to -8
07-04 09:20:02.264 D/dalvikvm(  130): threadid=4: interp stack at 0x5b3eb000
07-04 09:20:02.264 D/dalvikvm(  130): threadid=4: created from interp
07-04 09:20:02.264 D/dalvikvm( 3974): threadid=4: interp stack at 0x5b4eb000
07-04 09:20:02.264 D/dalvikvm(  130): start new thread
07-04 09:20:02.264 D/dalvikvm( 3974): zygote get thread init done
07-04 09:20:02.264 D/dalvikvm(  130): threadid=4: notify debugger
07-04 09:20:02.264 D/dalvikvm(  130): threadid=4 (FinalizerWatchdogDaemon): calling run()
07-04 09:20:02.264 D/dalvikvm( 3974): create interp thread : stack size=32KB
07-04 09:20:02.264 D/dalvikvm( 3974): create new thread
07-04 09:20:02.264 D/dalvikvm( 3974): new thread created
07-04 09:20:02.264 D/dalvikvm( 3974): update thread list
07-04 09:20:02.265 I/ActivityManager(  461): Start proc com.miui.weather2:receiverreportweather for broadcast com.miui.weather2/.receiver.ReceiverReportWeather: pid=3974 uid=10056 gids={50056, 3003, 1015, 1028}
07-04 09:20:02.265 D/dalvikvm( 3974): threadid=5: interp stack at 0x5d72d000
07-04 09:20:02.265 D/dalvikvm( 3974): threadid=5: created from interp
07-04 09:20:02.265 D/dalvikvm( 3974): start new thread
07-04 09:20:02.265 D/dalvikvm( 3974): threadid=5: notify debugger
07-04 09:20:02.265 D/dalvikvm( 3974): create interp thread : stack size=32KB
07-04 09:20:02.265 D/dalvikvm( 3974): threadid=5 (ReferenceQueueDaemon): calling run()
07-04 09:20:02.265 D/dalvikvm( 3974): create new thread
07-04 09:20:02.265 D/dalvikvm( 3974): new thread created
07-04 09:20:02.265 D/dalvikvm( 3974): update thread list
07-04 09:20:02.265 D/dalvikvm( 3974): threadid=6: interp stack at 0x5d835000
07-04 09:20:02.265 D/dalvikvm( 3974): threadid=6: created from interp
07-04 09:20:02.265 D/dalvikvm( 3974): start new thread
07-04 09:20:02.265 D/dalvikvm( 3974): create interp thread : stack size=32KB
07-04 09:20:02.265 D/dalvikvm( 3974): create new thread
07-04 09:20:02.265 I/ActivityManager(  461): No longer want com.xiaomi.gamecenter (pid 3514): empty #7
07-04 09:20:02.266 D/dalvikvm( 3974): new thread created
07-04 09:20:02.266 D/dalvikvm( 3974): update thread list
07-04 09:20:02.266 D/dalvikvm( 3974): threadid=7: interp stack at 0x5d93d000
07-04 09:20:02.266 D/dalvikvm( 3974): threadid=7: created from interp
07-04 09:20:02.266 D/dalvikvm( 3974): threadid=6: notify debugger
07-04 09:20:02.266 D/dalvikvm( 3974): threadid=6 (FinalizerDaemon): calling run()
07-04 09:20:02.266 D/dalvikvm( 3974): start new thread
07-04 09:20:02.266 D/dalvikvm( 3974): threadid=7: notify debugger
07-04 09:20:02.266 D/dalvikvm( 3974): threadid=7 (FinalizerWatchdogDaemon): calling run()
07-04 09:20:02.268 D/skia    (  616): Flag is not 10
07-04 09:20:02.270 D/dalvikvm( 3974): open_cached_dex_file : /data/data/com.lbe.security.miui/app_hips/client.jar /data/dalvik-cache/data@data@com.lbe.security.miui@app_hips@client.jar@classes.dex
07-04 09:20:02.271 D/dalvikvm( 3974): Trying to load lib /data/data/com.lbe.security.miui/app_hips/liblbeclient.so 0x422480c0
07-04 09:20:02.272 D/dalvikvm( 3974): Added shared lib /data/data/com.lbe.security.miui/app_hips/liblbeclient.so 0x422480c0
07-04 09:20:02.274 D/IPCThreadState(  461): [DN #5] BR_DEAD_BINDER cookie 0x6681fb88
07-04 09:20:02.274 D/IPCThreadState(  461): [DN #5] BR_DEAD_BINDER cookie 0x66813290
07-04 09:20:02.274 D/IPCThreadState(  461): [DN #5] BR_CLEAR_DEATH_NOTIFICATION_DONE cookie 0x66813290
07-04 09:20:02.274 V/ActivityManager(  461): Death received in com.android.server.am.ActivityManagerService$AppDeathRecipient@4285e4a8 for thread android.os.BinderProxy@4279e758
07-04 09:20:02.274 D/IPCThreadState( 1090): [DN #5] BR_DEAD_BINDER cookie 0x5e6cda00
07-04 09:20:02.275 D/IPCThreadState(  461): [DN #5] BR_CLEAR_DEATH_NOTIFICATION_DONE cookie 0x6681fb88
07-04 09:20:02.275 D/IPCThreadState(  461): [DN #5] BR_CLEAR_DEATH_NOTIFICATION_DONE cookie 0x66811a70
07-04 09:20:02.278 D/IPCThreadState( 1090): [DN #5] BR_CLEAR_DEATH_NOTIFICATION_DONE cookie 0x5e6cda00
07-04 09:20:02.280 D/PowerManagerDisplayController(  461): requestPowerState: screenState=2, useProximitySensor=false, forceProximitySensorEnable=false, forceWakeUpEnable=false, screenBrightness=60, screenAutoBrightnessAdjustment=-0.6255319, useAutoBrightness=true, useEcoBrightness=false, blockScreenOn=false, waitForNegativeProximity=false
07-04 09:20:02.281 I/PowerManagerService(  461): setBrightness mButtonLight 0.
07-04 09:20:02.281 D/dalvikvm( 3974): threadid=8: interp stack at 0x5dd8e000
07-04 09:20:02.281 D/dalvikvm( 3974): threadid=9: interp stack at 0x5de96000
07-04 09:20:02.293 V/ActivityManager(  461): Binding process pid 3974 to record ProcessRecord{4285ce18 3974:com.miui.weather2:receiverreportweather/u0a10056}
07-04 09:20:02.293 V/ActivityManager(  461): New death recipient com.android.server.am.ActivityManagerService$AppDeathRecipient@43696208 for thread android.os.BinderProxy@432fe2e0
07-04 09:20:02.294 V/ActivityManager(  461): New app record ProcessRecord{4285ce18 3974:com.miui.weather2:receiverreportweather/u0a10056} thread=android.os.BinderProxy@432fe2e0 pid=3974
07-04 09:20:02.673 W/ADB_SERVICES( 3229): create_local_service_socket() name=tcp:10201
07-04 09:20:02.674 W/ADB_SERVICES( 3229): create_local_service_socket() name=tcp:10201
07-04 09:20:02.674 I/System.out( 3627): close [socket][/0.0.0.0:-1]
07-04 09:20:02.674 I/System.out( 3627): [CDS]EAGAIN or EWOULDBLOCK in Recvfrom
07-04 09:20:02.675 I/System.out( 3627): close [socket][/0.0.0.0:-1]
07-04 09:20:02.676 I/System.out( 3627): [CDS]EAGAIN or EWOULDBLOCK in Recvfrom
07-04 09:20:02.680 D/ConnectivityService(  461): getActiveNetworkInfo:NetworkInfo: type: WIFI[], state: CONNECTED/CONNECTED, reason: (unspecified), extra: "OPPO-SZ", roaming: false, failover: false, isAvailable: true, simId: 0/10085
07-04 09:20:02.681 D/ConnectivityService(  461): getActiveNetworkInfo:NetworkInfo: type: WIFI[], state: CONNECTED/CONNECTED, reason: (unspecified), extra: "OPPO-SZ", roaming: false, failover: false, isAvailable: true, simId: 0/10085
07-04 09:20:02.682 D/TelephonyManager( 3627): getDefaultSim is sim1
07-04 09:20:02.685 I/System.out( 3627): [CDS]close[10201]
07-04 09:20:02.685 I/System.out( 3627): [CDS]close[10201]
07-04 09:20:02.685 I/System.out( 3627): close [socket][/0.0.0.0:10201]
07-04 09:20:02.685 I/System.out( 3627): close [socket][/0.0.0.0:10201]
07-04 09:20:02.695 D/WifiService(  461): Send failed, client connection lost
07-04 09:20:02.695 D/StatusBar.NetworkControllerGemini(  616): isSimInserted(0), SimInserted=true
07-04 09:20:02.696 D/StatusBar.NetworkControllerGemini(  616): isSimInserted(1), SimInserted=false
07-04 09:20:02.697 D/TelephonyManagerEx(  616): isNetworkRoaming
07-04 09:20:02.698 D/TelephonyManagerEx(  616): isNetworkRoaming
07-04 09:20:02.699 D/TelephonyManagerEx(  616): isNetworkRoaming
07-04 09:20:02.700 D/TelephonyManagerEx(  616): isNetworkRoaming
07-04 09:20:02.701 D/StatusBar.NetworkControllerGemini(  616): isSimInserted(0), SimInserted=true
07-04 09:20:02.701 D/StatusBar.NetworkControllerGemini(  616): isSimInserted(1), SimInserted=false
07-04 09:20:02.702 D/TelephonyManagerEx(  616): isNetworkRoaming
07-04 09:20:02.703 D/TelephonyManagerEx(  616): isNetworkRoaming
07-04 09:20:02.704 D/TelephonyManagerEx(  616): isNetworkRoaming
07-04 09:20:02.705 D/TelephonyManagerEx(  616): isNetworkRoaming
07-04 09:20:02.715 D/StateMachine(  461): handleMessage: E msg.what=151572
07-04 09:20:02.715 D/StateMachine(  461): processMsg: ConnectedState
07-04 09:20:02.715 D/WifiStateMachine(  461): ConnectedState{ what=151572 when=-1ms target=Handler (com.android.internal.util.StateMachine$SmHandler) {428f74f8} }
07-04 09:20:02.715 D/StateMachine(  461): processMsg: L2ConnectedState
07-04 09:20:02.715 D/WifiStateMachine(  461): L2ConnectedState{ what=151572 when=-1ms target=Handler (com.android.internal.util.StateMachine$SmHandler) {428f74f8} }
07-04 09:20:02.715 D/WifiNative-wlan0(  461): doString: SIGNAL_POLL
07-04 09:20:02.715 D/WifiCommon(  461): [wlan0] SET "SIGNAL_POLL"
07-04 09:20:02.715 D/wpa_supplicant(  673): RX ctrl_iface - hexdump(len=11): 53 49 47 4e 41 4c 5f 50 4f 4c 4c
07-04 09:20:02.715 D/wpa_supplicant(  673): wlan0: Control interface command 'SIGNAL_POLL'
07-04 09:20:02.716 D/wpa_supplicant(  673): nl80211: survey data missing!
07-04 09:20:02.717 I/WifiStateMachine(  461): fetchRssiAndLinkSpeedNative, newRssi:-49, newLinkSpeed:65, SSID:"OPPO-SZ"
07-04 09:20:02.717 D/WifiNative-wlan0(  461): doString: PKTCNT_POLL
07-04 09:20:02.717 D/WifiCommon(  461): [wlan0] SET "PKTCNT_POLL"
07-04 09:20:02.717 D/wpa_supplicant(  673): RX ctrl_iface - hexdump(len=11): 50 4b 54 43 4e 54 5f 50 4f 4c 4c
07-04 09:20:02.717 D/wpa_supplicant(  673): wlan0: Control interface command 'PKTCNT_POLL'
07-04 09:20:02.718 D/WifiStateMachine(  461): pktcntPoll:TXGOOD=410
07-04 09:20:02.718 D/WifiStateMachine(  461): TXBAD=9
07-04 09:20:02.718 D/WifiStateMachine(  461): RXGOOD=0
07-04 09:20:02.718 D/StateMachine(  461): handleMessage: X
07-04 09:20:02.718 D/WifiWatchdogStateMachine(  461): Fetch RSSI succeed, rssi=-49 mrssi=-49 txbad=9 txgood=410
07-04 09:20:03.052 D/dalvikvm( 3974): GC_CONCURRENT freed 338K, 5% free 8432K/8800K, paused 1ms+1ms, total 12ms
07-04 09:20:03.119 W/ADB_SERVICES( 3229): create_local_service_socket() name=tcp:10201
07-04 09:20:03.120 I/System.out( 3627): close [socket][/0.0.0.0:-1]
07-04 09:20:03.121 I/System.out( 3627): [CDS]EAGAIN or EWOULDBLOCK in Recvfrom
07-04 09:20:03.130 W/ADB_SERVICES( 3229): create_local_service_socket() name=tcp:10201
07-04 09:20:03.131 I/System.out( 3627): close [socket][/0.0.0.0:-1]
07-04 09:20:03.132 I/System.out( 3627): [CDS]EAGAIN or EWOULDBLOCK in Recvfrom
07-04 09:20:03.132 I/System.out( 3627): [CDS]close[10201]
07-04 09:20:03.133 I/System.out( 3627): close [socket][/0.0.0.0:10201]
07-04 09:20:03.139 D/TelephonyManager( 3627): getDefaultSim is sim1
07-04 09:20:03.148 D/dalvikvm( 3627): GC_CONCURRENT freed 880K, 22% free 10464K/13284K, paused 2ms+2ms, total 21ms
07-04 09:20:03.151 I/SurfaceTextureClient(  616): [STC::queueBuffer] (this:0x60364460) fps:4.91, dur:1018.87, max:205.74, min:198.71
07-04 09:20:03.151 D/ConnectivityService(  461): getActiveNetworkInfo:NetworkInfo: type: WIFI[], state: CONNECTED/CONNECTED, reason: (unspecified), extra: "OPPO-SZ", roaming: false, failover: false, isAvailable: true, simId: 0/10085
07-04 09:20:03.151 I/BufferQueue(  129): [StatusBar](this:0x42ecea00,api:1) [queue] fps:4.91, dur:1019.03, max:205.81, min:198.66
07-04 09:20:03.156 I/System.out( 3627): [CDS]close[10201]
07-04 09:20:03.156 I/System.out( 3627): close [socket][/0.0.0.0:10201]
07-04 09:20:03.168 I/BufferQueue(  129): [StatusBar](this:0x42ecea00,api:1) [release] fps:4.88, dur:1025.29, max:205.10, min:204.99
07-04 09:20:03.169 I/SurfaceFlinger(  129): [SurfaceFlinger] fps:4.876754,dur:1025.27,max:205.15,min:204.95
07-04 09:20:03.230 D/BatteryService(  461): mBatteryVoltage=3893
07-04 09:20:03.230 V/ActivityManager(  461): Broadcast sticky: Intent { act=android.intent.action.BATTERY_CHANGED flg=0x60000010 (has extras) } ordered=false userid=-1
07-04 09:20:03.231 D/WifiService(  461): onReceive, action:android.intent.action.BATTERY_CHANGED
07-04 09:20:03.231 V/Provider/Settings(  461):  from settings cache , name = wifi_idle_ms , value = null
07-04 09:20:03.231 V/Provider/Settings(  461):  from settings cache , name = stay_on_while_plugged_in , value = 0
07-04 09:20:03.231 D/WifiService(  461): ACTION_BATTERY_CHANGED pluggedType: 2
07-04 09:20:03.232 D/UsbDeviceManager(  461): onReceive - BATTERY_CHANGED - mPlugType: 2, mSettingUsbCharging: false, mConnected: true, mSettingUsbBicr: false
07-04 09:20:03.234 D/BatteryInfoReceiver(  936): 鐜版湁鐢甸噺锛?9
07-04 09:20:03.235 D/Bluetooth HS/HF(  713): [BT][HFG] [API] mStateReceiver.onReceive(android.intent.action.BATTERY_CHANGED)
07-04 09:20:03.235 D/Bluetooth HS/HF(  713): [BT][HFG] [API] mHandler.handleMessage(9)
07-04 09:20:03.235 D/Bluetooth HS/HF(  713): [BT][HFG] [API] updateBatteryState
07-04 09:20:03.473 D/dalvikvm( 3627): create interp thread : stack size=32KB
07-04 09:20:03.473 D/dalvikvm( 3627): create new thread
07-04 09:20:03.473 D/dalvikvm( 3627): new thread created
07-04 09:20:03.473 D/dalvikvm( 3627): update thread list
07-04 09:20:03.473 D/dalvikvm( 3627): threadid=42: interp stack at 0x60207000
07-04 09:20:03.473 D/dalvikvm( 3627): threadid=42: created from interp
07-04 09:20:03.473 D/dalvikvm( 3627): start new thread
07-04 09:20:03.473 D/dalvikvm( 3627): threadid=42: notify debugger
07-04 09:20:03.474 D/dalvikvm( 3627): threadid=42 (IntentService[sms-service]): calling run()
07-04 09:20:03.480 D/dalvikvm( 3627): create interp thread : stack size=32KB
07-04 09:20:03.480 D/dalvikvm( 3627): create new thread
07-04 09:20:03.481 D/dalvikvm( 3627): new thread created
07-04 09:20:03.481 D/dalvikvm( 3627): update thread list
07-04 09:20:03.481 D/dalvikvm( 3627): threadid=48: interp stack at 0x6020f000
07-04 09:20:03.481 D/dalvikvm( 3627): threadid=48: created from interp
07-04 09:20:03.481 D/dalvikvm( 3627): start new thread
07-04 09:20:03.482 D/dalvikvm( 3627): threadid=48: notify debugger
07-04 09:20:03.482 D/dalvikvm( 3627): threadid=48 (Thread-433): calling run()
07-04 09:20:03.487 D/dalvikvm( 3627): threadid=42: exiting
07-04 09:20:03.487 D/dalvikvm( 3627): threadid=42: bye!
07-04 09:20:03.512 D/dalvikvm( 3627): threadid=48: exiting
07-04 09:20:03.512 D/dalvikvm( 3627): threadid=48: bye!
07-04 09:20:03.550 I/SurfaceTextureClient(  824): [STC::queueBuffer] (this:0x61269df0) fps:0.40, dur:4958.95, max:4382.78, min:576.18
07-04 09:20:03.550 I/BufferQueue(  129): [com.miui.home/com.miui.home.launcher.Launcher](this:0x44ccede0,api:1) [queue] fps:0.40, dur:4958.99, max:4383.02, min:575.98
07-04 09:20:03.559 I/BufferQueue(  129): [com.miui.home/com.miui.home.launcher.Launcher](this:0x44ccede0,api:1) [release] fps:0.40, dur:4957.09, max:4380.88, min:576.22
07-04 09:20:03.715 D/StateMachine(  461): handleMessage: E msg.what=151572
07-04 09:20:03.715 D/StateMachine(  461): processMsg: ConnectedState
07-04 09:20:03.715 D/WifiStateMachine(  461): ConnectedState{ what=151572 when=0 target=Handler (com.android.internal.util.StateMachine$SmHandler) {428f74f8} }
07-04 09:20:03.715 D/StateMachine(  461): processMsg: L2ConnectedState
07-04 09:20:03.716 D/WifiStateMachine(  461): L2ConnectedState{ what=151572 when=0 target=Handler (com.android.internal.util.StateMachine$SmHandler) {428f74f8} }
07-04 09:20:03.716 D/WifiNative-wlan0(  461): doString: SIGNAL_POLL
07-04 09:20:03.716 D/WifiCommon(  461): [wlan0] SET "SIGNAL_POLL"
07-04 09:20:03.716 D/wpa_supplicant(  673): RX ctrl_iface - hexdump(len=11): 53 49 47 4e 41 4c 5f 50 4f 4c 4c
07-04 09:20:03.716 D/wpa_supplicant(  673): wlan0: Control interface command 'SIGNAL_POLL'
07-04 09:20:03.735 D/wpa_supplicant(  673): nl80211: survey data missing!
07-04 09:20:03.735 I/WifiStateMachine(  461): fetchRssiAndLinkSpeedNative, newRssi:-49, newLinkSpeed:65, SSID:"OPPO-SZ"
07-04 09:20:03.735 D/WifiNative-wlan0(  461): doString: PKTCNT_POLL
07-04 09:20:03.735 D/WifiCommon(  461): [wlan0] SET "PKTCNT_POLL"
07-04 09:20:03.735 D/wpa_supplicant(  673): RX ctrl_iface - hexdump(len=11): 50 4b 54 43 4e 54 5f 50 4f 4c 4c
07-04 09:20:03.735 D/wpa_supplicant(  673): wlan0: Control interface command 'PKTCNT_POLL'
07-04 09:20:03.736 D/WifiStateMachine(  461): pktcntPoll:TXGOOD=410
07-04 09:20:03.736 D/WifiStateMachine(  461): TXBAD=9
07-04 09:20:03.736 D/WifiStateMachine(  461): RXGOOD=0
07-04 09:20:03.737 D/StateMachine(  461): handleMessage: X
07-04 09:20:03.737 D/WifiWatchdogStateMachine(  461): Fetch RSSI succeed, rssi=-49 mrssi=-49 txbad=9 txgood=410
07-04 09:20:04.344 I/SurfaceTextureClient(  616): [STC::queueBuffer] (this:0x60364460) fps:3.35, dur:1193.15, max:690.18, min:92.43
07-04 09:20:04.344 I/BufferQueue(  129): [StatusBar](this:0x42ecea00,api:1) [queue] fps:3.35, dur:1193.06, max:690.31, min:92.18
07-04 09:20:04.361 I/BufferQueue(  129): [StatusBar](this:0x42ecea00,api:1) [release] fps:3.35, dur:1193.10, max:689.78, min:93.17
07-04 09:20:04.362 I/SurfaceFlinger(  129): [SurfaceFlinger] fps:4.190819,dur:1193.08,max:390.24,min:93.12
07-04 09:20:04.404 D/skia    ( 3974): Flag is not 10
07-04 09:20:04.405 D/dalvikvm( 3974): create interp thread : stack size=32KB
07-04 09:20:04.405 D/dalvikvm( 3974): create new thread
07-04 09:20:04.405 D/dalvikvm( 3974): new thread created
07-04 09:20:04.405 D/dalvikvm( 3974): update thread list
07-04 09:20:04.405 D/dalvikvm( 3974): threadid=10: interp stack at 0x5c03b000
07-04 09:20:04.405 D/dalvikvm( 3974): threadid=10: created from interp
07-04 09:20:04.405 D/dalvikvm( 3974): start new thread
07-04 09:20:04.406 D/dalvikvm( 3974): threadid=10: notify debugger
07-04 09:20:04.406 D/dalvikvm( 3974): threadid=10 (pool-2-thread-1): calling run()
07-04 09:20:04.406 V/Provider/Settings(  461):  from settings cache , name = read_external_storage_enforced_default , value = null
07-04 09:20:04.407 D/dalvikvm(  130): threadid=2: exiting
07-04 09:20:04.407 D/dalvikvm(  130): threadid=2: bye!
07-04 09:20:04.407 D/dalvikvm(  130): threadid=3: exiting
07-04 09:20:04.407 D/dalvikvm(  130): threadid=3: bye!
07-04 09:20:04.407 D/dalvikvm(  130): threadid=4: exiting
07-04 09:20:04.408 D/dalvikvm(  130): threadid=4: bye!
07-04 09:20:04.409 D/dalvikvm(  130): pre gc
07-04 09:20:04.409 D/dalvikvm(  130): Zygote::ForkAndSpecialize +
07-04 09:20:04.410 D/dalvikvm( 3974): create interp thread : stack size=32KB
07-04 09:20:04.410 D/dalvikvm( 3974): create new thread
07-04 09:20:04.410 D/dalvikvm( 3974): new thread created
07-04 09:20:04.410 D/dalvikvm( 3974): update thread list
07-04 09:20:04.411 D/dalvikvm( 3974): threadid=11: interp stack at 0x5e088000
07-04 09:20:04.411 D/dalvikvm( 3974): threadid=11: created from interp
07-04 09:20:04.411 D/dalvikvm( 3974): start new thread
07-04 09:20:04.411 D/dalvikvm( 3974): threadid=11: notify debugger
07-04 09:20:04.411 D/dalvikvm( 3974): threadid=11 (SharedPreferencesImpl-load): calling run()
07-04 09:20:04.413 D/dalvikvm(  130): Zygote::ForkAndSpecialize : 3994
07-04 09:20:04.413 D/dalvikvm(  130): create interp thread : stack size=32KB
07-04 09:20:04.413 D/dalvikvm(  130): create new thread
07-04 09:20:04.414 D/dalvikvm( 3974): threadid=11: exiting
07-04 09:20:04.414 D/dalvikvm( 3974): threadid=11: bye!
07-04 09:20:04.414 D/dalvikvm(  130): new thread created
07-04 09:20:04.414 D/dalvikvm(  130): update thread list
07-04 09:20:04.414 D/dalvikvm( 3994): Zygote::ForkAndSpecialize : 0
07-04 09:20:04.414 D/dalvikvm(  130): threadid=2: interp stack at 0x5b1db000
07-04 09:20:04.415 D/dalvikvm(  130): threadid=2: created from interp
07-04 09:20:04.415 D/dalvikvm(  130): start new thread
07-04 09:20:04.415 D/dalvikvm(  130): create interp thread : stack size=32KB
07-04 09:20:04.415 D/dalvikvm(  130): create new thread
07-04 09:20:04.415 D/dalvikvm(  130): new thread created
07-04 09:20:04.415 D/dalvikvm(  130): update thread list
07-04 09:20:04.415 D/dalvikvm(  130): threadid=2: notify debugger
07-04 09:20:04.415 D/dalvikvm( 3994): zygote get new systemTid : 3994
07-04 09:20:04.415 D/dalvikvm(  130): threadid=2 (ReferenceQueueDaemon): calling run()
07-04 09:20:04.416 D/dalvikvm(  130): threadid=3: interp stack at 0x5b2e3000
07-04 09:20:04.416 D/dalvikvm(  130): threadid=3: created from interp
07-04 09:20:04.416 D/dalvikvm(  130): start new thread
07-04 09:20:04.416 D/dalvikvm(  130): create interp thread : stack size=32KB
07-04 09:20:04.416 D/dalvikvm(  130): threadid=3: notify debugger
07-04 09:20:04.416 D/dalvikvm(  130): threadid=3 (FinalizerDaemon): calling run()
07-04 09:20:04.416 D/dalvikvm(  130): create new thread
07-04 09:20:04.417 D/dalvikvm( 3994): threadid=2: interp stack at 0x5b2db000
07-04 09:20:04.418 D/dalvikvm( 3994): threadid=3: interp stack at 0x5b3e3000
07-04 09:20:04.418 D/dalvikvm( 3994): Elevating priority from 0 to -8
07-04 09:20:04.419 D/dalvikvm( 3994): threadid=4: interp stack at 0x5b4eb000
07-04 09:20:04.419 D/dalvikvm( 3994): zygote get thread init done
07-04 09:20:04.419 D/dalvikvm(  130): new thread created
07-04 09:20:04.419 D/dalvikvm(  130): update thread list
07-04 09:20:04.419 D/dalvikvm( 3994): create interp thread : stack size=32KB
07-04 09:20:04.419 D/dalvikvm( 3994): create new thread
07-04 09:20:04.419 D/dalvikvm( 3994): new thread created
07-04 09:20:04.419 D/dalvikvm( 3994): update thread list
07-04 09:20:04.419 D/dalvikvm(  130): threadid=4: interp stack at 0x5b3eb000
07-04 09:20:04.419 D/dalvikvm(  130): threadid=4: created from interp
07-04 09:20:04.419 D/dalvikvm(  130): start new thread
07-04 09:20:04.419 D/dalvikvm(  130): threadid=4: notify debugger
07-04 09:20:04.419 D/dalvikvm(  130): threadid=4 (FinalizerWatchdogDaemon): calling run()
07-04 09:20:04.420 I/ActivityManager(  461): Start proc com.miui.cloudservice for broadcast com.miui.cloudservice/.push.MicloudPushServiceReceiver: pid=3994 uid=10011 gids={50011, 3003, 2001, 1028}
07-04 09:20:04.421 D/dalvikvm( 3994): threadid=5: interp stack at 0x5d72d000
07-04 09:20:04.421 D/dalvikvm( 3994): threadid=5: created from interp
07-04 09:20:04.422 D/dalvikvm( 3994): start new thread
07-04 09:20:04.422 D/dalvikvm( 3994): threadid=5: notify debugger
07-04 09:20:04.422 D/dalvikvm( 3994): threadid=5 (ReferenceQueueDaemon): calling run()
07-04 09:20:04.422 D/dalvikvm( 3994): create interp thread : stack size=32KB
07-04 09:20:04.422 D/dalvikvm( 3994): create new thread
07-04 09:20:04.422 I/ActivityManager(  461): No longer want com.android.packageinstaller (pid 3828): empty #7
07-04 09:20:04.423 D/dalvikvm( 3994): new thread created
07-04 09:20:04.423 D/dalvikvm( 3994): update thread list
07-04 09:20:04.423 D/dalvikvm( 3994): threadid=6: interp stack at 0x5d835000
07-04 09:20:04.423 D/dalvikvm( 3994): threadid=6: created from interp
07-04 09:20:04.423 D/dalvikvm( 3994): start new thread
07-04 09:20:04.423 D/dalvikvm( 3994): create interp thread : stack size=32KB
07-04 09:20:04.423 D/dalvikvm( 3994): create new thread
07-04 09:20:04.423 D/dalvikvm( 3994): new thread created
07-04 09:20:04.423 D/dalvikvm( 3994): update thread list
07-04 09:20:04.423 D/dalvikvm( 3994): threadid=6: notify debugger
07-04 09:20:04.423 D/dalvikvm( 3994): threadid=6 (FinalizerDaemon): calling run()
07-04 09:20:04.424 D/dalvikvm( 3994): threadid=7: interp stack at 0x5d93d000
07-04 09:20:04.424 D/dalvikvm( 3994): threadid=7: created from interp
07-04 09:20:04.424 D/dalvikvm( 3994): start new thread
07-04 09:20:04.428 D/dalvikvm( 3994): open_cached_dex_file : /data/data/com.lbe.security.miui/app_hips/client.jar /data/dalvik-cache/data@data@com.lbe.security.miui@app_hips@client.jar@classes.dex
07-04 09:20:04.430 D/dalvikvm( 3994): Trying to load lib /data/data/com.lbe.security.miui/app_hips/liblbeclient.so 0x4224b478
07-04 09:20:04.430 D/dalvikvm( 3994): Added shared lib /data/data/com.lbe.security.miui/app_hips/liblbeclient.so 0x4224b478
07-04 09:20:04.434 D/dalvikvm( 3994): threadid=7: notify debugger
07-04 09:20:04.434 D/dalvikvm( 3994): threadid=7 (FinalizerWatchdogDaemon): calling run()
07-04 09:20:04.434 D/IPCThreadState(  461): [DN #5] BR_DEAD_BINDER cookie 0x641436b0
07-04 09:20:04.435 V/ActivityManager(  461): Death received in com.android.server.am.ActivityManagerService$AppDeathRecipient@4337b260 for thread android.os.BinderProxy@4337a388
07-04 09:20:04.435 D/IPCThreadState(  461): [DN #5] BR_CLEAR_DEATH_NOTIFICATION_DONE cookie 0x641436b0
07-04 09:20:04.435 D/IPCThreadState(  461): [DN #5] BR_DEAD_BINDER cookie 0x67c368e8
07-04 09:20:04.435 D/IPCThreadState(  461): [DN #5] BR_CLEAR_DEATH_NOTIFICATION_DONE cookie 0x67c368e8
07-04 09:20:04.438 D/dalvikvm( 3994): threadid=8: interp stack at 0x5dd8e000
07-04 09:20:04.438 D/dalvikvm( 3994): threadid=9: interp stack at 0x5de96000
07-04 09:20:04.446 D/dalvikvm( 3974): GC_CONCURRENT freed 350K, 5% free 8523K/8912K, paused 3ms+20ms, total 38ms
07-04 09:20:04.451 V/ActivityManager(  461): Binding process pid 3994 to record ProcessRecord{43676418 3994:com.miui.cloudservice/u0a10011}
07-04 09:20:04.451 V/ActivityManager(  461): New death recipient com.android.server.am.ActivityManagerService$AppDeathRecipient@435e4cc8 for thread android.os.BinderProxy@43411f30
07-04 09:20:04.451 V/ActivityManager(  461): New app record ProcessRecord{43676418 3994:com.miui.cloudservice/u0a10011} thread=android.os.BinderProxy@43411f30 pid=3994
07-04 09:20:04.486 D/dalvikvm( 3994): GC_CONCURRENT freed 339K, 5% free 8426K/8796K, paused 2ms+1ms, total 13ms
07-04 09:20:04.522 D/dalvikvm(  875): GC_CONCURRENT freed 359K, 6% free 8999K/9524K, paused 1ms+4ms, total 16ms
07-04 09:20:04.637 D/StateMachine(  461): handleMessage: E msg.what=131155
07-04 09:20:04.637 D/StateMachine(  461): processMsg: ConnectedState
07-04 09:20:04.637 D/WifiStateMachine(  461): ConnectedState{ what=131155 when=-1ms arg1=9 target=Handler (com.android.internal.util.StateMachine$SmHandler) {428f74f8} }
07-04 09:20:04.637 D/StateMachine(  461): processMsg: L2ConnectedState
07-04 09:20:04.637 D/WifiStateMachine(  461): L2ConnectedState{ what=131155 when=-2ms arg1=9 target=Handler (com.android.internal.util.StateMachine$SmHandler) {428f74f8} }
07-04 09:20:04.637 D/WifiNative-wlan0(  461): doString: SIGNAL_POLL
07-04 09:20:04.637 D/WifiCommon(  461): [wlan0] SET "SIGNAL_POLL"
07-04 09:20:04.637 D/wpa_supplicant(  673): RX ctrl_iface - hexdump(len=11): 53 49 47 4e 41 4c 5f 50 4f 4c 4c
07-04 09:20:04.637 D/wpa_supplicant(  673): wlan0: Control interface command 'SIGNAL_POLL'
07-04 09:20:04.639 D/InputReader(  461): InputReader::monitor: lock
07-04 09:20:04.639 D/InputReader(  461): InputReader::monitor: wait 
07-04 09:20:04.639 D/InputReader(  461): InputReader::monitor: unlock
07-04 09:20:04.639 D/InputReader(  461): InputReader::monitor: done
07-04 09:20:04.655 D/wpa_supplicant(  673): nl80211: survey data missing!
07-04 09:20:04.655 I/WifiStateMachine(  461): fetchRssiAndLinkSpeedNative, newRssi:-49, newLinkSpeed:65, SSID:"OPPO-SZ"
07-04 09:20:04.655 D/StateMachine(  461): handleMessage: X
07-04 09:20:04.717 D/StateMachine(  461): handleMessage: E msg.what=151572
07-04 09:20:04.717 D/StateMachine(  461): processMsg: ConnectedState
07-04 09:20:04.717 D/WifiStateMachine(  461): ConnectedState{ what=151572 when=0 target=Handler (com.android.internal.util.StateMachine$SmHandler) {428f74f8} }
07-04 09:20:04.717 D/StateMachine(  461): processMsg: L2ConnectedState
07-04 09:20:04.717 D/WifiStateMachine(  461): L2ConnectedState{ what=151572 when=0 target=Handler (com.android.internal.util.StateMachine$SmHandler) {428f74f8} }
07-04 09:20:04.717 D/WifiNative-wlan0(  461): doString: SIGNAL_POLL
07-04 09:20:04.717 D/WifiCommon(  461): [wlan0] SET "SIGNAL_POLL"
07-04 09:20:04.717 D/wpa_supplicant(  673): RX ctrl_iface - hexdump(len=11): 53 49 47 4e 41 4c 5f 50 4f 4c 4c
07-04 09:20:04.717 D/wpa_supplicant(  673): wlan0: Control interface command 'SIGNAL_POLL'
07-04 09:20:04.735 D/wpa_supplicant(  673): nl80211: survey data missing!
07-04 09:20:04.735 I/WifiStateMachine(  461): fetchRssiAndLinkSpeedNative, newRssi:-49, newLinkSpeed:65, SSID:"OPPO-SZ"
07-04 09:20:04.735 D/WifiNative-wlan0(  461): doString: PKTCNT_POLL
07-04 09:20:04.735 D/WifiCommon(  461): [wlan0] SET "PKTCNT_POLL"
07-04 09:20:04.735 D/wpa_supplicant(  673): RX ctrl_iface - hexdump(len=11): 50 4b 54 43 4e 54 5f 50 4f 4c 4c
07-04 09:20:04.735 D/wpa_supplicant(  673): wlan0: Control interface command 'PKTCNT_POLL'
07-04 09:20:04.735 D/WifiStateMachine(  461): pktcntPoll:TXGOOD=410
07-04 09:20:04.735 D/WifiStateMachine(  461): TXBAD=9
07-04 09:20:04.735 D/WifiStateMachine(  461): RXGOOD=0
07-04 09:20:04.736 D/StateMachine(  461): handleMessage: X
07-04 09:20:04.736 D/WifiWatchdogStateMachine(  461): Fetch RSSI succeed, rssi=-49 mrssi=-49 txbad=9 txgood=410
07-04 09:20:05.067 D/dalvikvm( 3974): create interp thread : stack size=32KB
07-04 09:20:05.067 D/dalvikvm( 3974): create new thread
07-04 09:20:05.067 D/dalvikvm( 3974): new thread created
07-04 09:20:05.067 D/dalvikvm( 3974): update thread list
07-04 09:20:05.067 D/dalvikvm( 3974): threadid=11: interp stack at 0x5e288000
07-04 09:20:05.067 D/dalvikvm( 3974): threadid=11: created from interp
07-04 09:20:05.067 D/dalvikvm( 3974): start new thread
07-04 09:20:05.067 D/dalvikvm( 3974): threadid=11: notify debugger
07-04 09:20:05.067 D/dalvikvm( 3974): threadid=11 (SharedPreferencesImpl-load): calling run()
07-04 09:20:05.068 D/dalvikvm( 3974): threadid=11: exiting
07-04 09:20:05.068 D/dalvikvm( 3974): threadid=11: bye!
07-04 09:20:05.069 D/dalvikvm( 3994): create interp thread : stack size=32KB
07-04 09:20:05.069 D/dalvikvm( 3994): create new thread
07-04 09:20:05.069 D/dalvikvm( 3994): new thread created
07-04 09:20:05.069 D/dalvikvm( 3994): update thread list
07-04 09:20:05.070 D/dalvikvm( 3994): threadid=10: interp stack at 0x5c03b000
07-04 09:20:05.070 D/dalvikvm( 3994): threadid=10: created from interp
07-04 09:20:05.070 D/dalvikvm( 3994): start new thread
07-04 09:20:05.070 D/dalvikvm( 3994): threadid=10: notify debugger
07-04 09:20:05.070 D/dalvikvm( 3994): threadid=10 (IntentService[MicloudPushService]): calling run()
07-04 09:20:05.075 V/Provider/Settings(  461):  from settings cache , name = read_external_storage_enforced_default , value = null
07-04 09:20:05.076 D/dalvikvm(  130): threadid=2: exiting
07-04 09:20:05.076 D/dalvikvm(  130): threadid=2: bye!
07-04 09:20:05.076 D/dalvikvm(  130): threadid=3: exiting
07-04 09:20:05.076 D/dalvikvm(  130): threadid=3: bye!
07-04 09:20:05.076 D/dalvikvm(  130): threadid=4: exiting
07-04 09:20:05.076 D/dalvikvm(  130): threadid=4: bye!
07-04 09:20:05.076 D/dalvikvm(  130): pre gc
07-04 09:20:05.076 D/dalvikvm(  130): Zygote::ForkAndSpecialize +
07-04 09:20:05.080 D/dalvikvm(  130): Zygote::ForkAndSpecialize : 4008
07-04 09:20:05.081 D/dalvikvm( 4008): Zygote::ForkAndSpecialize : 0
07-04 09:20:05.081 D/dalvikvm(  130): create interp thread : stack size=32KB
07-04 09:20:05.081 D/dalvikvm(  130): create new thread
07-04 09:20:05.081 D/dalvikvm(  130): new thread created
07-04 09:20:05.081 D/dalvikvm(  130): update thread list
07-04 09:20:05.081 D/dalvikvm(  130): threadid=2: interp stack at 0x5b1db000
07-04 09:20:05.081 D/dalvikvm( 4008): zygote get new systemTid : 4008
07-04 09:20:05.081 D/dalvikvm(  130): threadid=2: created from interp
07-04 09:20:05.081 D/dalvikvm(  130): start new thread
07-04 09:20:05.081 D/dalvikvm(  130): create interp thread : stack size=32KB
07-04 09:20:05.081 D/dalvikvm(  130): create new thread
07-04 09:20:05.081 D/dalvikvm(  130): new thread created
07-04 09:20:05.081 D/dalvikvm(  130): update thread list
07-04 09:20:05.082 D/dalvikvm(  130): threadid=2: notify debugger
07-04 09:20:05.082 D/dalvikvm( 4008): threadid=2: interp stack at 0x5b2db000
07-04 09:20:05.082 D/dalvikvm(  130): threadid=2 (ReferenceQueueDaemon): calling run()
07-04 09:20:05.082 D/dalvikvm(  130): threadid=3: interp stack at 0x5b2e3000
07-04 09:20:05.082 D/dalvikvm(  130): threadid=3: created from interp
07-04 09:20:05.082 D/dalvikvm(  130): start new thread
07-04 09:20:05.082 D/dalvikvm( 4008): threadid=3: interp stack at 0x5b3e3000
07-04 09:20:05.082 D/dalvikvm(  130): create interp thread : stack size=32KB
07-04 09:20:05.082 D/dalvikvm(  130): create new thread
07-04 09:20:05.082 D/dalvikvm(  130): new thread created
07-04 09:20:05.082 D/dalvikvm(  130): update thread list
07-04 09:20:05.082 D/dalvikvm(  130): threadid=3: notify debugger
07-04 09:20:05.082 D/MicloudPushService( 3994): push service action : android.intent.action.PACKAGE_ADDED
07-04 09:20:05.082 D/dalvikvm(  130): threadid=3 (FinalizerDaemon): calling run()
07-04 09:20:05.082 D/dalvikvm( 4008): Elevating priority from 0 to -8
07-04 09:20:05.083 D/dalvikvm(  130): threadid=4: interp stack at 0x5b3eb000
07-04 09:20:05.083 D/dalvikvm(  130): threadid=4: created from interp
07-04 09:20:05.083 D/dalvikvm(  130): start new thread
07-04 09:20:05.083 D/dalvikvm(  130): threadid=4: notify debugger
07-04 09:20:05.083 D/dalvikvm(  130): threadid=4 (FinalizerWatchdogDaemon): calling run()
07-04 09:20:05.083 I/ActivityManager(  461): Start proc com.android.musicfx for broadcast com.android.musicfx/.Compatibility$Receiver: pid=4008 uid=10040 gids={50040, 3003, 3002, 1028}
07-04 09:20:05.084 D/dalvikvm( 4008): threadid=4: interp stack at 0x5b4eb000
07-04 09:20:05.084 D/dalvikvm( 4008): zygote get thread init done
07-04 09:20:05.084 D/dalvikvm( 4008): create interp thread : stack size=32KB
07-04 09:20:05.084 D/dalvikvm( 4008): create new thread
07-04 09:20:05.084 D/dalvikvm( 4008): new thread created
07-04 09:20:05.084 D/dalvikvm( 4008): update thread list
07-04 09:20:05.085 D/dalvikvm( 3994): threadid=10: exiting
07-04 09:20:05.085 D/dalvikvm( 4008): threadid=5: interp stack at 0x5d72d000
07-04 09:20:05.085 D/dalvikvm( 3994): threadid=10: bye!
07-04 09:20:05.085 D/dalvikvm( 4008): threadid=5: created from interp
07-04 09:20:05.085 D/dalvikvm( 4008): start new thread
07-04 09:20:05.085 D/dalvikvm( 4008): create interp thread : stack size=32KB
07-04 09:20:05.085 D/dalvikvm( 4008): create new thread
07-04 09:20:05.085 D/dalvikvm( 4008): new thread created
07-04 09:20:05.085 D/dalvikvm( 4008): update thread list
07-04 09:20:05.085 D/dalvikvm( 4008): threadid=5: notify debugger
07-04 09:20:05.085 D/dalvikvm( 4008): threadid=5 (ReferenceQueueDaemon): calling run()
07-04 09:20:05.085 D/dalvikvm( 4008): threadid=6: interp stack at 0x5d835000
07-04 09:20:05.085 D/dalvikvm( 4008): threadid=6: created from interp
07-04 09:20:05.085 D/dalvikvm( 4008): start new thread
07-04 09:20:05.085 D/dalvikvm( 4008): threadid=6: notify debugger
07-04 09:20:05.085 D/dalvikvm( 4008): create interp thread : stack size=32KB
07-04 09:20:05.085 D/dalvikvm( 4008): threadid=6 (FinalizerDaemon): calling run()
07-04 09:20:05.086 D/dalvikvm( 4008): create new thread
07-04 09:20:05.086 D/dalvikvm( 4008): new thread created
07-04 09:20:05.086 D/dalvikvm( 4008): update thread list
07-04 09:20:05.086 D/dalvikvm( 4008): threadid=7: interp stack at 0x5d93d000
07-04 09:20:05.086 D/dalvikvm( 4008): threadid=7: created from interp
07-04 09:20:05.086 D/dalvikvm( 4008): start new thread
07-04 09:20:05.086 D/dalvikvm( 4008): threadid=7: notify debugger
07-04 09:20:05.086 D/dalvikvm( 4008): threadid=7 (FinalizerWatchdogDaemon): calling run()
07-04 09:20:05.086 I/ActivityManager(  461): No longer want com.miui.providers.datahub (pid 3876): empty #7
07-04 09:20:05.088 D/IPCThreadState(  967): [DN #5] BR_CLEAR_DEATH_NOTIFICATION_DONE cookie 0x5c3bbfc0
07-04 09:20:05.091 D/dalvikvm( 4008): open_cached_dex_file : /data/data/com.lbe.security.miui/app_hips/client.jar /data/dalvik-cache/data@data@com.lbe.security.miui@app_hips@client.jar@classes.dex
07-04 09:20:05.091 D/IPCThreadState(  461): [DN #5] BR_CLEAR_DEATH_NOTIFICATION_DONE cookie 0x65059670
07-04 09:20:05.092 D/dalvikvm( 4008): Trying to load lib /data/data/com.lbe.security.miui/app_hips/liblbeclient.so 0x4224c2e8
07-04 09:20:05.092 D/dalvikvm( 4008): Added shared lib /data/data/com.lbe.security.miui/app_hips/liblbeclient.so 0x4224c2e8
07-04 09:20:05.093 D/IPCThreadState(  461): [DN #5] BR_DEAD_BINDER cookie 0x66d47480
07-04 09:20:05.093 D/IPCThreadState(  461): [DN #5] BR_DEAD_BINDER cookie 0x66d474c0
07-04 09:20:05.093 V/ActivityManager(  461): Death received in com.android.server.am.ActivityManagerService$AppDeathRecipient@43770658 for thread android.os.BinderProxy@43667848
07-04 09:20:05.093 D/IPCThreadState(  461): [DN #5] BR_CLEAR_DEATH_NOTIFICATION_DONE cookie 0x66d474c0
