07-04 12:17:42.337 W/ApplicationContext(  582): Calling a method in the system process without a qualified user: android.app.ContextImpl.sendStickyBroadcast:1278 com.android.server.TelephonyRegistry$3.onReceive:910 android.app.LoadedApk$ReceiverDispatcher$Args.run:791 
07-04 12:17:42.337 V/ActivityManager(  582): Broadcast sticky: Intent { act=android.intent.action.ANY_DATA_STATE flg=0x10 (has extras) } ordered=false userid=0
07-04 12:17:42.337 V/Mms     ( 3648): [1] MmsSystemEventReceiver.java(167): Intent received: Intent { act=android.intent.action.ANY_DATA_STATE flg=0x10 (has extras) }
07-04 12:17:42.337 D/ActivityThread(  582): BDC-Calling onReceive: intent=Intent { act=android.intent.action.ANY_DATA_STATE_MOBILE flg=0x10 (has extras) }, ordered=true, receiver=android.net.MobileDataStateTracker$MobileDataStateReceiver@4278b918, IIntentReceiver=42702508
07-04 12:17:42.337 D/MobileDataStateTracker(  582): fota: Intent from SIM 0, current SIM 0, current DataState DISCONNECTED
07-04 12:17:42.338 D/ExtensionManager( 2464): PhoneGlobalsBroadcastReceiverExtension()
07-04 12:17:42.338 D/PhonePluginExtensionContainer( 2464): getPhoneGlobalsBroadcastReceiverExtension()
07-04 12:17:42.338 D/PhoneGlobalsBroadcastReceiverExtensionContainer( 2464): onReceive(), sub extension list is null, just return
07-04 12:17:42.338 D/PhoneGlobals( 2464): PhoneGlobalsBroadcastReceiver -----action=android.intent.action.ANY_DATA_STATE
07-04 12:17:42.338 D/PhoneGlobals( 2464): mReceiver: ACTION_ANY_DATA_CONNECTION_STATE_CHANGED state:DISCONNECTED reason:radioTurnedOff
07-04 12:17:42.338 D/NotificationMgr( 2464): hideDataDisconnectedRoaming()...
07-04 12:17:42.338 D/ActivityThread(  582): BDC-Calling finishReceiver: IIntentReceiver=42702508
07-04 12:17:42.339 V/Mms     ( 3648): [1] MmsSystemEventReceiver.java(167): Intent received: Intent { act=android.intent.action.ANY_DATA_STATE flg=0x10 (has extras) }
07-04 12:17:42.339 D/TelephonyRegistry(  582): Received ACTION_ANY_DATA_CONNECTION_STATE_CHANGED_MOBILE
07-04 12:17:42.340 W/ApplicationContext(  582): Calling a method in the system process without a qualified user: android.app.ContextImpl.sendStickyBroadcast:1278 com.android.server.TelephonyRegistry$3.onReceive:910 android.app.LoadedApk$ReceiverDispatcher$Args.run:791 
07-04 12:17:42.340 V/ActivityManager(  582): Broadcast sticky: Intent { act=android.intent.action.ANY_DATA_STATE flg=0x10 (has extras) } ordered=false userid=0
07-04 12:17:42.340 D/ActivityThread(  582): BDC-Calling onReceive: intent=Intent { act=android.intent.action.ANY_DATA_STATE_MOBILE flg=0x10 (has extras) }, ordered=true, receiver=android.net.MobileDataStateTracker$MobileDataStateReceiver@4278b918, IIntentReceiver=42702508
07-04 12:17:42.340 D/MobileDataStateTracker(  582): dun: Intent from SIM 0, current SIM 0, current DataState DISCONNECTED
07-04 12:17:42.340 D/ExtensionManager( 2464): PhoneGlobalsBroadcastReceiverExtension()
07-04 12:17:42.340 D/PhonePluginExtensionContainer( 2464): getPhoneGlobalsBroadcastReceiverExtension()
07-04 12:17:42.340 D/PhoneGlobalsBroadcastReceiverExtensionContainer( 2464): onReceive(), sub extension list is null, just return
07-04 12:17:42.340 D/PhoneGlobals( 2464): PhoneGlobalsBroadcastReceiver -----action=android.intent.action.ANY_DATA_STATE
07-04 12:17:42.341 D/PhoneGlobals( 2464): mReceiver: ACTION_ANY_DATA_CONNECTION_STATE_CHANGED state:DISCONNECTED reason:radioTurnedOff
07-04 12:17:42.341 D/NotificationMgr( 2464): hideDataDisconnectedRoaming()...
07-04 12:17:42.341 D/ActivityThread(  582): BDC-Calling finishReceiver: IIntentReceiver=42702508
07-04 12:17:42.341 V/Mms     ( 3648): [1] MmsSystemEventReceiver.java(167): Intent received: Intent { act=android.intent.action.ANY_DATA_STATE flg=0x10 (has extras) }
07-04 12:17:42.342 D/TelephonyRegistry(  582): Received ACTION_ANY_DATA_CONNECTION_STATE_CHANGED_MOBILE
07-04 12:17:42.343 W/ApplicationContext(  582): Calling a method in the system process without a qualified user: android.app.ContextImpl.sendStickyBroadcast:1278 com.android.server.TelephonyRegistry$3.onReceive:910 android.app.LoadedApk$ReceiverDispatcher$Args.run:791 
07-04 12:17:42.343 V/ActivityManager(  582): Broadcast sticky: Intent { act=android.intent.action.ANY_DATA_STATE flg=0x10 (has extras) } ordered=false userid=0
07-04 12:17:42.343 D/ActivityThread(  582): BDC-Calling onReceive: intent=Intent { act=android.intent.action.ANY_DATA_STATE_MOBILE flg=0x10 (has extras) }, ordered=true, receiver=android.net.MobileDataStateTracker$MobileDataStateReceiver@4278b918, IIntentReceiver=42702508
07-04 12:17:42.343 D/MobileDataStateTracker(  582): supl: Intent from SIM 0, current SIM 0, current DataState DISCONNECTED
07-04 12:17:42.344 D/ExtensionManager( 2464): PhoneGlobalsBroadcastReceiverExtension()
07-04 12:17:42.344 D/PhonePluginExtensionContainer( 2464): getPhoneGlobalsBroadcastReceiverExtension()
07-04 12:17:42.344 D/PhoneGlobalsBroadcastReceiverExtensionContainer( 2464): onReceive(), sub extension list is null, just return
07-04 12:17:42.344 D/PhoneGlobals( 2464): PhoneGlobalsBroadcastReceiver -----action=android.intent.action.ANY_DATA_STATE
07-04 12:17:42.344 D/PhoneGlobals( 2464): mReceiver: ACTION_ANY_DATA_CONNECTION_STATE_CHANGED state:DISCONNECTED reason:radioTurnedOff
07-04 12:17:42.344 D/NotificationMgr( 2464): hideDataDisconnectedRoaming()...
07-04 12:17:42.345 D/ActivityThread(  582): BDC-Calling finishReceiver: IIntentReceiver=42702508
07-04 12:17:42.345 V/Mms     ( 3648): [1] MmsSystemEventReceiver.java(167): Intent received: Intent { act=android.intent.action.ANY_DATA_STATE flg=0x10 (has extras) }
07-04 12:17:42.346 D/TelephonyRegistry(  582): Received ACTION_ANY_DATA_CONNECTION_STATE_CHANGED_MOBILE
07-04 12:17:42.346 D/IPCThreadState( 2680): [DN #5] BR_CLEAR_DEATH_NOTIFICATION_DONE cookie 0x5bf83c70
07-04 12:17:42.347 W/ApplicationContext(  582): Calling a method in the system process without a qualified user: android.app.ContextImpl.sendStickyBroadcast:1278 com.android.server.TelephonyRegistry$3.onReceive:910 android.app.LoadedApk$ReceiverDispatcher$Args.run:791 
07-04 12:17:42.347 D/IPCThreadState(  582): [DN #5] BR_CLEAR_DEATH_NOTIFICATION_DONE cookie 0x6705edf0
07-04 12:17:42.347 V/ActivityManager(  582): Broadcast sticky: Intent { act=android.intent.action.ANY_DATA_STATE flg=0x10 (has extras) } ordered=false userid=0
07-04 12:17:42.347 I/ContentProviderBinder( 2579): query result count: 5 content://weather/weather
07-04 12:17:42.347 D/ActivityThread(  582): BDC-Calling onReceive: intent=Intent { act=android.intent.action.ANY_DATA_STATE_MOBILE flg=0x10 (has extras) }, ordered=true, receiver=android.net.MobileDataStateTracker$MobileDataStateReceiver@4278b918, IIntentReceiver=42702508
07-04 12:17:42.348 D/MobileDataStateTracker(  582): hipri: Intent from SIM 0, current SIM 0, current DataState DISCONNECTED
07-04 12:17:42.348 D/IPCThreadState( 2680): [DN #5] BR_CLEAR_DEATH_NOTIFICATION_DONE cookie 0x5d6a96c8
07-04 12:17:42.348 D/ExtensionManager( 2464): PhoneGlobalsBroadcastReceiverExtension()
07-04 12:17:42.348 D/PhonePluginExtensionContainer( 2464): getPhoneGlobalsBroadcastReceiverExtension()
07-04 12:17:42.349 D/PhoneGlobalsBroadcastReceiverExtensionContainer( 2464): onReceive(), sub extension list is null, just return
07-04 12:17:42.349 D/PhoneGlobals( 2464): PhoneGlobalsBroadcastReceiver -----action=android.intent.action.ANY_DATA_STATE
07-04 12:17:42.349 D/IPCThreadState(  582): [DN #5] BR_CLEAR_DEATH_NOTIFICATION_DONE cookie 0x649a3b70
07-04 12:17:42.349 D/PhoneGlobals( 2464): mReceiver: ACTION_ANY_DATA_CONNECTION_STATE_CHANGED state:DISCONNECTED reason:radioTurnedOff
07-04 12:17:42.349 D/NotificationMgr( 2464): hideDataDisconnectedRoaming()...
07-04 12:17:42.349 I/NotifierManager( 2579): onUnregister: miui.maml.NotifierManager$BroadcastNotifier@42cd3800
07-04 12:17:42.349 I/RenderThread( 2579): RenderThread paused, waiting for signal
07-04 12:17:42.349 I/ContentProviderBinder( 2579): query result count: 5 content://weather/weather
07-04 12:17:42.349 D/ActivityThread(  582): BDC-Calling finishReceiver: IIntentReceiver=42702508
07-04 12:17:42.350 V/Mms     ( 3648): [1] MmsSystemEventReceiver.java(167): Intent received: Intent { act=android.intent.action.ANY_DATA_STATE flg=0x10 (has extras) }
07-04 12:17:42.350 D/TelephonyRegistry(  582): Received ACTION_ANY_DATA_CONNECTION_STATE_CHANGED_MOBILE
07-04 12:17:42.351 W/ApplicationContext(  582): Calling a method in the system process without a qualified user: android.app.ContextImpl.sendStickyBroadcast:1278 com.android.server.TelephonyRegistry$3.onReceive:910 android.app.LoadedApk$ReceiverDispatcher$Args.run:791 
07-04 12:17:42.351 V/ActivityManager(  582): Broadcast sticky: Intent { act=android.intent.action.ANY_DATA_STATE flg=0x10 (has extras) } ordered=false userid=0
07-04 12:17:42.351 D/ActivityThread(  582): BDC-Calling onReceive: intent=Intent { act=android.intent.action.ANY_DATA_STATE_MOBILE flg=0x10 (has extras) }, ordered=true, receiver=android.net.MobileDataStateTracker$MobileDataStateReceiver@4278b918, IIntentReceiver=42702508
07-04 12:17:42.352 D/MobileDataStateTracker(  582): ims: Intent from SIM 0, current SIM 0, current DataState DISCONNECTED
07-04 12:17:42.352 D/ExtensionManager( 2464): PhoneGlobalsBroadcastReceiverExtension()
07-04 12:17:42.352 D/PhonePluginExtensionContainer( 2464): getPhoneGlobalsBroadcastReceiverExtension()
07-04 12:17:42.352 D/PhoneGlobalsBroadcastReceiverExtensionContainer( 2464): onReceive(), sub extension list is null, just return
07-04 12:17:42.352 D/PhoneGlobals( 2464): PhoneGlobalsBroadcastReceiver -----action=android.intent.action.ANY_DATA_STATE
07-04 12:17:42.352 D/PhoneGlobals( 2464): mReceiver: ACTION_ANY_DATA_CONNECTION_STATE_CHANGED state:DISCONNECTED reason:radioTurnedOff
07-04 12:17:42.352 D/NotificationMgr( 2464): hideDataDisconnectedRoaming()...
07-04 12:17:42.353 D/ActivityThread(  582): BDC-Calling finishReceiver: IIntentReceiver=42702508
07-04 12:17:42.353 V/Mms     ( 3648): [1] MmsSystemEventReceiver.java(167): Intent received: Intent { act=android.intent.action.ANY_DATA_STATE flg=0x10 (has extras) }
07-04 12:17:42.354 D/TelephonyRegistry(  582): Received ACTION_ANY_DATA_CONNECTION_STATE_CHANGED_MOBILE
07-04 12:17:42.355 W/ApplicationContext(  582): Calling a method in the system process without a qualified user: android.app.ContextImpl.sendStickyBroadcast:1278 com.android.server.TelephonyRegistry$3.onReceive:910 android.app.LoadedApk$ReceiverDispatcher$Args.run:791 
07-04 12:17:42.355 V/ActivityManager(  582): Broadcast sticky: Intent { act=android.intent.action.ANY_DATA_STATE flg=0x10 (has extras) } ordered=false userid=0
07-04 12:17:42.356 D/ActivityThread(  582): BDC-Calling onReceive: intent=Intent { act=android.intent.action.ANY_DATA_STATE_MOBILE flg=0x10 (has extras) }, ordered=true, receiver=android.net.MobileDataStateTracker$MobileDataStateReceiver@4278b918, IIntentReceiver=42702508
07-04 12:17:42.356 D/MobileDataStateTracker(  582): default: Intent from SIM 0, current SIM 0, current DataState DISCONNECTED
07-04 12:17:42.357 D/ExtensionManager( 2464): PhoneGlobalsBroadcastReceiverExtension()
07-04 12:17:42.357 D/PhonePluginExtensionContainer( 2464): getPhoneGlobalsBroadcastReceiverExtension()
07-04 12:17:42.357 D/PhoneGlobalsBroadcastReceiverExtensionContainer( 2464): onReceive(), sub extension list is null, just return
07-04 12:17:42.357 D/PhoneGlobals( 2464): PhoneGlobalsBroadcastReceiver -----action=android.intent.action.ANY_DATA_STATE
07-04 12:17:42.357 D/ActivityThread(  582): BDC-Calling finishReceiver: IIntentReceiver=42702508
07-04 12:17:42.357 D/PhoneGlobals( 2464): mReceiver: ACTION_ANY_DATA_CONNECTION_STATE_CHANGED state:DISCONNECTED reason:radioTurnedOff
07-04 12:17:42.357 D/NotificationMgr( 2464): hideDataDisconnectedRoaming()...
07-04 12:17:42.358 V/Mms     ( 3648): [1] MmsSystemEventReceiver.java(167): Intent received: Intent { act=android.intent.action.ANY_DATA_STATE flg=0x10 (has extras) }
07-04 12:17:42.358 D/AudioFlinger(  133): threadLoop_sleepTime write muted data to hw
07-04 12:17:42.358 D/AudioMTKStreamOut(  133): write(), buffer = 0x42c0f398 bytes = 8192 mLatency = 92
07-04 12:17:42.358 D/TelephonyRegistry(  582): Received ACTION_ANY_DATA_CONNECTION_STATE_CHANGED_MOBILE
07-04 12:17:42.358 W/ApplicationContext(  582): Calling a method in the system process without a qualified user: android.app.ContextImpl.sendStickyBroadcast:1278 com.android.server.TelephonyRegistry$3.onReceive:910 android.app.LoadedApk$ReceiverDispatcher$Args.run:791 
07-04 12:17:42.359 V/ActivityManager(  582): Broadcast sticky: Intent { act=android.intent.action.ANY_DATA_STATE flg=0x10 (has extras) } ordered=false userid=0
07-04 12:17:42.359 D/ActivityThread(  582): BDC-Calling onReceive: intent=Intent { act=android.intent.action.ANY_DATA_STATE_MOBILE flg=0x10 (has extras) }, ordered=true, receiver=android.net.MobileDataStateTracker$MobileDataStateReceiver@4278b918, IIntentReceiver=42702508
07-04 12:17:42.359 D/MobileDataStateTracker(  582): mms: Intent from SIM 0, current SIM 0, current DataState DISCONNECTED
07-04 12:17:42.360 D/ActivityThread(  582): BDC-Calling finishReceiver: IIntentReceiver=42702508
07-04 12:17:42.361 D/TelephonyRegistry(  582): Received ACTION_ANY_DATA_CONNECTION_STATE_CHANGED_MOBILE
07-04 12:17:42.362 W/ApplicationContext(  582): Calling a method in the system process without a qualified user: android.app.ContextImpl.sendStickyBroadcast:1278 com.android.server.TelephonyRegistry$3.onReceive:910 android.app.LoadedApk$ReceiverDispatcher$Args.run:791 
07-04 12:17:42.362 V/ActivityManager(  582): Broadcast sticky: Intent { act=android.intent.action.ANY_DATA_STATE flg=0x10 (has extras) } ordered=false userid=0
07-04 12:17:42.362 D/ActivityThread(  582): BDC-Calling onReceive: intent=Intent { act=android.intent.action.ANY_DATA_STATE_MOBILE flg=0x10 (has extras) }, ordered=true, receiver=android.net.MobileDataStateTracker$MobileDataStateReceiver@4278b918, IIntentReceiver=42702508
07-04 12:17:42.362 D/MobileDataStateTracker(  582): net: Intent from SIM 0, current SIM 0, current DataState DISCONNECTED
07-04 12:17:42.363 D/ActivityThread(  582): BDC-Calling finishReceiver: IIntentReceiver=42702508
07-04 12:17:42.363 D/ExtensionManager( 2464): PhoneGlobalsBroadcastReceiverExtension()
07-04 12:17:42.363 D/PhonePluginExtensionContainer( 2464): getPhoneGlobalsBroadcastReceiverExtension()
07-04 12:17:42.363 D/PhoneGlobalsBroadcastReceiverExtensionContainer( 2464): onReceive(), sub extension list is null, just return
07-04 12:17:42.363 D/PhoneGlobals( 2464): PhoneGlobalsBroadcastReceiver -----action=android.intent.action.ANY_DATA_STATE
07-04 12:17:42.364 D/PhoneGlobals( 2464): mReceiver: ACTION_ANY_DATA_CONNECTION_STATE_CHANGED state:DISCONNECTED reason:radioTurnedOff
07-04 12:17:42.364 D/ExtensionManager( 2464): PhoneGlobalsBroadcastReceiverExtension()
07-04 12:17:42.364 D/PhonePluginExtensionContainer( 2464): getPhoneGlobalsBroadcastReceiverExtension()
07-04 12:17:42.364 D/PhoneGlobalsBroadcastReceiverExtensionContainer( 2464): onReceive(), sub extension list is null, just return
07-04 12:17:42.364 D/PhoneGlobals( 2464): PhoneGlobalsBroadcastReceiver -----action=android.intent.action.ANY_DATA_STATE
07-04 12:17:42.364 D/PhoneGlobals( 2464): mReceiver: ACTION_ANY_DATA_CONNECTION_STATE_CHANGED state:DISCONNECTED reason:radioTurnedOff
07-04 12:17:42.364 D/NotificationMgr( 2464): hideDataDisconnectedRoaming()...
07-04 12:17:42.364 D/dalvikvm( 3648): GC_CONCURRENT freed 453K, 6% free 8699K/9188K, paused 2ms+2ms, total 23ms
07-04 12:17:42.364 D/NotificationMgr( 2464): hideDataDisconnectedRoaming()...
07-04 12:17:42.365 V/Mms     ( 3648): [1] MmsSystemEventReceiver.java(167): Intent received: Intent { act=android.intent.action.ANY_DATA_STATE flg=0x10 (has extras) }
07-04 12:17:42.365 D/TelephonyRegistry(  582): Received ACTION_ANY_DATA_CONNECTION_STATE_CHANGED_MOBILE
07-04 12:17:42.365 W/ApplicationContext(  582): Calling a method in the system process without a qualified user: android.app.ContextImpl.sendStickyBroadcast:1278 com.android.server.TelephonyRegistry$3.onReceive:910 android.app.LoadedApk$ReceiverDispatcher$Args.run:791 
07-04 12:17:42.365 V/Mms     ( 3648): [1] MmsSystemEventReceiver.java(167): Intent received: Intent { act=android.intent.action.ANY_DATA_STATE flg=0x10 (has extras) }
07-04 12:17:42.365 V/ActivityManager(  582): Broadcast sticky: Intent { act=android.intent.action.ANY_DATA_STATE flg=0x10 (has extras) } ordered=false userid=0
07-04 12:17:42.366 D/MobileDataStateTracker(  582): mms: getNetworkInfo: updated IsAvailable=false
07-04 12:17:42.367 D/ActivityThread(  582): BDC-Calling onReceive: intent=Intent { act=android.intent.action.ANY_DATA_STATE_MOBILE flg=0x10 (has extras) }, ordered=true, receiver=android.net.MobileDataStateTracker$MobileDataStateReceiver@4278b918, IIntentReceiver=42702508
07-04 12:17:42.367 D/MobileDataStateTracker(  582): rcse: Intent from SIM 0, current SIM 0, current DataState DISCONNECTED
07-04 12:17:42.367 D/ExtensionManager( 2464): PhoneGlobalsBroadcastReceiverExtension()
07-04 12:17:42.367 D/PhonePluginExtensionContainer( 2464): getPhoneGlobalsBroadcastReceiverExtension()
07-04 12:17:42.367 D/PhoneGlobalsBroadcastReceiverExtensionContainer( 2464): onReceive(), sub extension list is null, just return
07-04 12:17:42.367 D/PhoneGlobals( 2464): PhoneGlobalsBroadcastReceiver -----action=android.intent.action.ANY_DATA_STATE
07-04 12:17:42.367 D/PhoneGlobals( 2464): mReceiver: ACTION_ANY_DATA_CONNECTION_STATE_CHANGED state:DISCONNECTED reason:radioTurnedOff
07-04 12:17:42.367 D/NotificationMgr( 2464): hideDataDisconnectedRoaming()...
07-04 12:17:42.367 D/MobileDataStateTracker(  582): mms: getNetworkInfo: updated IsAvailable=false
07-04 12:17:42.369 D/ActivityThread(  582): BDC-Calling finishReceiver: IIntentReceiver=42702508
07-04 12:17:42.370 V/Mms     ( 3648): [1] MmsSystemEventReceiver.java(167): Intent received: Intent { act=android.intent.action.ANY_DATA_STATE flg=0x10 (has extras) }
07-04 12:17:42.370 D/TelephonyRegistry(  582): Received ACTION_ANY_DATA_CONNECTION_STATE_CHANGED_MOBILE
07-04 12:17:42.370 W/ApplicationContext(  582): Calling a method in the system process without a qualified user: android.app.ContextImpl.sendStickyBroadcast:1278 com.android.server.TelephonyRegistry$3.onReceive:910 android.app.LoadedApk$ReceiverDispatcher$Args.run:791 
07-04 12:17:42.370 V/ActivityManager(  582): Broadcast sticky: Intent { act=android.intent.action.ANY_DATA_STATE flg=0x10 (has extras) } ordered=false userid=0
07-04 12:17:42.371 D/ActivityThread(  582): BDC-Calling onReceive: intent=Intent { act=android.intent.action.ANY_DATA_STATE_MOBILE flg=0x10 (has extras) }, ordered=true, receiver=android.net.MobileDataStateTracker$MobileDataStateReceiver@4278b918, IIntentReceiver=42702508
07-04 12:17:42.371 D/MobileDataStateTracker(  582): cbs: Intent from SIM 0, current SIM 0, current DataState DISCONNECTED
07-04 12:17:42.372 D/ExtensionManager( 2464): PhoneGlobalsBroadcastReceiverExtension()
07-04 12:17:42.372 D/PhonePluginExtensionContainer( 2464): getPhoneGlobalsBroadcastReceiverExtension()
07-04 12:17:42.372 D/PhoneGlobalsBroadcastReceiverExtensionContainer( 2464): onReceive(), sub extension list is null, just return
07-04 12:17:42.372 D/PhoneGlobals( 2464): PhoneGlobalsBroadcastReceiver -----action=android.intent.action.ANY_DATA_STATE
07-04 12:17:42.372 D/PhoneGlobals( 2464): mReceiver: ACTION_ANY_DATA_CONNECTION_STATE_CHANGED state:DISCONNECTED reason:radioTurnedOff
07-04 12:17:42.372 D/NotificationMgr( 2464): hideDataDisconnectedRoaming()...
07-04 12:17:42.372 D/ActivityThread(  582): BDC-Calling finishReceiver: IIntentReceiver=42702508
07-04 12:17:42.372 V/Mms     ( 3648): [1] MmsSystemEventReceiver.java(167): Intent received: Intent { act=android.intent.action.ANY_DATA_STATE flg=0x10 (has extras) }
07-04 12:17:42.373 D/TelephonyRegistry(  582): Received ACTION_ANY_DATA_CONNECTION_STATE_CHANGED_MOBILE
07-04 12:17:42.373 W/ApplicationContext(  582): Calling a method in the system process without a qualified user: android.app.ContextImpl.sendStickyBroadcast:1278 com.android.server.TelephonyRegistry$3.onReceive:910 android.app.LoadedApk$ReceiverDispatcher$Args.run:791 
07-04 12:17:42.373 V/ActivityManager(  582): Broadcast sticky: Intent { act=android.intent.action.ANY_DATA_STATE flg=0x10 (has extras) } ordered=false userid=0
07-04 12:17:42.374 D/ActivityThread(  582): BDC-Calling onReceive: intent=Intent { act=android.intent.action.ANY_DATA_STATE_MOBILE flg=0x10 (has extras) }, ordered=true, receiver=android.net.MobileDataStateTracker$MobileDataStateReceiver@4278b918, IIntentReceiver=42702508
07-04 12:17:42.374 D/MobileDataStateTracker(  582): dm: Intent from SIM 1, current SIM 0, current DataState DISCONNECTED
07-04 12:17:42.374 D/ExtensionManager( 2464): PhoneGlobalsBroadcastReceiverExtension()
07-04 12:17:42.374 D/PhonePluginExtensionContainer( 2464): getPhoneGlobalsBroadcastReceiverExtension()
07-04 12:17:42.374 D/PhoneGlobalsBroadcastReceiverExtensionContainer( 2464): onReceive(), sub extension list is null, just return
07-04 12:17:42.374 D/PhoneGlobals( 2464): PhoneGlobalsBroadcastReceiver -----action=android.intent.action.ANY_DATA_STATE
07-04 12:17:42.374 D/PhoneGlobals( 2464): mReceiver: ACTION_ANY_DATA_CONNECTION_STATE_CHANGED state:DISCONNECTED reason:radioTurnedOff
07-04 12:17:42.374 D/NotificationMgr( 2464): hideDataDisconnectedRoaming()...
07-04 12:17:42.375 D/ActivityThread(  582): BDC-Calling finishReceiver: IIntentReceiver=42702508
07-04 12:17:42.375 V/Mms     ( 3648): [1] MmsSystemEventReceiver.java(167): Intent received: Intent { act=android.intent.action.ANY_DATA_STATE flg=0x10 (has extras) }
07-04 12:17:42.376 D/TelephonyRegistry(  582): Received ACTION_ANY_DATA_CONNECTION_STATE_CHANGED_MOBILE
07-04 12:17:42.376 W/ApplicationContext(  582): Calling a method in the system process without a qualified user: android.app.ContextImpl.sendStickyBroadcast:1278 com.android.server.TelephonyRegistry$3.onReceive:910 android.app.LoadedApk$ReceiverDispatcher$Args.run:791 
07-04 12:17:42.376 V/ActivityManager(  582): Broadcast sticky: Intent { act=android.intent.action.ANY_DATA_STATE flg=0x10 (has extras) } ordered=false userid=0
07-04 12:17:42.376 D/ActivityThread(  582): BDC-Calling onReceive: intent=Intent { act=android.intent.action.ANY_DATA_STATE_MOBILE flg=0x10 (has extras) }, ordered=true, receiver=android.net.MobileDataStateTracker$MobileDataStateReceiver@4278b918, IIntentReceiver=42702508
07-04 12:17:42.377 D/MobileDataStateTracker(  582): wap: Intent from SIM 1, current SIM 0, current DataState DISCONNECTED
07-04 12:17:42.377 D/ExtensionManager( 2464): PhoneGlobalsBroadcastReceiverExtension()
07-04 12:17:42.377 D/PhonePluginExtensionContainer( 2464): getPhoneGlobalsBroadcastReceiverExtension()
07-04 12:17:42.377 D/PhoneGlobalsBroadcastReceiverExtensionContainer( 2464): onReceive(), sub extension list is null, just return
07-04 12:17:42.377 D/PhoneGlobals( 2464): PhoneGlobalsBroadcastReceiver -----action=android.intent.action.ANY_DATA_STATE
07-04 12:17:42.377 D/PhoneGlobals( 2464): mReceiver: ACTION_ANY_DATA_CONNECTION_STATE_CHANGED state:DISCONNECTED reason:radioTurnedOff
07-04 12:17:42.377 D/NotificationMgr( 2464): hideDataDisconnectedRoaming()...
07-04 12:17:42.378 D/ActivityThread(  582): BDC-Calling finishReceiver: IIntentReceiver=42702508
07-04 12:17:42.378 V/Mms     ( 3648): [1] MmsSystemEventReceiver.java(167): Intent received: Intent { act=android.intent.action.ANY_DATA_STATE flg=0x10 (has extras) }
07-04 12:17:42.378 D/TelephonyRegistry(  582): Received ACTION_ANY_DATA_CONNECTION_STATE_CHANGED_MOBILE
07-04 12:17:42.379 W/ApplicationContext(  582): Calling a method in the system process without a qualified user: android.app.ContextImpl.sendStickyBroadcast:1278 com.android.server.TelephonyRegistry$3.onReceive:910 android.app.LoadedApk$ReceiverDispatcher$Args.run:791 
07-04 12:17:42.379 V/ActivityManager(  582): Broadcast sticky: Intent { act=android.intent.action.ANY_DATA_STATE flg=0x10 (has extras) } ordered=false userid=0
07-04 12:17:42.379 D/ActivityThread(  582): BDC-Calling onReceive: intent=Intent { act=android.intent.action.ANY_DATA_STATE_MOBILE flg=0x10 (has extras) }, ordered=true, receiver=android.net.MobileDataStateTracker$MobileDataStateReceiver@4278b918, IIntentReceiver=42702508
07-04 12:17:42.379 D/MobileDataStateTracker(  582): cmmail: Intent from SIM 1, current SIM 0, current DataState DISCONNECTED
07-04 12:17:42.381 D/ExtensionManager( 2464): PhoneGlobalsBroadcastReceiverExtension()
07-04 12:17:42.381 D/PhonePluginExtensionContainer( 2464): getPhoneGlobalsBroadcastReceiverExtension()
07-04 12:17:42.381 D/PhoneGlobalsBroadcastReceiverExtensionContainer( 2464): onReceive(), sub extension list is null, just return
07-04 12:17:42.381 D/PhoneGlobals( 2464): PhoneGlobalsBroadcastReceiver -----action=android.intent.action.ANY_DATA_STATE
07-04 12:17:42.381 D/ActivityThread(  582): BDC-Calling finishReceiver: IIntentReceiver=42702508
07-04 12:17:42.381 D/PhoneGlobals( 2464): mReceiver: ACTION_ANY_DATA_CONNECTION_STATE_CHANGED state:DISCONNECTED reason:radioTurnedOff
07-04 12:17:42.381 D/NotificationMgr( 2464): hideDataDisconnectedRoaming()...
07-04 12:17:42.382 D/TelephonyRegistry(  582): Received ACTION_ANY_DATA_CONNECTION_STATE_CHANGED_MOBILE
07-04 12:17:42.382 V/Mms     ( 3648): [1] MmsSystemEventReceiver.java(167): Intent received: Intent { act=android.intent.action.ANY_DATA_STATE flg=0x10 (has extras) }
07-04 12:17:42.382 W/ApplicationContext(  582): Calling a method in the system process without a qualified user: android.app.ContextImpl.sendStickyBroadcast:1278 com.android.server.TelephonyRegistry$3.onReceive:910 android.app.LoadedApk$ReceiverDispatcher$Args.run:791 
07-04 12:17:42.382 V/ActivityManager(  582): Broadcast sticky: Intent { act=android.intent.action.ANY_DATA_STATE flg=0x10 (has extras) } ordered=false userid=0
07-04 12:17:42.383 D/ActivityThread(  582): BDC-Calling onReceive: intent=Intent { act=android.intent.action.ANY_DATA_STATE_MOBILE flg=0x10 (has extras) }, ordered=true, receiver=android.net.MobileDataStateTracker$MobileDataStateReceiver@4278b918, IIntentReceiver=42702508
07-04 12:17:42.383 D/MobileDataStateTracker(  582): fota: Intent from SIM 1, current SIM 0, current DataState DISCONNECTED
07-04 12:17:42.383 D/ExtensionManager( 2464): PhoneGlobalsBroadcastReceiverExtension()
07-04 12:17:42.383 D/PhonePluginExtensionContainer( 2464): getPhoneGlobalsBroadcastReceiverExtension()
07-04 12:17:42.383 D/PhoneGlobalsBroadcastReceiverExtensionContainer( 2464): onReceive(), sub extension list is null, just return
07-04 12:17:42.383 D/PhoneGlobals( 2464): PhoneGlobalsBroadcastReceiver -----action=android.intent.action.ANY_DATA_STATE
07-04 12:17:42.383 D/PhoneGlobals( 2464): mReceiver: ACTION_ANY_DATA_CONNECTION_STATE_CHANGED state:DISCONNECTED reason:radioTurnedOff
07-04 12:17:42.383 D/NotificationMgr( 2464): hideDataDisconnectedRoaming()...
07-04 12:17:42.384 D/ActivityThread(  582): BDC-Calling finishReceiver: IIntentReceiver=42702508
07-04 12:17:42.384 V/Mms     ( 3648): [1] MmsSystemEventReceiver.java(167): Intent received: Intent { act=android.intent.action.ANY_DATA_STATE flg=0x10 (has extras) }
07-04 12:17:42.385 D/TelephonyRegistry(  582): Received ACTION_ANY_DATA_CONNECTION_STATE_CHANGED_MOBILE
07-04 12:17:42.385 W/ApplicationContext(  582): Calling a method in the system process without a qualified user: android.app.ContextImpl.sendStickyBroadcast:1278 com.android.server.TelephonyRegistry$3.onReceive:910 android.app.LoadedApk$ReceiverDispatcher$Args.run:791 
07-04 12:17:42.385 V/ActivityManager(  582): Broadcast sticky: Intent { act=android.intent.action.ANY_DATA_STATE flg=0x10 (has extras) } ordered=false userid=0
07-04 12:17:42.385 D/ActivityThread(  582): BDC-Calling onReceive: intent=Intent { act=android.intent.action.ANY_DATA_STATE_MOBILE flg=0x10 (has extras) }, ordered=true, receiver=android.net.MobileDataStateTracker$MobileDataStateReceiver@4278b918, IIntentReceiver=42702508
07-04 12:17:42.386 D/MobileDataStateTracker(  582): dun: Intent from SIM 1, current SIM 0, current DataState DISCONNECTED
07-04 12:17:42.386 D/ExtensionManager( 2464): PhoneGlobalsBroadcastReceiverExtension()
07-04 12:17:42.386 D/PhonePluginExtensionContainer( 2464): getPhoneGlobalsBroadcastReceiverExtension()
07-04 12:17:42.386 D/PhoneGlobalsBroadcastReceiverExtensionContainer( 2464): onReceive(), sub extension list is null, just return
07-04 12:17:42.386 D/PhoneGlobals( 2464): PhoneGlobalsBroadcastReceiver -----action=android.intent.action.ANY_DATA_STATE
07-04 12:17:42.386 D/PhoneGlobals( 2464): mReceiver: ACTION_ANY_DATA_CONNECTION_STATE_CHANGED state:DISCONNECTED reason:radioTurnedOff
07-04 12:17:42.386 D/NotificationMgr( 2464): hideDataDisconnectedRoaming()...
07-04 12:17:42.386 D/ActivityThread(  582): BDC-Calling finishReceiver: IIntentReceiver=42702508
07-04 12:17:42.387 V/Mms     ( 3648): [1] MmsSystemEventReceiver.java(167): Intent received: Intent { act=android.intent.action.ANY_DATA_STATE flg=0x10 (has extras) }
07-04 12:17:42.388 D/TelephonyRegistry(  582): Received ACTION_ANY_DATA_CONNECTION_STATE_CHANGED_MOBILE
07-04 12:17:42.388 W/ApplicationContext(  582): Calling a method in the system process without a qualified user: android.app.ContextImpl.sendStickyBroadcast:1278 com.android.server.TelephonyRegistry$3.onReceive:910 android.app.LoadedApk$ReceiverDispatcher$Args.run:791 
07-04 12:17:42.388 V/ActivityManager(  582): Broadcast sticky: Intent { act=android.intent.action.ANY_DATA_STATE flg=0x10 (has extras) } ordered=false userid=0
07-04 12:17:42.389 D/ActivityThread(  582): BDC-Calling onReceive: intent=Intent { act=android.intent.action.ANY_DATA_STATE_MOBILE flg=0x10 (has extras) }, ordered=true, receiver=android.net.MobileDataStateTracker$MobileDataStateReceiver@4278b918, IIntentReceiver=42702508
07-04 12:17:42.389 D/MobileDataStateTracker(  582): supl: Intent from SIM 1, current SIM 0, current DataState DISCONNECTED
07-04 12:17:42.389 D/ExtensionManager( 2464): PhoneGlobalsBroadcastReceiverExtension()
07-04 12:17:42.389 D/PhonePluginExtensionContainer( 2464): getPhoneGlobalsBroadcastReceiverExtension()
07-04 12:17:42.389 D/PhoneGlobalsBroadcastReceiverExtensionContainer( 2464): onReceive(), sub extension list is null, just return
07-04 12:17:42.389 D/PhoneGlobals( 2464): PhoneGlobalsBroadcastReceiver -----action=android.intent.action.ANY_DATA_STATE
07-04 12:17:42.389 D/PhoneGlobals( 2464): mReceiver: ACTION_ANY_DATA_CONNECTION_STATE_CHANGED state:DISCONNECTED reason:radioTurnedOff
07-04 12:17:42.389 D/NotificationMgr( 2464): hideDataDisconnectedRoaming()...
07-04 12:17:42.390 D/ActivityThread(  582): BDC-Calling finishReceiver: IIntentReceiver=42702508
07-04 12:17:42.390 V/Mms     ( 3648): [1] MmsSystemEventReceiver.java(167): Intent received: Intent { act=android.intent.action.ANY_DATA_STATE flg=0x10 (has extras) }
07-04 12:17:42.391 D/TelephonyRegistry(  582): Received ACTION_ANY_DATA_CONNECTION_STATE_CHANGED_MOBILE
07-04 12:17:42.391 W/ApplicationContext(  582): Calling a method in the system process without a qualified user: android.app.ContextImpl.sendStickyBroadcast:1278 com.android.server.TelephonyRegistry$3.onReceive:910 android.app.LoadedApk$ReceiverDispatcher$Args.run:791 
07-04 12:17:42.391 V/ActivityManager(  582): Broadcast sticky: Intent { act=android.intent.action.ANY_DATA_STATE flg=0x10 (has extras) } ordered=false userid=0
07-04 12:17:42.392 D/ActivityThread(  582): BDC-Calling onReceive: intent=Intent { act=android.intent.action.ANY_DATA_STATE_MOBILE flg=0x10 (has extras) }, ordered=true, receiver=android.net.MobileDataStateTracker$MobileDataStateReceiver@4278b918, IIntentReceiver=42702508
07-04 12:17:42.392 D/MobileDataStateTracker(  582): hipri: Intent from SIM 1, current SIM 0, current DataState DISCONNECTED
07-04 12:17:42.392 D/ExtensionManager( 2464): PhoneGlobalsBroadcastReceiverExtension()
07-04 12:17:42.392 D/PhonePluginExtensionContainer( 2464): getPhoneGlobalsBroadcastReceiverExtension()
07-04 12:17:42.392 D/PhoneGlobalsBroadcastReceiverExtensionContainer( 2464): onReceive(), sub extension list is null, just return
07-04 12:17:42.392 D/PhoneGlobals( 2464): PhoneGlobalsBroadcastReceiver -----action=android.intent.action.ANY_DATA_STATE
07-04 12:17:42.392 D/PhoneGlobals( 2464): mReceiver: ACTION_ANY_DATA_CONNECTION_STATE_CHANGED state:DISCONNECTED reason:radioTurnedOff
07-04 12:17:42.392 D/NotificationMgr( 2464): hideDataDisconnectedRoaming()...
07-04 12:17:42.392 D/ActivityThread(  582): BDC-Calling finishReceiver: IIntentReceiver=42702508
07-04 12:17:42.393 V/Mms     ( 3648): [1] MmsSystemEventReceiver.java(167): Intent received: Intent { act=android.intent.action.ANY_DATA_STATE flg=0x10 (has extras) }
07-04 12:17:42.393 D/TelephonyRegistry(  582): Received ACTION_ANY_DATA_CONNECTION_STATE_CHANGED_MOBILE
07-04 12:17:42.394 W/ApplicationContext(  582): Calling a method in the system process without a qualified user: android.app.ContextImpl.sendStickyBroadcast:1278 com.android.server.TelephonyRegistry$3.onReceive:910 android.app.LoadedApk$ReceiverDispatcher$Args.run:791 
07-04 12:17:42.394 V/ActivityManager(  582): Broadcast sticky: Intent { act=android.intent.action.ANY_DATA_STATE flg=0x10 (has extras) } ordered=false userid=0
07-04 12:17:42.394 D/ActivityThread(  582): BDC-Calling onReceive: intent=Intent { act=android.intent.action.ANY_DATA_STATE_MOBILE flg=0x10 (has extras) }, ordered=true, receiver=android.net.MobileDataStateTracker$MobileDataStateReceiver@4278b918, IIntentReceiver=42702508
07-04 12:17:42.394 D/MobileDataStateTracker(  582): ims: Intent from SIM 1, current SIM 0, current DataState DISCONNECTED
07-04 12:17:42.394 D/ExtensionManager( 2464): PhoneGlobalsBroadcastReceiverExtension()
07-04 12:17:42.394 D/PhonePluginExtensionContainer( 2464): getPhoneGlobalsBroadcastReceiverExtension()
07-04 12:17:42.394 D/PhoneGlobalsBroadcastReceiverExtensionContainer( 2464): onReceive(), sub extension list is null, just return
07-04 12:17:42.394 D/PhoneGlobals( 2464): PhoneGlobalsBroadcastReceiver -----action=android.intent.action.ANY_DATA_STATE
07-04 12:17:42.395 D/PhoneGlobals( 2464): mReceiver: ACTION_ANY_DATA_CONNECTION_STATE_CHANGED state:DISCONNECTED reason:radioTurnedOff
07-04 12:17:42.395 D/NotificationMgr( 2464): hideDataDisconnectedRoaming()...
07-04 12:17:42.395 D/ActivityThread(  582): BDC-Calling finishReceiver: IIntentReceiver=42702508
07-04 12:17:42.395 V/Mms     ( 3648): [1] MmsSystemEventReceiver.java(167): Intent received: Intent { act=android.intent.action.ANY_DATA_STATE flg=0x10 (has extras) }
07-04 12:17:42.396 D/TelephonyRegistry(  582): Received ACTION_ANY_DATA_CONNECTION_STATE_CHANGED_MOBILE
07-04 12:17:42.396 W/ApplicationContext(  582): Calling a method in the system process without a qualified user: android.app.ContextImpl.sendStickyBroadcast:1278 com.android.server.TelephonyRegistry$3.onReceive:910 android.app.LoadedApk$ReceiverDispatcher$Args.run:791 
07-04 12:17:42.396 V/ActivityManager(  582): Broadcast sticky: Intent { act=android.intent.action.ANY_DATA_STATE flg=0x10 (has extras) } ordered=false userid=0
07-04 12:17:42.397 D/ActivityThread(  582): BDC-Calling onReceive: intent=Intent { act=android.intent.action.ANY_DATA_STATE_MOBILE flg=0x10 (has extras) }, ordered=true, receiver=android.net.MobileDataStateTracker$MobileDataStateReceiver@4278b918, IIntentReceiver=42702508
07-04 12:17:42.397 D/MobileDataStateTracker(  582): default: Intent from SIM 1, current SIM 0, current DataState DISCONNECTED
07-04 12:17:42.397 D/ExtensionManager( 2464): PhoneGlobalsBroadcastReceiverExtension()
07-04 12:17:42.397 D/PhonePluginExtensionContainer( 2464): getPhoneGlobalsBroadcastReceiverExtension()
07-04 12:17:42.397 D/PhoneGlobalsBroadcastReceiverExtensionContainer( 2464): onReceive(), sub extension list is null, just return
07-04 12:17:42.397 D/PhoneGlobals( 2464): PhoneGlobalsBroadcastReceiver -----action=android.intent.action.ANY_DATA_STATE
07-04 12:17:42.397 D/PhoneGlobals( 2464): mReceiver: ACTION_ANY_DATA_CONNECTION_STATE_CHANGED state:DISCONNECTED reason:radioTurnedOff
07-04 12:17:42.397 D/NotificationMgr( 2464): hideDataDisconnectedRoaming()...
07-04 12:17:42.397 D/ActivityThread(  582): BDC-Calling finishReceiver: IIntentReceiver=42702508
07-04 12:17:42.398 D/TelephonyRegistry(  582): Received ACTION_ANY_DATA_CONNECTION_STATE_CHANGED_MOBILE
07-04 12:17:42.399 W/ApplicationContext(  582): Calling a method in the system process without a qualified user: android.app.ContextImpl.sendStickyBroadcast:1278 com.android.server.TelephonyRegistry$3.onReceive:910 android.app.LoadedApk$ReceiverDispatcher$Args.run:791 
07-04 12:17:42.399 V/ActivityManager(  582): Broadcast sticky: Intent { act=android.intent.action.ANY_DATA_STATE flg=0x10 (has extras) } ordered=false userid=0
07-04 12:17:42.399 V/Mms     ( 3648): [1] MmsSystemEventReceiver.java(167): Intent received: Intent { act=android.intent.action.ANY_DATA_STATE flg=0x10 (has extras) }
07-04 12:17:42.399 D/ActivityThread(  582): BDC-Calling onReceive: intent=Intent { act=android.intent.action.ANY_DATA_STATE_MOBILE flg=0x10 (has extras) }, ordered=true, receiver=android.net.MobileDataStateTracker$MobileDataStateReceiver@4278b918, IIntentReceiver=42702508
07-04 12:17:42.399 D/MobileDataStateTracker(  582): mms: Intent from SIM 1, current SIM 0, current DataState DISCONNECTED
07-04 12:17:42.400 D/ExtensionManager( 2464): PhoneGlobalsBroadcastReceiverExtension()
07-04 12:17:42.400 D/PhonePluginExtensionContainer( 2464): getPhoneGlobalsBroadcastReceiverExtension()
07-04 12:17:42.400 D/PhoneGlobalsBroadcastReceiverExtensionContainer( 2464): onReceive(), sub extension list is null, just return
07-04 12:17:42.400 D/PhoneGlobals( 2464): PhoneGlobalsBroadcastReceiver -----action=android.intent.action.ANY_DATA_STATE
07-04 12:17:42.400 D/PhoneGlobals( 2464): mReceiver: ACTION_ANY_DATA_CONNECTION_STATE_CHANGED state:DISCONNECTED reason:radioTurnedOff
07-04 12:17:42.400 D/NotificationMgr( 2464): hideDataDisconnectedRoaming()...
07-04 12:17:42.401 D/ActivityThread(  582): BDC-Calling finishReceiver: IIntentReceiver=42702508
07-04 12:17:42.401 V/Mms     ( 3648): [1] MmsSystemEventReceiver.java(167): Intent received: Intent { act=android.intent.action.ANY_DATA_STATE flg=0x10 (has extras) }
07-04 12:17:42.402 D/TelephonyRegistry(  582): Received ACTION_ANY_DATA_CONNECTION_STATE_CHANGED_MOBILE
07-04 12:17:42.402 W/ApplicationContext(  582): Calling a method in the system process without a qualified user: android.app.ContextImpl.sendStickyBroadcast:1278 com.android.server.TelephonyRegistry$3.onReceive:910 android.app.LoadedApk$ReceiverDispatcher$Args.run:791 
07-04 12:17:42.402 V/ActivityManager(  582): Broadcast sticky: Intent { act=android.intent.action.ANY_DATA_STATE flg=0x10 (has extras) } ordered=false userid=0
07-04 12:17:42.403 D/ActivityThread(  582): BDC-Calling onReceive: intent=Intent { act=android.intent.action.ANY_DATA_STATE_MOBILE flg=0x10 (has extras) }, ordered=true, receiver=android.net.MobileDataStateTracker$MobileDataStateReceiver@4278b918, IIntentReceiver=42702508
07-04 12:17:42.403 D/MobileDataStateTracker(  582): net: Intent from SIM 1, current SIM 0, current DataState DISCONNECTED
07-04 12:17:42.403 D/ExtensionManager( 2464): PhoneGlobalsBroadcastReceiverExtension()
07-04 12:17:42.403 D/PhonePluginExtensionContainer( 2464): getPhoneGlobalsBroadcastReceiverExtension()
07-04 12:17:42.403 D/PhoneGlobalsBroadcastReceiverExtensionContainer( 2464): onReceive(), sub extension list is null, just return
07-04 12:17:42.403 D/PhoneGlobals( 2464): PhoneGlobalsBroadcastReceiver -----action=android.intent.action.ANY_DATA_STATE
07-04 12:17:42.403 D/PhoneGlobals( 2464): mReceiver: ACTION_ANY_DATA_CONNECTION_STATE_CHANGED state:DISCONNECTED reason:radioTurnedOff
07-04 12:17:42.404 D/NotificationMgr( 2464): hideDataDisconnectedRoaming()...
07-04 12:17:42.404 D/ActivityThread(  582): BDC-Calling finishReceiver: IIntentReceiver=42702508
07-04 12:17:42.404 V/Mms     ( 3648): [1] MmsSystemEventReceiver.java(167): Intent received: Intent { act=android.intent.action.ANY_DATA_STATE flg=0x10 (has extras) }
07-04 12:17:42.404 D/AudioFlinger(  133): threadLoop_sleepTime write muted data to hw
07-04 12:17:42.404 D/AudioMTKStreamOut(  133): write(), buffer = 0x42c0f398 bytes = 8192 mLatency = 92
07-04 12:17:42.405 D/TelephonyRegistry(  582): Received ACTION_ANY_DATA_CONNECTION_STATE_CHANGED_MOBILE
07-04 12:17:42.405 W/ApplicationContext(  582): Calling a method in the system process without a qualified user: android.app.ContextImpl.sendStickyBroadcast:1278 com.android.server.TelephonyRegistry$3.onReceive:910 android.app.LoadedApk$ReceiverDispatcher$Args.run:791 
07-04 12:17:42.406 D/MobileDataStateTracker(  582): mms: getNetworkInfo: updated IsAvailable=false
07-04 12:17:42.406 V/ActivityManager(  582): Broadcast sticky: Intent { act=android.intent.action.ANY_DATA_STATE flg=0x10 (has extras) } ordered=false userid=0
07-04 12:17:42.406 D/MobileDataStateTracker(  582): mms: getNetworkInfo: updated IsAvailable=false
07-04 12:17:42.406 D/ActivityThread(  582): BDC-Calling onReceive: intent=Intent { act=android.intent.action.ANY_DATA_STATE_MOBILE flg=0x10 (has extras) }, ordered=true, receiver=android.net.MobileDataStateTracker$MobileDataStateReceiver@4278b918, IIntentReceiver=42702508
07-04 12:17:42.406 D/MobileDataStateTracker(  582): rcse: Intent from SIM 1, current SIM 0, current DataState DISCONNECTED
07-04 12:17:42.407 D/ExtensionManager( 2464): PhoneGlobalsBroadcastReceiverExtension()
07-04 12:17:42.407 D/PhonePluginExtensionContainer( 2464): getPhoneGlobalsBroadcastReceiverExtension()
07-04 12:17:42.407 D/PhoneGlobalsBroadcastReceiverExtensionContainer( 2464): onReceive(), sub extension list is null, just return
07-04 12:17:42.407 D/PhoneGlobals( 2464): PhoneGlobalsBroadcastReceiver -----action=android.intent.action.ANY_DATA_STATE
07-04 12:17:42.407 D/PhoneGlobals( 2464): mReceiver: ACTION_ANY_DATA_CONNECTION_STATE_CHANGED state:DISCONNECTED reason:radioTurnedOff
07-04 12:17:42.407 D/NotificationMgr( 2464): hideDataDisconnectedRoaming()...
07-04 12:17:42.408 D/ActivityThread(  582): BDC-Calling finishReceiver: IIntentReceiver=42702508
07-04 12:17:42.408 V/Mms     ( 3648): [1] MmsSystemEventReceiver.java(167): Intent received: Intent { act=android.intent.action.ANY_DATA_STATE flg=0x10 (has extras) }
07-04 12:17:42.409 D/TelephonyRegistry(  582): Received ACTION_ANY_DATA_CONNECTION_STATE_CHANGED_MOBILE
07-04 12:17:42.409 W/ApplicationContext(  582): Calling a method in the system process without a qualified user: android.app.ContextImpl.sendStickyBroadcast:1278 com.android.server.TelephonyRegistry$3.onReceive:910 android.app.LoadedApk$ReceiverDispatcher$Args.run:791 
07-04 12:17:42.409 V/ActivityManager(  582): Broadcast sticky: Intent { act=android.intent.action.ANY_DATA_STATE flg=0x10 (has extras) } ordered=false userid=0
07-04 12:17:42.410 D/ActivityThread(  582): BDC-Calling onReceive: intent=Intent { act=android.intent.action.ANY_DATA_STATE_MOBILE flg=0x10 (has extras) }, ordered=true, receiver=android.net.MobileDataStateTracker$MobileDataStateReceiver@4278b918, IIntentReceiver=42702508
07-04 12:17:42.410 D/MobileDataStateTracker(  582): cbs: Intent from SIM 1, current SIM 0, current DataState DISCONNECTED
07-04 12:17:42.410 D/ExtensionManager( 2464): PhoneGlobalsBroadcastReceiverExtension()
07-04 12:17:42.410 D/PhonePluginExtensionContainer( 2464): getPhoneGlobalsBroadcastReceiverExtension()
07-04 12:17:42.410 D/PhoneGlobalsBroadcastReceiverExtensionContainer( 2464): onReceive(), sub extension list is null, just return
07-04 12:17:42.410 D/PhoneGlobals( 2464): PhoneGlobalsBroadcastReceiver -----action=android.intent.action.ANY_DATA_STATE
07-04 12:17:42.410 D/PhoneGlobals( 2464): mReceiver: ACTION_ANY_DATA_CONNECTION_STATE_CHANGED state:DISCONNECTED reason:radioTurnedOff
07-04 12:17:42.410 D/NotificationMgr( 2464): hideDataDisconnectedRoaming()...
07-04 12:17:42.410 D/ActivityThread(  582): BDC-Calling finishReceiver: IIntentReceiver=42702508
07-04 12:17:42.411 V/Mms     ( 3648): [1] MmsSystemEventReceiver.java(167): Intent received: Intent { act=android.intent.action.ANY_DATA_STATE flg=0x10 (has extras) }
07-04 12:17:42.411 D/TelephonyRegistry(  582): Received ACTION_ANY_DATA_CONNECTION_STATE_CHANGED_MOBILE
07-04 12:17:42.412 W/ApplicationContext(  582): Calling a method in the system process without a qualified user: android.app.ContextImpl.sendStickyBroadcast:1278 com.android.server.TelephonyRegistry$3.onReceive:910 android.app.LoadedApk$ReceiverDispatcher$Args.run:791 
07-04 12:17:42.412 V/ActivityManager(  582): Broadcast sticky: Intent { act=android.intent.action.ANY_DATA_STATE flg=0x10 (has extras) } ordered=false userid=0
07-04 12:17:42.412 D/ActivityThread(  582): BDC-Calling onReceive: intent=Intent { act=android.intent.action.ANY_DATA_STATE_MOBILE flg=0x10 (has extras) }, ordered=true, receiver=android.net.MobileDataStateTracker$MobileDataStateReceiver@4278b918, IIntentReceiver=42702508
07-04 12:17:42.412 D/MobileDataStateTracker(  582): dm: Intent from SIM 1, current SIM 0, current DataState DISCONNECTED
07-04 12:17:42.412 D/ExtensionManager( 2464): PhoneGlobalsBroadcastReceiverExtension()
07-04 12:17:42.412 D/PhonePluginExtensionContainer( 2464): getPhoneGlobalsBroadcastReceiverExtension()
07-04 12:17:42.412 D/PhoneGlobalsBroadcastReceiverExtensionContainer( 2464): onReceive(), sub extension list is null, just return
07-04 12:17:42.413 D/PhoneGlobals( 2464): PhoneGlobalsBroadcastReceiver -----action=android.intent.action.ANY_DATA_STATE
07-04 12:17:42.413 D/PhoneGlobals( 2464): mReceiver: ACTION_ANY_DATA_CONNECTION_STATE_CHANGED state:DISCONNECTED reason:radioTurnedOff
07-04 12:17:42.413 D/NotificationMgr( 2464): hideDataDisconnectedRoaming()...
07-04 12:17:42.413 D/ActivityThread(  582): BDC-Calling finishReceiver: IIntentReceiver=42702508
07-04 12:17:42.413 V/Mms     ( 3648): [1] MmsSystemEventReceiver.java(167): Intent received: Intent { act=android.intent.action.ANY_DATA_STATE flg=0x10 (has extras) }
07-04 12:17:42.414 D/TelephonyRegistry(  582): Received ACTION_ANY_DATA_CONNECTION_STATE_CHANGED_MOBILE
07-04 12:17:42.414 W/ApplicationContext(  582): Calling a method in the system process without a qualified user: android.app.ContextImpl.sendStickyBroadcast:1278 com.android.server.TelephonyRegistry$3.onReceive:910 android.app.LoadedApk$ReceiverDispatcher$Args.run:791 
07-04 12:17:42.414 V/ActivityManager(  582): Broadcast sticky: Intent { act=android.intent.action.ANY_DATA_STATE flg=0x10 (has extras) } ordered=false userid=0
07-04 12:17:42.415 D/ActivityThread(  582): BDC-Calling onReceive: intent=Intent { act=android.intent.action.ANY_DATA_STATE_MOBILE flg=0x10 (has extras) }, ordered=true, receiver=android.net.MobileDataStateTracker$MobileDataStateReceiver@4278b918, IIntentReceiver=42702508
07-04 12:17:42.415 D/MobileDataStateTracker(  582): wap: Intent from SIM 1, current SIM 0, current DataState DISCONNECTED
07-04 12:17:42.415 D/ExtensionManager( 2464): PhoneGlobalsBroadcastReceiverExtension()
07-04 12:17:42.415 D/PhonePluginExtensionContainer( 2464): getPhoneGlobalsBroadcastReceiverExtension()
07-04 12:17:42.415 D/PhoneGlobalsBroadcastReceiverExtensionContainer( 2464): onReceive(), sub extension list is null, just return
07-04 12:17:42.415 D/PhoneGlobals( 2464): PhoneGlobalsBroadcastReceiver -----action=android.intent.action.ANY_DATA_STATE
07-04 12:17:42.415 D/PhoneGlobals( 2464): mReceiver: ACTION_ANY_DATA_CONNECTION_STATE_CHANGED state:DISCONNECTED reason:radioTurnedOff
07-04 12:17:42.415 D/NotificationMgr( 2464): hideDataDisconnectedRoaming()...
07-04 12:17:42.415 D/ActivityThread(  582): BDC-Calling finishReceiver: IIntentReceiver=42702508
07-04 12:17:42.416 V/Mms     ( 3648): [1] MmsSystemEventReceiver.java(167): Intent received: Intent { act=android.intent.action.ANY_DATA_STATE flg=0x10 (has extras) }
07-04 12:17:42.416 D/TelephonyRegistry(  582): Received ACTION_ANY_DATA_CONNECTION_STATE_CHANGED_MOBILE
07-04 12:17:42.417 W/ApplicationContext(  582): Calling a method in the system process without a qualified user: android.app.ContextImpl.sendStickyBroadcast:1278 com.android.server.TelephonyRegistry$3.onReceive:910 android.app.LoadedApk$ReceiverDispatcher$Args.run:791 
07-04 12:17:42.417 V/ActivityManager(  582): Broadcast sticky: Intent { act=android.intent.action.ANY_DATA_STATE flg=0x10 (has extras) } ordered=false userid=0
07-04 12:17:42.418 D/ActivityThread(  582): BDC-Calling onReceive: intent=Intent { act=android.intent.action.ANY_DATA_STATE_MOBILE flg=0x10 (has extras) }, ordered=true, receiver=android.net.MobileDataStateTracker$MobileDataStateReceiver@4278b918, IIntentReceiver=42702508
07-04 12:17:42.418 D/MobileDataStateTracker(  582): cmmail: Intent from SIM 1, current SIM 0, current DataState DISCONNECTED
07-04 12:17:42.418 D/ExtensionManager( 2464): PhoneGlobalsBroadcastReceiverExtension()
07-04 12:17:42.418 D/PhonePluginExtensionContainer( 2464): getPhoneGlobalsBroadcastReceiverExtension()
07-04 12:17:42.418 D/PhoneGlobalsBroadcastReceiverExtensionContainer( 2464): onReceive(), sub extension list is null, just return
07-04 12:17:42.418 D/PhoneGlobals( 2464): PhoneGlobalsBroadcastReceiver -----action=android.intent.action.ANY_DATA_STATE
07-04 12:17:42.419 D/PhoneGlobals( 2464): mReceiver: ACTION_ANY_DATA_CONNECTION_STATE_CHANGED state:DISCONNECTED reason:radioTurnedOff
07-04 12:17:42.419 D/NotificationMgr( 2464): hideDataDisconnectedRoaming()...
07-04 12:17:42.420 V/Mms     ( 3648): [1] MmsSystemEventReceiver.java(167): Intent received: Intent { act=android.intent.action.ANY_DATA_STATE flg=0x10 (has extras) }
07-04 12:17:42.421 D/ActivityThread(  582): BDC-Calling finishReceiver: IIntentReceiver=42702508
07-04 12:17:42.422 D/TelephonyRegistry(  582): Received ACTION_ANY_DATA_CONNECTION_STATE_CHANGED_MOBILE
