07-04 09:20:11.933 V/WallpaperService(  616): Delivering touch event: MotionEvent { action=ACTION_MOVE, id[0]=0, x[0]=249.65326, y[0]=425.66745, toolType[0]=TOOL_TYPE_FINGER, buttonState=0, metaState=0, flags=0x1, edgeFlags=0x0, pointerCount=1, historySize=0, eventTime=989478, downTime=987568, deviceId=3, source=0x1002 }
07-04 09:20:11.947 V/WallpaperService(  616): Delivering touch event: MotionEvent { action=ACTION_MOVE, id[0]=0, x[0]=251.6505, y[0]=431.66275, toolType[0]=TOOL_TYPE_FINGER, buttonState=0, metaState=0, flags=0x1, edgeFlags=0x0, pointerCount=1, historySize=0, eventTime=989493, downTime=987568, deviceId=3, source=0x1002 }
07-04 09:20:11.962 V/WallpaperService(  616): Delivering touch event: MotionEvent { action=ACTION_MOVE, id[0]=0, x[0]=253.64772, y[0]=435.65964, toolType[0]=TOOL_TYPE_FINGER, buttonState=0, metaState=0, flags=0x1, edgeFlags=0x0, pointerCount=1, historySize=0, eventTime=989507, downTime=987568, deviceId=3, source=0x1002 }
07-04 09:20:11.977 V/WallpaperService(  616): Delivering touch event: MotionEvent { action=ACTION_MOVE, id[0]=0, x[0]=254.64633, y[0]=439.65652, toolType[0]=TOOL_TYPE_FINGER, buttonState=0, metaState=0, flags=0x1, edgeFlags=0x0, pointerCount=1, historySize=0, eventTime=989522, downTime=987568, deviceId=3, source=0x1002 }
07-04 09:20:11.993 V/WallpaperService(  616): Delivering touch event: MotionEvent { action=ACTION_MOVE, id[0]=0, x[0]=255.64494, y[0]=444.65262, toolType[0]=TOOL_TYPE_FINGER, buttonState=0, metaState=0, flags=0x1, edgeFlags=0x0, pointerCount=1, historySize=0, eventTime=989538, downTime=987568, deviceId=3, source=0x1002 }
07-04 09:20:12.008 V/WallpaperService(  616): Delivering touch event: MotionEvent { action=ACTION_MOVE, id[0]=0, x[0]=257.64218, y[0]=448.6495, toolType[0]=TOOL_TYPE_FINGER, buttonState=0, metaState=0, flags=0x1, edgeFlags=0x0, pointerCount=1, historySize=0, eventTime=989553, downTime=987568, deviceId=3, source=0x1002 }
07-04 09:20:12.023 V/WallpaperService(  616): Delivering touch event: MotionEvent { action=ACTION_MOVE, id[0]=0, x[0]=258.64078, y[0]=453.6456, toolType[0]=TOOL_TYPE_FINGER, buttonState=0, metaState=0, flags=0x1, edgeFlags=0x0, pointerCount=1, historySize=0, eventTime=989568, downTime=987568, deviceId=3, source=0x1002 }
07-04 09:20:12.038 D/PowerManagerNotifier(  461): onUserActivity: event=2, uid=1000
07-04 09:20:12.038 V/WallpaperService(  616): Delivering touch event: MotionEvent { action=ACTION_MOVE, id[0]=0, x[0]=259.6394, y[0]=456.64325, toolType[0]=TOOL_TYPE_FINGER, buttonState=0, metaState=0, flags=0x1, edgeFlags=0x0, pointerCount=1, historySize=0, eventTime=989583, downTime=987568, deviceId=3, source=0x1002 }
07-04 09:20:12.038 D/PowerManagerDisplayController(  461): requestPowerState: screenState=2, useProximitySensor=false, forceProximitySensorEnable=false, forceWakeUpEnable=false, screenBrightness=60, screenAutoBrightnessAdjustment=-0.6255319, useAutoBrightness=true, useEcoBrightness=false, blockScreenOn=false, waitForNegativeProximity=false
07-04 09:20:12.038 I/PowerManagerService(  461): setBrightness mButtonLight 0.
07-04 09:20:12.052 V/WallpaperService(  616): Delivering touch event: MotionEvent { action=ACTION_MOVE, id[0]=0, x[0]=260.638, y[0]=458.6417, toolType[0]=TOOL_TYPE_FINGER, buttonState=0, metaState=0, flags=0x1, edgeFlags=0x0, pointerCount=1, historySize=0, eventTime=989597, downTime=987568, deviceId=3, source=0x1002 }
07-04 09:20:12.067 V/WallpaperService(  616): Delivering touch event: MotionEvent { action=ACTION_MOVE, id[0]=0, x[0]=261.63663, y[0]=461.63934, toolType[0]=TOOL_TYPE_FINGER, buttonState=0, metaState=0, flags=0x1, edgeFlags=0x0, pointerCount=1, historySize=0, eventTime=989612, downTime=987568, deviceId=3, source=0x1002 }
07-04 09:20:12.081 V/WallpaperService(  616): Delivering touch event: MotionEvent { action=ACTION_MOVE, id[0]=0, x[0]=261.63663, y[0]=463.6378, toolType[0]=TOOL_TYPE_FINGER, buttonState=0, metaState=0, flags=0x1, edgeFlags=0x0, pointerCount=1, historySize=0, eventTime=989626, downTime=987568, deviceId=3, source=0x1002 }
07-04 09:20:12.096 V/WallpaperService(  616): Delivering touch event: MotionEvent { action=ACTION_MOVE, id[0]=0, x[0]=262.63522, y[0]=464.637, toolType[0]=TOOL_TYPE_FINGER, buttonState=0, metaState=0, flags=0x1, edgeFlags=0x0, pointerCount=1, historySize=0, eventTime=989641, downTime=987568, deviceId=3, source=0x1002 }
07-04 09:20:12.111 V/WallpaperService(  616): Delivering touch event: MotionEvent { action=ACTION_MOVE, id[0]=0, x[0]=262.63522, y[0]=466.63544, toolType[0]=TOOL_TYPE_FINGER, buttonState=0, metaState=0, flags=0x1, edgeFlags=0x0, pointerCount=1, historySize=0, eventTime=989656, downTime=987568, deviceId=3, source=0x1002 }
07-04 09:20:12.126 V/WallpaperService(  616): Delivering touch event: MotionEvent { action=ACTION_MOVE, id[0]=0, x[0]=263.63385, y[0]=467.63467, toolType[0]=TOOL_TYPE_FINGER, buttonState=0, metaState=0, flags=0x1, edgeFlags=0x0, pointerCount=1, historySize=0, eventTime=989671, downTime=987568, deviceId=3, source=0x1002 }
07-04 09:20:12.141 V/WallpaperService(  616): Delivering touch event: MotionEvent { action=ACTION_MOVE, id[0]=0, x[0]=263.63385, y[0]=469.6331, toolType[0]=TOOL_TYPE_FINGER, buttonState=0, metaState=0, flags=0x1, edgeFlags=0x0, pointerCount=1, historySize=0, eventTime=989687, downTime=987568, deviceId=3, source=0x1002 }
07-04 09:20:12.157 V/WallpaperService(  616): Delivering touch event: MotionEvent { action=ACTION_MOVE, id[0]=0, x[0]=263.63385, y[0]=470.63232, toolType[0]=TOOL_TYPE_FINGER, buttonState=0, metaState=0, flags=0x1, edgeFlags=0x0, pointerCount=1, historySize=0, eventTime=989702, downTime=987568, deviceId=3, source=0x1002 }
07-04 09:20:12.171 V/WallpaperService(  616): Delivering touch event: MotionEvent { action=ACTION_MOVE, id[0]=0, x[0]=263.63385, y[0]=471.63153, toolType[0]=TOOL_TYPE_FINGER, buttonState=0, metaState=0, flags=0x1, edgeFlags=0x0, pointerCount=1, historySize=0, eventTime=989716, downTime=987568, deviceId=3, source=0x1002 }
07-04 09:20:12.185 V/WallpaperService(  616): Delivering touch event: MotionEvent { action=ACTION_MOVE, id[0]=0, x[0]=264.63245, y[0]=472.63077, toolType[0]=TOOL_TYPE_FINGER, buttonState=0, metaState=0, flags=0x1, edgeFlags=0x0, pointerCount=1, historySize=0, eventTime=989730, downTime=987568, deviceId=3, source=0x1002 }
07-04 09:20:12.199 V/WallpaperService(  616): Delivering touch event: MotionEvent { action=ACTION_MOVE, id[0]=0, x[0]=264.63245, y[0]=473.62997, toolType[0]=TOOL_TYPE_FINGER, buttonState=0, metaState=0, flags=0x1, edgeFlags=0x0, pointerCount=1, historySize=0, eventTime=989744, downTime=987568, deviceId=3, source=0x1002 }
07-04 09:20:12.212 D/SQLiteConnection( 4137): execute took 793ms - succeeded, sql="COMMIT;"
07-04 09:20:12.214 V/WallpaperService(  616): Delivering touch event: MotionEvent { action=ACTION_MOVE, id[0]=0, x[0]=264.63245, y[0]=473.62997, toolType[0]=TOOL_TYPE_FINGER, buttonState=0, metaState=0, flags=0x1, edgeFlags=0x0, pointerCount=1, historySize=0, eventTime=989759, downTime=987568, deviceId=3, source=0x1002 }
07-04 09:20:12.218 D/dalvikvm( 4113): create interp thread : stack size=32KB
07-04 09:20:12.219 D/dalvikvm( 4113): create new thread
07-04 09:20:12.219 D/dalvikvm( 4113): new thread created
07-04 09:20:12.219 D/dalvikvm( 4113): update thread list
07-04 09:20:12.219 D/dalvikvm( 4113): threadid=12: interp stack at 0x5e245000
07-04 09:20:12.219 D/dalvikvm( 4113): threadid=12: created from interp
07-04 09:20:12.219 D/dalvikvm( 4113): start new thread
07-04 09:20:12.219 D/dalvikvm( 4113): threadid=12: notify debugger
07-04 09:20:12.219 D/dalvikvm( 4113): threadid=12 (AsyncQueryWorker): calling run()
07-04 09:20:12.225 D/IPCThreadState( 4137): [DN #5] BR_CLEAR_DEATH_NOTIFICATION_DONE cookie 0x5c36b8a0
07-04 09:20:12.228 V/ActivityManager(  461): Broadcast: Intent { act=com.android.calendar.APPWIDGET_UPDATE flg=0x10 } ordered=false userid=0
07-04 09:20:12.229 D/InputReader(  461): AP_PROF:AppLaunch_dispatchPtr:Up:989774
07-04 09:20:12.230 V/WallpaperService(  616): Delivering touch event: MotionEvent { action=ACTION_UP, id[0]=0, x[0]=264.63245, y[0]=473.62997, toolType[0]=TOOL_TYPE_FINGER, buttonState=0, metaState=0, flags=0x1, edgeFlags=0x0, pointerCount=1, historySize=0, eventTime=989774, downTime=987568, deviceId=3, source=0x1002 }
07-04 09:20:12.235 D/IPCThreadState( 4137): [DN #5] BR_CLEAR_DEATH_NOTIFICATION_DONE cookie 0x5d710c28
07-04 09:20:12.236 D/IPCThreadState(  461): [DN #5] BR_CLEAR_DEATH_NOTIFICATION_DONE cookie 0x5ea88358
07-04 09:20:12.246 V/Provider/Settings(  461):  from settings cache , name = status_bar_expandable_under_fullscreen , value = null
07-04 09:20:12.247 I/BufferQueue(  129): [com.miui.home/com.miui.home.launcher.Launcher](this:0x44ccede0,api:1) [release] fps:53.64, dur:1006.63, max:18.73, min:18.57
07-04 09:20:12.252 I/SurfaceTextureClient(  824): [STC::queueBuffer] (this:0x61269df0) fps:52.99, dur:1019.15, max:33.90, min:11.91
07-04 09:20:12.252 I/BufferQueue(  129): [com.miui.home/com.miui.home.launcher.Launcher](this:0x44ccede0,api:1) [queue] fps:52.99, dur:1019.11, max:33.95, min:11.84
07-04 09:20:12.283 I/CalendarProvider2( 4137): Sending notification intent: Intent { act=android.intent.action.PROVIDER_CHANGED dat=content://com.android.calendar }
07-04 09:20:12.283 W/ContentResolver( 4137): Failed to get type for: content://com.android.calendar (Unknown URL content://com.android.calendar)
07-04 09:20:12.284 V/ActivityManager(  461): Broadcast: Intent { act=android.intent.action.PROVIDER_CHANGED dat=content://com.android.calendar flg=0x10 } ordered=false userid=0
07-04 09:20:12.287 D/AlertReceiver( 4113): onReceive: a=android.intent.action.PROVIDER_CHANGED Intent { act=android.intent.action.PROVIDER_CHANGED dat=content://com.android.calendar flg=0x10 cmp=com.android.calendar/.alerts.AlertReceiver }
07-04 09:20:12.288 D/PowerManagerDisplayController(  461): requestPowerState: screenState=2, useProximitySensor=false, forceProximitySensorEnable=false, forceWakeUpEnable=false, screenBrightness=60, screenAutoBrightnessAdjustment=-0.6255319, useAutoBrightness=true, useEcoBrightness=false, blockScreenOn=false, waitForNegativeProximity=false
07-04 09:20:12.288 I/PowerManagerService(  461): setBrightness mButtonLight 0.
07-04 09:20:12.290 D/dalvikvm( 4113): create interp thread : stack size=32KB
07-04 09:20:12.290 D/dalvikvm( 4113): create new thread
07-04 09:20:12.291 D/dalvikvm( 4113): new thread created
07-04 09:20:12.291 D/dalvikvm( 4113): update thread list
07-04 09:20:12.291 D/dalvikvm( 4113): threadid=15: interp stack at 0x5e65d000
07-04 09:20:12.291 D/dalvikvm( 4113): threadid=15: created from interp
07-04 09:20:12.291 D/dalvikvm( 4113): start new thread
07-04 09:20:12.291 D/dalvikvm( 4113): threadid=15: notify debugger
07-04 09:20:12.291 D/dalvikvm( 4113): threadid=15 (AlertService): calling run()
07-04 09:20:12.294 D/AlertService( 4113): 0 Action = android.intent.action.PROVIDER_CHANGED
07-04 09:20:12.294 D/AlertService( 4113): Beginning updateAlertNotification
07-04 09:20:12.294 D/dalvikvm( 4113): create interp thread : stack size=32KB
07-04 09:20:12.295 D/dalvikvm( 4113): create new thread
07-04 09:20:12.295 D/dalvikvm( 4113): new thread created
07-04 09:20:12.295 D/dalvikvm( 4113): update thread list
07-04 09:20:12.295 D/dalvikvm( 4113): threadid=16: interp stack at 0x5e765000
07-04 09:20:12.295 D/dalvikvm( 4113): threadid=16: created from interp
07-04 09:20:12.295 D/dalvikvm( 4113): start new thread
07-04 09:20:12.295 D/dalvikvm( 4113): threadid=16: notify debugger
07-04 09:20:12.295 D/dalvikvm( 4113): threadid=16 (pool-3-thread-1): calling run()
07-04 09:20:12.295 D/dalvikvm( 4113): create interp thread : stack size=32KB
07-04 09:20:12.295 D/dalvikvm( 4113): create new thread
07-04 09:20:12.295 D/dalvikvm( 4113): new thread created
07-04 09:20:12.295 D/dalvikvm( 4113): update thread list
07-04 09:20:12.296 D/dalvikvm( 4113): threadid=17: interp stack at 0x5e86d000
07-04 09:20:12.296 D/dalvikvm( 4113): threadid=17: created from interp
07-04 09:20:12.297 D/dalvikvm( 4113): start new thread
07-04 09:20:12.297 D/dalvikvm( 4113): threadid=17: notify debugger
07-04 09:20:12.297 D/dalvikvm( 4113): threadid=17 (AsyncTask #2): calling run()
07-04 09:20:12.301 D/IPCThreadState( 4137): [DN #5] BR_CLEAR_DEATH_NOTIFICATION_DONE cookie 0x5d70dec0
07-04 09:20:12.302 W/CalendarProvider2-i( 4137): ###### instances range is already changed.
07-04 09:20:12.302 D/IPCThreadState(  461): [DN #5] BR_CLEAR_DEATH_NOTIFICATION_DONE cookie 0x6474e228
07-04 09:20:12.302 D/AlertService( 4113): No fired or scheduled alerts
07-04 09:20:12.312 D/PowerManagerDisplayController(  461): requestPowerState: screenState=2, useProximitySensor=false, forceProximitySensorEnable=false, forceWakeUpEnable=false, screenBrightness=60, screenAutoBrightnessAdjustment=-0.6255319, useAutoBrightness=true, useEcoBrightness=false, blockScreenOn=false, waitForNegativeProximity=false
07-04 09:20:12.312 I/PowerManagerService(  461): setBrightness mButtonLight 0.
07-04 09:20:12.312 D/IPCThreadState(  461): [DN #5] BR_CLEAR_DEATH_NOTIFICATION_DONE cookie 0x64279678
07-04 09:20:12.313 I/ActivityManager(  461): No longer want com.xiaomi.market (pid 4031): empty #7
07-04 09:20:12.313 D/dalvikvm( 4113): threadid=15: exiting
07-04 09:20:12.313 D/dalvikvm( 4113): threadid=15: bye!
07-04 09:20:12.321 D/IPCThreadState(  461): [DN #5] BR_DEAD_BINDER cookie 0x6505a6a8
07-04 09:20:12.321 D/IPCThreadState(  461): [DN #5] BR_DEAD_BINDER cookie 0x6505a838
07-04 09:20:12.321 D/IPCThreadState( 1090): [DN #5] BR_DEAD_BINDER cookie 0x5dfaf2b0
07-04 09:20:12.321 D/IPCThreadState(  461): [DN #5] BR_CLEAR_DEATH_NOTIFICATION_DONE cookie 0x6505a838
07-04 09:20:12.321 V/ActivityManager(  461): Death received in com.android.server.am.ActivityManagerService$AppDeathRecipient@435d4f08 for thread android.os.BinderProxy@43694bd0
07-04 09:20:12.322 D/IPCThreadState(  461): [DN #5] BR_CLEAR_DEATH_NOTIFICATION_DONE cookie 0x6505a6a8
07-04 09:20:12.322 D/IPCThreadState(  461): [DN #5] BR_CLEAR_DEATH_NOTIFICATION_DONE cookie 0x6505c1a8
07-04 09:20:12.322 D/IPCThreadState( 1090): [DN #5] BR_CLEAR_DEATH_NOTIFICATION_DONE cookie 0x5dfaf2b0
07-04 09:20:12.700 W/ADB_SERVICES( 3229): create_local_service_socket() name=tcp:10201
07-04 09:20:12.702 I/System.out( 3627): close [socket][/0.0.0.0:-1]
07-04 09:20:12.702 I/System.out( 3627): [CDS]EAGAIN or EWOULDBLOCK in Recvfrom
07-04 09:20:12.707 W/ADB_SERVICES( 3229): create_local_service_socket() name=tcp:10201
07-04 09:20:12.708 D/ConnectivityService(  461): getActiveNetworkInfo:NetworkInfo: type: WIFI[], state: CONNECTED/CONNECTED, reason: (unspecified), extra: "OPPO-SZ", roaming: false, failover: false, isAvailable: true, simId: 0/10085
07-04 09:20:12.708 I/System.out( 3627): close [socket][/0.0.0.0:-1]
07-04 09:20:12.709 I/System.out( 3627): [CDS]EAGAIN or EWOULDBLOCK in Recvfrom
07-04 09:20:12.712 I/System.out( 3627): [CDS]close[10201]
07-04 09:20:12.712 I/System.out( 3627): close [socket][/0.0.0.0:10201]
07-04 09:20:12.714 D/ConnectivityService(  461): getActiveNetworkInfo:NetworkInfo: type: WIFI[], state: CONNECTED/CONNECTED, reason: (unspecified), extra: "OPPO-SZ", roaming: false, failover: false, isAvailable: true, simId: 0/10085
07-04 09:20:12.715 D/TelephonyManager( 3627): getDefaultSim is sim1
07-04 09:20:12.717 D/dalvikvm( 4113): create interp thread : stack size=32KB
07-04 09:20:12.718 D/dalvikvm( 4113): create new thread
07-04 09:20:12.718 D/dalvikvm( 4113): new thread created
07-04 09:20:12.718 D/dalvikvm( 4113): update thread list
07-04 09:20:12.718 D/dalvikvm( 4113): threadid=15: interp stack at 0x5e65d000
07-04 09:20:12.718 D/dalvikvm( 4113): threadid=15: created from interp
07-04 09:20:12.718 I/System.out( 3627): [CDS]close[10201]
07-04 09:20:12.718 D/dalvikvm( 4113): start new thread
07-04 09:20:12.718 D/dalvikvm( 4113): threadid=15: notify debugger
07-04 09:20:12.718 D/dalvikvm( 4113): threadid=15 (AsyncTask #3): calling run()
07-04 09:20:12.718 I/System.out( 3627): close [socket][/0.0.0.0:10201]
07-04 09:20:12.726 D/StateMachine(  461): handleMessage: E msg.what=151572
07-04 09:20:12.726 D/StateMachine(  461): processMsg: ConnectedState
07-04 09:20:12.726 D/WifiStateMachine(  461): ConnectedState{ what=151572 when=0 target=Handler (com.android.internal.util.StateMachine$SmHandler) {428f74f8} }
07-04 09:20:12.726 D/StateMachine(  461): processMsg: L2ConnectedState
07-04 09:20:12.727 D/WifiStateMachine(  461): L2ConnectedState{ what=151572 when=0 target=Handler (com.android.internal.util.StateMachine$SmHandler) {428f74f8} }
07-04 09:20:12.727 D/WifiNative-wlan0(  461): doString: SIGNAL_POLL
07-04 09:20:12.727 D/WifiCommon(  461): [wlan0] SET "SIGNAL_POLL"
07-04 09:20:12.727 D/wpa_supplicant(  673): RX ctrl_iface - hexdump(len=11): 53 49 47 4e 41 4c 5f 50 4f 4c 4c
07-04 09:20:12.727 D/wpa_supplicant(  673): wlan0: Control interface command 'SIGNAL_POLL'
07-04 09:20:12.727 D/wpa_supplicant(  673): nl80211: survey data missing!
07-04 09:20:12.728 I/WifiStateMachine(  461): fetchRssiAndLinkSpeedNative, newRssi:-46, newLinkSpeed:65, SSID:"OPPO-SZ"
07-04 09:20:12.728 D/WifiNative-wlan0(  461): doString: PKTCNT_POLL
07-04 09:20:12.728 D/WifiCommon(  461): [wlan0] SET "PKTCNT_POLL"
07-04 09:20:12.728 D/wpa_supplicant(  673): RX ctrl_iface - hexdump(len=11): 50 4b 54 43 4e 54 5f 50 4f 4c 4c
07-04 09:20:12.728 D/wpa_supplicant(  673): wlan0: Control interface command 'PKTCNT_POLL'
07-04 09:20:12.728 D/WifiStateMachine(  461): pktcntPoll:TXGOOD=442
07-04 09:20:12.728 D/WifiStateMachine(  461): TXBAD=9
07-04 09:20:12.728 D/WifiStateMachine(  461): RXGOOD=0
07-04 09:20:12.729 D/StateMachine(  461): handleMessage: X
07-04 09:20:12.729 D/WifiWatchdogStateMachine(  461): Fetch RSSI succeed, rssi=-46 mrssi=-46 txbad=9 txgood=442
07-04 09:20:12.729 D/WifiWatchdogStateMachine(  461): Incremental loss=0/4 Current loss=0% volume=5.88
07-04 09:20:12.729 D/WifiWatchdogStateMachine(  461): Cache updated: loss[-46]=0% volume=0.49
07-04 09:20:12.780 D/InputReader(  461): AP_PROF:AppLaunch_dispatchPtr:Down:990326
07-04 09:20:12.780 I/AP_PROF (  461): unable to open /proc/mtprof/status entry
07-04 09:20:12.780 D/PowerManagerNotifier(  461): onUserActivity: event=2, uid=1000
07-04 09:20:12.781 D/PowerManagerDisplayController(  461): requestPowerState: screenState=2, useProximitySensor=false, forceProximitySensorEnable=false, forceWakeUpEnable=false, screenBrightness=60, screenAutoBrightnessAdjustment=-0.6255319, useAutoBrightness=true, useEcoBrightness=false, blockScreenOn=false, waitForNegativeProximity=false
07-04 09:20:12.781 I/PowerManagerService(  461): setBrightness mButtonLight 0.
07-04 09:20:12.781 V/WallpaperService(  616): Delivering touch event: MotionEvent { action=ACTION_DOWN, id[0]=0, x[0]=475.3398, y[0]=902.2951, toolType[0]=TOOL_TYPE_FINGER, buttonState=0, metaState=0, flags=0x1, edgeFlags=0x0, pointerCount=1, historySize=0, eventTime=990326, downTime=990326, deviceId=3, source=0x1002 }
07-04 09:20:12.781 V/Provider/Settings(  824):  from settings cache , name = privacy_mode_enabled , value = 0
07-04 09:20:12.795 V/WallpaperService(  616): Delivering touch event: MotionEvent { action=ACTION_MOVE, id[0]=0, x[0]=466.3523, y[0]=893.3021, toolType[0]=TOOL_TYPE_FINGER, buttonState=0, metaState=0, flags=0x1, edgeFlags=0x0, pointerCount=1, historySize=0, eventTime=990340, downTime=990326, deviceId=3, source=0x1002 }
07-04 09:20:12.810 V/WallpaperService(  616): Delivering touch event: MotionEvent { action=ACTION_MOVE, id[0]=0, x[0]=451.3731, y[0]=888.306, toolType[0]=TOOL_TYPE_FINGER, buttonState=0, metaState=0, flags=0x1, edgeFlags=0x0, pointerCount=1, historySize=0, eventTime=990355, downTime=990326, deviceId=3, source=0x1002 }
07-04 09:20:12.824 D/SQLiteConnection(  824): execute took 583ms - succeeded, sql="COMMIT;"
07-04 09:20:12.825 D/SQLiteConnection( 4137): execute took 523ms - succeeded, sql="COMMIT;"
07-04 09:20:12.825 V/WallpaperService(  616): Delivering touch event: MotionEvent { action=ACTION_MOVE, id[0]=0, x[0]=444.3828, y[0]=887.30676, toolType[0]=TOOL_TYPE_FINGER, buttonState=0, metaState=0, flags=0x1, edgeFlags=0x0, pointerCount=1, historySize=0, eventTime=990370, downTime=990326, deviceId=3, source=0x1002 }
07-04 09:20:12.828 D/IPCThreadState( 4137): [DN #5] BR_CLEAR_DEATH_NOTIFICATION_DONE cookie 0x5c36da88
07-04 09:20:12.828 W/CalendarProvider2-i( 4137): ###### instances range is already changed.
07-04 09:20:12.840 V/WallpaperService(  616): Delivering touch event: MotionEvent { action=ACTION_MOVE, id[0]=0, x[0]=418.41888, y[0]=884.30914, toolType[0]=TOOL_TYPE_FINGER, buttonState=0, metaState=0, flags=0x1, edgeFlags=0x0, pointerCount=1, historySize=0, eventTime=990386, downTime=990326, deviceId=3, source=0x1002 }
07-04 09:20:12.856 V/WallpaperService(  616): Delivering touch event: MotionEvent { action=ACTION_MOVE, id[0]=0, x[0]=371.48407, y[0]=883.30994, toolType[0]=TOOL_TYPE_FINGER, buttonState=0, metaState=0, flags=0x1, edgeFlags=0x0, pointerCount=1, historySize=0, eventTime=990401, downTime=990326, deviceId=3, source=0x1002 }
07-04 09:20:12.863 I/SurfaceFlinger(  129): [SurfaceFlinger] fps:46.109516,dur:1062.69,max:111.87,min:16.31
07-04 09:20:12.871 V/WallpaperService(  616): Delivering touch event: MotionEvent { action=ACTION_MOVE, id[0]=0, x[0]=294.59085, y[0]=880.31226, toolType[0]=TOOL_TYPE_FINGER, buttonState=0, metaState=0, flags=0x1, edgeFlags=0x0, pointerCount=1, historySize=0, eventTime=990416, downTime=990326, deviceId=3, source=0x1002 }
07-04 09:20:12.884 D/InputReader(  461): AP_PROF:AppLaunch_dispatchPtr:Up:990429
07-04 09:20:12.885 V/WallpaperService(  616): Delivering touch event: MotionEvent { action=ACTION_UP, id[0]=0, x[0]=294.59085, y[0]=880.31226, toolType[0]=TOOL_TYPE_FINGER, buttonState=0, metaState=0, flags=0x1, edgeFlags=0x0, pointerCount=1, historySize=0, eventTime=990429, downTime=990326, deviceId=3, source=0x1002 }
07-04 09:20:12.908 D/dalvikvm( 4052): GC_CONCURRENT freed 454K, 6% free 8943K/9428K, paused 1ms+2ms, total 15ms
07-04 09:20:12.938 I/SurfaceTextureClient(  616): [STC::queueBuffer] (this:0x60364460) fps:4.88, dur:1024.60, max:237.38, min:171.81
07-04 09:20:12.938 I/BufferQueue(  129): [StatusBar](this:0x42ecea00,api:1) [queue] fps:4.88, dur:1024.46, max:237.45, min:171.77
07-04 09:20:12.955 I/BufferQueue(  129): [StatusBar](this:0x42ecea00,api:1) [release] fps:4.88, dur:1025.39, max:223.71, min:186.34
07-04 09:20:13.131 W/ADB_SERVICES( 3229): create_local_service_socket() name=tcp:10201
07-04 09:20:13.133 I/System.out( 3627): close [socket][/0.0.0.0:-1]
07-04 09:20:13.133 I/System.out( 3627): [CDS]EAGAIN or EWOULDBLOCK in Recvfrom
07-04 09:20:13.144 I/System.out( 3627): [CDS]close[10201]
07-04 09:20:13.144 I/System.out( 3627): close [socket][/0.0.0.0:10201]
07-04 09:20:13.155 W/ADB_SERVICES( 3229): create_local_service_socket() name=tcp:10201
07-04 09:20:13.157 I/System.out( 3627): close [socket][/0.0.0.0:-1]
07-04 09:20:13.157 I/System.out( 3627): [CDS]EAGAIN or EWOULDBLOCK in Recvfrom
07-04 09:20:13.166 D/TelephonyManager( 3627): getDefaultSim is sim1
07-04 09:20:13.174 D/ConnectivityService(  461): getActiveNetworkInfo:NetworkInfo: type: WIFI[], state: CONNECTED/CONNECTED, reason: (unspecified), extra: "OPPO-SZ", roaming: false, failover: false, isAvailable: true, simId: 0/10085
07-04 09:20:13.184 I/System.out( 3627): [CDS]close[10201]
07-04 09:20:13.184 I/System.out( 3627): close [socket][/0.0.0.0:10201]
07-04 09:20:13.250 D/BatteryService(  461): mBatteryVoltage=3886
07-04 09:20:13.250 V/ActivityManager(  461): Broadcast sticky: Intent { act=android.intent.action.BATTERY_CHANGED flg=0x60000010 (has extras) } ordered=false userid=-1
07-04 09:20:13.251 D/WifiService(  461): onReceive, action:android.intent.action.BATTERY_CHANGED
07-04 09:20:13.252 V/Provider/Settings(  461):  from settings cache , name = wifi_idle_ms , value = null
07-04 09:20:13.252 V/Provider/Settings(  461):  from settings cache , name = stay_on_while_plugged_in , value = 0
07-04 09:20:13.252 D/WifiService(  461): ACTION_BATTERY_CHANGED pluggedType: 2
07-04 09:20:13.252 D/UsbDeviceManager(  461): onReceive - BATTERY_CHANGED - mPlugType: 2, mSettingUsbCharging: false, mConnected: true, mSettingUsbBicr: false
07-04 09:20:13.254 D/BatteryInfoReceiver(  936): 鐜版湁鐢甸噺锛?9
07-04 09:20:13.255 D/Bluetooth HS/HF(  713): [BT][HFG] [API] mStateReceiver.onReceive(android.intent.action.BATTERY_CHANGED)
07-04 09:20:13.255 D/Bluetooth HS/HF(  713): [BT][HFG] [API] mHandler.handleMessage(9)
07-04 09:20:13.255 D/Bluetooth HS/HF(  713): [BT][HFG] [API] updateBatteryState
07-04 09:20:13.293 D/dalvikvm( 4052): GC_CONCURRENT freed 515K, 6% free 8940K/9484K, paused 2ms+2ms, total 14ms
07-04 09:20:13.294 D/dalvikvm( 4052): WAIT_FOR_CONCURRENT_GC blocked 6ms
07-04 09:20:13.487 D/dalvikvm( 3627): create interp thread : stack size=32KB
07-04 09:20:13.487 D/dalvikvm( 3627): create new thread
07-04 09:20:13.487 D/dalvikvm( 3627): new thread created
07-04 09:20:13.487 D/dalvikvm( 3627): update thread list
07-04 09:20:13.487 D/dalvikvm( 3627): threadid=42: interp stack at 0x60207000
07-04 09:20:13.487 D/dalvikvm( 3627): threadid=42: created from interp
07-04 09:20:13.487 D/dalvikvm( 3627): start new thread
07-04 09:20:13.487 D/dalvikvm( 3627): threadid=42: notify debugger
07-04 09:20:13.487 D/dalvikvm( 3627): threadid=42 (IntentService[sms-service]): calling run()
07-04 09:20:13.494 D/dalvikvm( 3627): create interp thread : stack size=32KB
07-04 09:20:13.494 D/dalvikvm( 3627): create new thread
07-04 09:20:13.494 D/dalvikvm( 3627): new thread created
07-04 09:20:13.494 D/dalvikvm( 3627): update thread list
07-04 09:20:13.494 D/dalvikvm( 3627): threadid=48: interp stack at 0x6020f000
07-04 09:20:13.494 D/dalvikvm( 3627): threadid=48: created from interp
07-04 09:20:13.494 D/dalvikvm( 3627): start new thread
07-04 09:20:13.494 D/dalvikvm( 3627): threadid=48: notify debugger
07-04 09:20:13.494 D/dalvikvm( 3627): threadid=48 (Thread-438): calling run()
07-04 09:20:13.508 D/dalvikvm( 4052): GC_CONCURRENT freed 409K, 6% free 8944K/9484K, paused 2ms+1ms, total 17ms
07-04 09:20:13.522 D/dalvikvm( 3627): threadid=48: exiting
07-04 09:20:13.523 D/dalvikvm( 3627): threadid=48: bye!
07-04 09:20:13.527 D/dalvikvm( 3627): threadid=42: exiting
07-04 09:20:13.527 D/dalvikvm( 3627): threadid=42: bye!
07-04 09:20:13.565 D/dalvikvm( 4052): GC_CONCURRENT freed 410K, 6% free 8944K/9484K, paused 1ms+1ms, total 13ms
07-04 09:20:13.696 D/StateMachine(  461): handleMessage: E msg.what=131155
07-04 09:20:13.696 D/StateMachine(  461): processMsg: ConnectedState
07-04 09:20:13.696 D/WifiStateMachine(  461): ConnectedState{ what=131155 when=-1ms arg1=9 target=Handler (com.android.internal.util.StateMachine$SmHandler) {428f74f8} }
07-04 09:20:13.696 D/StateMachine(  461): processMsg: L2ConnectedState
07-04 09:20:13.696 D/WifiStateMachine(  461): L2ConnectedState{ what=131155 when=-1ms arg1=9 target=Handler (com.android.internal.util.StateMachine$SmHandler) {428f74f8} }
07-04 09:20:13.697 D/WifiNative-wlan0(  461): doString: SIGNAL_POLL
07-04 09:20:13.697 D/WifiCommon(  461): [wlan0] SET "SIGNAL_POLL"
07-04 09:20:13.697 D/wpa_supplicant(  673): RX ctrl_iface - hexdump(len=11): 53 49 47 4e 41 4c 5f 50 4f 4c 4c
07-04 09:20:13.697 D/wpa_supplicant(  673): wlan0: Control interface command 'SIGNAL_POLL'
07-04 09:20:13.715 D/wpa_supplicant(  673): nl80211: survey data missing!
07-04 09:20:13.715 I/WifiStateMachine(  461): fetchRssiAndLinkSpeedNative, newRssi:-46, newLinkSpeed:65, SSID:"OPPO-SZ"
07-04 09:20:13.715 D/StateMachine(  461): handleMessage: X
07-04 09:20:13.715 D/StatusBar.NetworkControllerGemini(  616): isSimInserted(0), SimInserted=true
07-04 09:20:13.716 D/StatusBar.NetworkControllerGemini(  616): isSimInserted(1), SimInserted=false
07-04 09:20:13.717 D/TelephonyManagerEx(  616): isNetworkRoaming
07-04 09:20:13.719 D/TelephonyManagerEx(  616): isNetworkRoaming
07-04 09:20:13.720 D/TelephonyManagerEx(  616): isNetworkRoaming
07-04 09:20:13.721 D/TelephonyManagerEx(  616): isNetworkRoaming
07-04 09:20:13.722 D/StatusBar.NetworkControllerGemini(  616): isSimInserted(0), SimInserted=true
07-04 09:20:13.722 D/StatusBar.NetworkControllerGemini(  616): isSimInserted(1), SimInserted=false
07-04 09:20:13.723 D/TelephonyManagerEx(  616): isNetworkRoaming
07-04 09:20:13.724 D/TelephonyManagerEx(  616): isNetworkRoaming
07-04 09:20:13.725 D/TelephonyManagerEx(  616): isNetworkRoaming
07-04 09:20:13.726 D/TelephonyManagerEx(  616): isNetworkRoaming
07-04 09:20:13.728 D/StateMachine(  461): handleMessage: E msg.what=151572
07-04 09:20:13.728 D/StateMachine(  461): processMsg: ConnectedState
07-04 09:20:13.728 D/WifiStateMachine(  461): ConnectedState{ what=151572 when=-1ms target=Handler (com.android.internal.util.StateMachine$SmHandler) {428f74f8} }
07-04 09:20:13.728 D/StateMachine(  461): processMsg: L2ConnectedState
07-04 09:20:13.728 D/WifiStateMachine(  461): L2ConnectedState{ what=151572 when=-1ms target=Handler (com.android.internal.util.StateMachine$SmHandler) {428f74f8} }
07-04 09:20:13.728 D/WifiNative-wlan0(  461): doString: SIGNAL_POLL
07-04 09:20:13.728 D/WifiCommon(  461): [wlan0] SET "SIGNAL_POLL"
07-04 09:20:13.728 D/wpa_supplicant(  673): RX ctrl_iface - hexdump(len=11): 53 49 47 4e 41 4c 5f 50 4f 4c 4c
07-04 09:20:13.728 D/wpa_supplicant(  673): wlan0: Control interface command 'SIGNAL_POLL'
07-04 09:20:13.745 D/wpa_supplicant(  673): nl80211: survey data missing!
07-04 09:20:13.745 I/WifiStateMachine(  461): fetchRssiAndLinkSpeedNative, newRssi:-46, newLinkSpeed:65, SSID:"OPPO-SZ"
07-04 09:20:13.745 D/WifiNative-wlan0(  461): doString: PKTCNT_POLL
07-04 09:20:13.745 D/WifiCommon(  461): [wlan0] SET "PKTCNT_POLL"
07-04 09:20:13.745 D/wpa_supplicant(  673): RX ctrl_iface - hexdump(len=11): 50 4b 54 43 4e 54 5f 50 4f 4c 4c
07-04 09:20:13.745 D/wpa_supplicant(  673): wlan0: Control interface command 'PKTCNT_POLL'
07-04 09:20:13.747 D/WifiStateMachine(  461): pktcntPoll:TXGOOD=442
07-04 09:20:13.747 D/WifiStateMachine(  461): TXBAD=9
07-04 09:20:13.747 D/WifiStateMachine(  461): RXGOOD=0
07-04 09:20:13.747 D/StateMachine(  461): handleMessage: X
07-04 09:20:13.747 D/WifiWatchdogStateMachine(  461): Fetch RSSI succeed, rssi=-46 mrssi=-46 txbad=9 txgood=442
07-04 09:20:13.922 D/dalvikvm( 4052): GC_CONCURRENT freed 509K, 6% free 8946K/9484K, paused 1ms+1ms, total 14ms
07-04 09:20:13.922 D/dalvikvm( 4052): WAIT_FOR_CONCURRENT_GC blocked 6ms
07-04 09:20:13.964 I/SurfaceTextureClient(  616): [STC::queueBuffer] (this:0x60364460) fps:2.92, dur:1025.85, max:708.13, min:112.36
07-04 09:20:13.964 I/BufferQueue(  129): [StatusBar](this:0x42ecea00,api:1) [queue] fps:2.92, dur:1025.83, max:708.14, min:112.12
07-04 09:20:13.981 I/BufferQueue(  129): [StatusBar](this:0x42ecea00,api:1) [release] fps:2.93, dur:1025.29, max:708.43, min:111.74
07-04 09:20:13.981 I/SurfaceFlinger(  129): [SurfaceFlinger] fps:19.667873,dur:1118.58,max:708.49,min:18.41
07-04 09:20:14.018 D/InputReader(  461): AP_PROF:AppLaunch_dispatchPtr:Down:991564
07-04 09:20:14.019 I/AP_PROF (  461): unable to open /proc/mtprof/status entry
07-04 09:20:14.019 D/PowerManagerNotifier(  461): onUserActivity: event=2, uid=1000
07-04 09:20:14.019 D/PowerManagerDisplayController(  461): requestPowerState: screenState=2, useProximitySensor=false, forceProximitySensorEnable=false, forceWakeUpEnable=false, screenBrightness=60, screenAutoBrightnessAdjustment=-0.6255319, useAutoBrightness=true, useEcoBrightness=false, blockScreenOn=false, waitForNegativeProximity=false
07-04 09:20:14.019 I/PowerManagerService(  461): setBrightness mButtonLight 0.
07-04 09:20:14.019 V/WallpaperService(  616): Delivering touch event: MotionEvent { action=ACTION_DOWN, id[0]=0, x[0]=248.65465, y[0]=460.64014, toolType[0]=TOOL_TYPE_FINGER, buttonState=0, metaState=0, flags=0x1, edgeFlags=0x0, pointerCount=1, historySize=0, eventTime=991564, downTime=991564, deviceId=3, source=0x1002 }
07-04 09:20:14.020 V/Provider/Settings(  824):  from settings cache , name = privacy_mode_enabled , value = 0
07-04 09:20:14.034 V/WallpaperService(  616): Delivering touch event: MotionEvent { action=ACTION_MOVE, id[0]=0, x[0]=248.65465, y[0]=460.64014, toolType[0]=TOOL_TYPE_FINGER, buttonState=0, metaState=0, flags=0x1, edgeFlags=0x0, pointerCount=1, historySize=0, eventTime=991579, downTime=991564, deviceId=3, source=0x1002 }
07-04 09:20:14.049 V/WallpaperService(  616): Delivering touch event: MotionEvent { action=ACTION_MOVE, id[0]=0, x[0]=248.65465, y[0]=460.64014, toolType[0]=TOOL_TYPE_FINGER, buttonState=0, metaState=0, flags=0x1, edgeFlags=0x0, pointerCount=1, historySize=0, eventTime=991595, downTime=991564, deviceId=3, source=0x1002 }
07-04 09:20:14.065 V/WallpaperService(  616): Delivering touch event: MotionEvent { action=ACTION_MOVE, id[0]=0, x[0]=248.65465, y[0]=460.64014, toolType[0]=TOOL_TYPE_FINGER, buttonState=0, metaState=0, flags=0x1, edgeFlags=0x0, pointerCount=1, historySize=0, eventTime=991610, downTime=991564, deviceId=3, source=0x1002 }
07-04 09:20:14.079 V/WallpaperService(  616): Delivering touch event: MotionEvent { action=ACTION_MOVE, id[0]=0, x[0]=248.65465, y[0]=460.64014, toolType[0]=TOOL_TYPE_FINGER, buttonState=0, metaState=0, flags=0x1, edgeFlags=0x0, pointerCount=1, historySize=0, eventTime=991624, downTime=991564, deviceId=3, source=0x1002 }
07-04 09:20:14.094 V/WallpaperService(  616): Delivering touch event: MotionEvent { action=ACTION_MOVE, id[0]=0, x[0]=248.65465, y[0]=460.64014, toolType[0]=TOOL_TYPE_FINGER, buttonState=0, metaState=0, flags=0x1, edgeFlags=0x0, pointerCount=1, historySize=0, eventTime=991638, downTime=991564, deviceId=3, source=0x1002 }
07-04 09:20:14.107 V/WallpaperService(  616): Delivering touch event: MotionEvent { action=ACTION_MOVE, id[0]=0, x[0]=248.65465, y[0]=460.64014, toolType[0]=TOOL_TYPE_FINGER, buttonState=0, metaState=0, flags=0x1, edgeFlags=0x0, pointerCount=1, historySize=0, eventTime=991652, downTime=991564, deviceId=3, source=0x1002 }
07-04 09:20:14.123 V/WallpaperService(  616): Delivering touch event: MotionEvent { action=ACTION_MOVE, id[0]=0, x[0]=248.65465, y[0]=460.64014, toolType[0]=TOOL_TYPE_FINGER, buttonState=0, metaState=0, flags=0x1, edgeFlags=0x0, pointerCount=1, historySize=0, eventTime=991668, downTime=991564, deviceId=3, source=0x1002 }
07-04 09:20:14.123 D/dalvikvm( 4052): GC_CONCURRENT freed 510K, 6% free 8949K/9488K, paused 1ms+2ms, total 15ms
07-04 09:20:14.123 D/dalvikvm( 4052): WAIT_FOR_CONCURRENT_GC blocked 7ms
07-04 09:20:14.137 V/WallpaperService(  616): Delivering touch event: MotionEvent { action=ACTION_MOVE, id[0]=0, x[0]=248.65465, y[0]=460.64014, toolType[0]=TOOL_TYPE_FINGER, buttonState=0, metaState=0, flags=0x1, edgeFlags=0x0, pointerCount=1, historySize=0, eventTime=991683, downTime=991564, deviceId=3, source=0x1002 }
07-04 09:20:14.153 V/WallpaperService(  616): Delivering touch event: MotionEvent { action=ACTION_MOVE, id[0]=0, x[0]=248.65465, y[0]=460.64014, toolType[0]=TOOL_TYPE_FINGER, buttonState=0, metaState=0, flags=0x1, edgeFlags=0x0, pointerCount=1, historySize=0, eventTime=991698, downTime=991564, deviceId=3, source=0x1002 }
07-04 09:20:14.170 V/WallpaperService(  616): Delivering touch event: MotionEvent { action=ACTION_MOVE, id[0]=0, x[0]=248.65465, y[0]=460.64014, toolType[0]=TOOL_TYPE_FINGER, buttonState=0, metaState=0, flags=0x1, edgeFlags=0x0, pointerCount=1, historySize=0, eventTime=991713, downTime=991564, deviceId=3, source=0x1002 }
07-04 09:20:14.183 V/WallpaperService(  616): Delivering touch event: MotionEvent { action=ACTION_MOVE, id[0]=0, x[0]=248.65465, y[0]=460.64014, toolType[0]=TOOL_TYPE_FINGER, buttonState=0, metaState=0, flags=0x1, edgeFlags=0x0, pointerCount=1, historySize=0, eventTime=991728, downTime=991564, deviceId=3, source=0x1002 }
07-04 09:20:14.197 V/WallpaperService(  616): Delivering touch event: MotionEvent { action=ACTION_MOVE, id[0]=0, x[0]=248.65465, y[0]=460.64014, toolType[0]=TOOL_TYPE_FINGER, buttonState=0, metaState=0, flags=0x1, edgeFlags=0x0, pointerCount=1, historySize=0, eventTime=991742, downTime=991564, deviceId=3, source=0x1002 }
07-04 09:20:14.208 I/SurfaceTextureClient(  824): [STC::queueBuffer] (this:0x61269df0) fps:22.49, dur:1956.10, max:989.24, min:3.66
07-04 09:20:14.208 I/BufferQueue(  129): [com.miui.home/com.miui.home.launcher.Launcher](this:0x44ccede0,api:1) [queue] fps:22.49, dur:1956.11, max:989.31, min:3.66
07-04 09:20:14.212 V/WallpaperService(  616): Delivering touch event: MotionEvent { action=ACTION_MOVE, id[0]=0, x[0]=248.65465, y[0]=460.64014, toolType[0]=TOOL_TYPE_FINGER, buttonState=0, metaState=0, flags=0x1, edgeFlags=0x0, pointerCount=1, historySize=0, eventTime=991757, downTime=991564, deviceId=3, source=0x1002 }
07-04 09:20:14.223 I/BufferQueue(  129): [com.miui.home/com.miui.home.launcher.Launcher](this:0x44ccede0,api:1) [release] fps:22.77, dur:1976.10, max:988.04, min:18.56
07-04 09:20:14.226 V/WallpaperService(  616): Delivering touch event: MotionEvent { action=ACTION_MOVE, id[0]=0, x[0]=248.65465, y[0]=460.64014, toolType[0]=TOOL_TYPE_FINGER, buttonState=0, metaState=0, flags=0x1, edgeFlags=0x0, pointerCount=1, historySize=0, eventTime=991771, downTime=991564, deviceId=3, source=0x1002 }
07-04 09:20:14.241 V/WallpaperService(  616): Delivering touch event: MotionEvent { action=ACTION_MOVE, id[0]=0, x[0]=248.65465, y[0]=460.64014, toolType[0]=TOOL_TYPE_FINGER, buttonState=0, metaState=0, flags=0x1, edgeFlags=0x0, pointerCount=1, historySize=0, eventTime=991786, downTime=991564, deviceId=3, source=0x1002 }
07-04 09:20:14.256 V/WallpaperService(  616): Delivering touch event: MotionEvent { action=ACTION_MOVE, id[0]=0, x[0]=248.65465, y[0]=460.64014, toolType[0]=TOOL_TYPE_FINGER, buttonState=0, metaState=0, flags=0x1, edgeFlags=0x0, pointerCount=1, historySize=0, eventTime=991801, downTime=991564, deviceId=3, source=0x1002 }
07-04 09:20:14.271 V/WallpaperService(  616): Delivering touch event: MotionEvent { action=ACTION_MOVE, id[0]=0, x[0]=248.65465, y[0]=460.64014, toolType[0]=TOOL_TYPE_FINGER, buttonState=0, metaState=0, flags=0x1, edgeFlags=0x0, pointerCount=1, historySize=0, eventTime=991816, downTime=991564, deviceId=3, source=0x1002 }
07-04 09:20:14.286 V/WallpaperService(  616): Delivering touch event: MotionEvent { action=ACTION_MOVE, id[0]=0, x[0]=248.65465, y[0]=460.64014, toolType[0]=TOOL_TYPE_FINGER, buttonState=0, metaState=0, flags=0x1, edgeFlags=0x0, pointerCount=1, historySize=0, eventTime=991832, downTime=991564, deviceId=3, source=0x1002 }
07-04 09:20:14.301 V/WallpaperService(  616): Delivering touch event: MotionEvent { action=ACTION_MOVE, id[0]=0, x[0]=248.65465, y[0]=460.64014, toolType[0]=TOOL_TYPE_FINGER, buttonState=0, metaState=0, flags=0x1, edgeFlags=0x0, pointerCount=1, historySize=0, eventTime=991847, downTime=991564, deviceId=3, source=0x1002 }
07-04 09:20:14.316 V/WallpaperService(  616): Delivering touch event: MotionEvent { action=ACTION_MOVE, id[0]=0, x[0]=248.65465, y[0]=460.64014, toolType[0]=TOOL_TYPE_FINGER, buttonState=0, metaState=0, flags=0x1, edgeFlags=0x0, pointerCount=1, historySize=0, eventTime=991861, downTime=991564, deviceId=3, source=0x1002 }
07-04 09:20:14.330 V/WallpaperService(  616): Delivering touch event: MotionEvent { action=ACTION_MOVE, id[0]=0, x[0]=248.65465, y[0]=460.64014, toolType[0]=TOOL_TYPE_FINGER, buttonState=0, metaState=0, flags=0x1, edgeFlags=0x0, pointerCount=1, historySize=0, eventTime=991875, downTime=991564, deviceId=3, source=0x1002 }
07-04 09:20:14.344 V/WallpaperService(  616): Delivering touch event: MotionEvent { action=ACTION_MOVE, id[0]=0, x[0]=248.65465, y[0]=460.64014, toolType[0]=TOOL_TYPE_FINGER, buttonState=0, metaState=0, flags=0x1, edgeFlags=0x0, pointerCount=1, historySize=0, eventTime=991889, downTime=991564, deviceId=3, source=0x1002 }
07-04 09:20:14.359 V/WallpaperService(  616): Delivering touch event: MotionEvent { action=ACTION_MOVE, id[0]=0, x[0]=248.65465, y[0]=460.64014, toolType[0]=TOOL_TYPE_FINGER, buttonState=0, metaState=0, flags=0x1, edgeFlags=0x0, pointerCount=1, historySize=0, eventTime=991904, downTime=991564, deviceId=3, source=0x1002 }
07-04 09:20:14.375 V/WallpaperService(  616): Delivering touch event: MotionEvent { action=ACTION_MOVE, id[0]=0, x[0]=248.65465, y[0]=460.64014, toolType[0]=TOOL_TYPE_FINGER, buttonState=0, metaState=0, flags=0x1, edgeFlags=0x0, pointerCount=1, historySize=0, eventTime=991920, downTime=991564, deviceId=3, source=0x1002 }
07-04 09:20:14.390 V/WallpaperService(  616): Delivering touch event: MotionEvent { action=ACTION_MOVE, id[0]=0, x[0]=248.65465, y[0]=460.64014, toolType[0]=TOOL_TYPE_FINGER, buttonState=0, metaState=0, flags=0x1, edgeFlags=0x0, pointerCount=1, historySize=0, eventTime=991935, downTime=991564, deviceId=3, source=0x1002 }
07-04 09:20:14.405 V/WallpaperService(  616): Delivering touch event: MotionEvent { action=ACTION_MOVE, id[0]=0, x[0]=248.65465, y[0]=460.64014, toolType[0]=TOOL_TYPE_FINGER, buttonState=0, metaState=0, flags=0x1, edgeFlags=0x0, pointerCount=1, historySize=0, eventTime=991950, downTime=991564, deviceId=3, source=0x1002 }
07-04 09:20:14.420 V/WallpaperService(  616): Delivering touch event: MotionEvent { action=ACTION_MOVE, id[0]=0, x[0]=248.65465, y[0]=460.64014, toolType[0]=TOOL_TYPE_FINGER, buttonState=0, metaState=0, flags=0x1, edgeFlags=0x0, pointerCount=1, historySize=0, eventTime=991965, downTime=991564, deviceId=3, source=0x1002 }
07-04 09:20:14.434 V/WallpaperService(  616): Delivering touch event: MotionEvent { action=ACTION_MOVE, id[0]=0, x[0]=248.65465, y[0]=460.64014, toolType[0]=TOOL_TYPE_FINGER, buttonState=0, metaState=0, flags=0x1, edgeFlags=0x0, pointerCount=1, historySize=0, eventTime=991979, downTime=991564, deviceId=3, source=0x1002 }
07-04 09:20:14.449 V/WallpaperService(  616): Delivering touch event: MotionEvent { action=ACTION_MOVE, id[0]=0, x[0]=248.65465, y[0]=460.64014, toolType[0]=TOOL_TYPE_FINGER, buttonState=0, metaState=0, flags=0x1, edgeFlags=0x0, pointerCount=1, historySize=0, eventTime=991993, downTime=991564, deviceId=3, source=0x1002 }
07-04 09:20:14.458 D/dalvikvm( 4052): GC_CONCURRENT freed 508K, 6% free 8950K/9488K, paused 2ms+1ms, total 16ms
07-04 09:20:14.458 D/dalvikvm( 4052): WAIT_FOR_CONCURRENT_GC blocked 6ms
07-04 09:20:14.462 V/WallpaperService(  616): Delivering touch event: MotionEvent { action=ACTION_MOVE, id[0]=0, x[0]=248.65465, y[0]=460.64014, toolType[0]=TOOL_TYPE_FINGER, buttonState=0, metaState=0, flags=0x1, edgeFlags=0x0, pointerCount=1, historySize=0, eventTime=992008, downTime=991564, deviceId=3, source=0x1002 }
07-04 09:20:14.478 V/WallpaperService(  616): Delivering touch event: MotionEvent { action=ACTION_MOVE, id[0]=0, x[0]=248.65465, y[0]=460.64014, toolType[0]=TOOL_TYPE_FINGER, buttonState=0, metaState=0, flags=0x1, edgeFlags=0x0, pointerCount=1, historySize=0, eventTime=992023, downTime=991564, deviceId=3, source=0x1002 }
07-04 09:20:14.493 V/WallpaperService(  616): Delivering touch event: MotionEvent { action=ACTION_MOVE, id[0]=0, x[0]=248.65465, y[0]=460.64014, toolType[0]=TOOL_TYPE_FINGER, buttonState=0, metaState=0, flags=0x1, edgeFlags=0x0, pointerCount=1, historySize=0, eventTime=992038, downTime=991564, deviceId=3, source=0x1002 }
07-04 09:20:14.508 V/WallpaperService(  616): Delivering touch event: MotionEvent { action=ACTION_MOVE, id[0]=0, x[0]=248.65465, y[0]=460.64014, toolType[0]=TOOL_TYPE_FINGER, buttonState=0, metaState=0, flags=0x1, edgeFlags=0x0, pointerCount=1, historySize=0, eventTime=992053, downTime=991564, deviceId=3, source=0x1002 }
07-04 09:20:14.521 D/PhoneInterfaceManager(  713): state = IDLE
07-04 09:20:14.522 V/Provider/Settings(  461):  from settings cache , name = haptic_feedback_enabled , value = 0
07-04 09:20:14.522 V/Provider/Settings(  824):  from settings cache , name = privacy_mode_enabled , value = 0
07-04 09:20:14.523 D/PowerManagerNotifier(  461): onUserActivity: event=2, uid=1000
07-04 09:20:14.523 D/PowerManagerDisplayController(  461): requestPowerState: screenState=2, useProximitySensor=false, forceProximitySensorEnable=false, forceWakeUpEnable=false, screenBrightness=60, screenAutoBrightnessAdjustment=-0.6255319, useAutoBrightness=true, useEcoBrightness=false, blockScreenOn=false, waitForNegativeProximity=false
07-04 09:20:14.523 I/PowerManagerService(  461): setBrightness mButtonLight 0.
07-04 09:20:14.524 V/WallpaperService(  616): Delivering touch event: MotionEvent { action=ACTION_MOVE, id[0]=0, x[0]=248.65465, y[0]=460.64014, toolType[0]=TOOL_TYPE_FINGER, buttonState=0, metaState=0, flags=0x1, edgeFlags=0x0, pointerCount=1, historySize=0, eventTime=992068, downTime=991564, deviceId=3, source=0x1002 }
07-04 09:20:14.529 D/PhoneInterfaceManager(  713): state = IDLE
07-04 09:20:14.529 V/Provider/Settings(  461):  from settings cache , name = haptic_feedback_enabled , value = 0
07-04 09:20:14.537 V/Provider/Settings(  461):  from settings cache , name = status_bar_expandable_under_fullscreen , value = null
07-04 09:20:14.537 D/PhoneStatusBar(  616): disable: < expand icons alerts ticker system_info back home recent clock >
07-04 09:20:14.538 V/Provider/Settings(  461):  from settings cache , name = status_bar_expandable_under_fullscreen , value = null
07-04 09:20:14.560 V/WallpaperService(  616): Delivering touch event: MotionEvent { action=ACTION_MOVE, id[0]=0, x[0]=248.65465, y[0]=460.64014, toolType[0]=TOOL_TYPE_FINGER, buttonState=0, metaState=0, flags=0x1, edgeFlags=0x0, pointerCount=1, historySize=0, eventTime=992098, downTime=991564, deviceId=3, source=0x1002 }
07-04 09:20:14.567 V/WallpaperService(  616): Delivering touch event: MotionEvent { action=ACTION_MOVE, id[0]=0, x[0]=253.64772, y[0]=458.6417, toolType[0]=TOOL_TYPE_FINGER, buttonState=0, metaState=0, flags=0x1, edgeFlags=0x0, pointerCount=1, historySize=0, eventTime=992112, downTime=991564, deviceId=3, source=0x1002 }
07-04 09:20:14.582 V/WallpaperService(  616): Delivering touch event: MotionEvent { action=ACTION_MOVE, id[0]=0, x[0]=253.64772, y[0]=458.6417, toolType[0]=TOOL_TYPE_FINGER, buttonState=0, metaState=0, flags=0x1, edgeFlags=0x0, pointerCount=1, historySize=0, eventTime=992126, downTime=991564, deviceId=3, source=0x1002 }
07-04 09:20:14.596 V/WallpaperService(  616): Delivering touch event: MotionEvent { action=ACTION_MOVE, id[0]=0, x[0]=253.64772, y[0]=458.6417, toolType[0]=TOOL_TYPE_FINGER, buttonState=0, metaState=0, flags=0x1, edgeFlags=0x0, pointerCount=1, historySize=0, eventTime=992141, downTime=991564, deviceId=3, source=0x1002 }
07-04 09:20:14.611 V/WallpaperService(  616): Delivering touch event: MotionEvent { action=ACTION_MOVE, id[0]=0, x[0]=253.64772, y[0]=458.6417, toolType[0]=TOOL_TYPE_FINGER, buttonState=0, metaState=0, flags=0x1, edgeFlags=0x0, pointerCount=1, historySize=0, eventTime=992156, downTime=991564, deviceId=3, source=0x1002 }
07-04 09:20:14.627 V/WallpaperService(  616): Delivering touch event: MotionEvent { action=ACTION_MOVE, id[0]=0, x[0]=253.64772, y[0]=458.6417, toolType[0]=TOOL_TYPE_FINGER, buttonState=0, metaState=0, flags=0x1, edgeFlags=0x0, pointerCount=1, historySize=0, eventTime=992172, downTime=991564, deviceId=3, source=0x1002 }
07-04 09:20:14.642 V/WallpaperService(  616): Delivering touch event: MotionEvent { action=ACTION_MOVE, id[0]=0, x[0]=253.64772, y[0]=458.6417, toolType[0]=TOOL_TYPE_FINGER, buttonState=0, metaState=0, flags=0x1, edgeFlags=0x0, pointerCount=1, historySize=0, eventTime=992187, downTime=991564, deviceId=3, source=0x1002 }
07-04 09:20:14.657 V/WallpaperService(  616): Delivering touch event: MotionEvent { action=ACTION_MOVE, id[0]=0, x[0]=253.64772, y[0]=458.6417, toolType[0]=TOOL_TYPE_FINGER, buttonState=0, metaState=0, flags=0x1, edgeFlags=0x0, pointerCount=1, historySize=0, eventTime=992202, downTime=991564, deviceId=3, source=0x1002 }
07-04 09:20:14.673 V/WallpaperService(  616): Delivering touch event: MotionEvent { action=ACTION_MOVE, id[0]=0, x[0]=253.64772, y[0]=458.6417, toolType[0]=TOOL_TYPE_FINGER, buttonState=0, metaState=0, flags=0x1, edgeFlags=0x0, pointerCount=1, historySize=0, eventTime=992216, downTime=991564, deviceId=3, source=0x1002 }
07-04 09:20:14.685 V/WallpaperService(  616): Delivering touch event: MotionEvent { action=ACTION_MOVE, id[0]=0, x[0]=253.64772, y[0]=458.6417, toolType[0]=TOOL_TYPE_FINGER, buttonState=0, metaState=0, flags=0x1, edgeFlags=0x0, pointerCount=1, historySize=0, eventTime=992230, downTime=991564, deviceId=3, source=0x1002 }
07-04 09:20:14.699 V/WallpaperService(  616): Delivering touch event: MotionEvent { action=ACTION_MOVE, id[0]=0, x[0]=253.64772, y[0]=458.6417, toolType[0]=TOOL_TYPE_FINGER, buttonState=0, metaState=0, flags=0x1, edgeFlags=0x0, pointerCount=1, historySize=0, eventTime=992244, downTime=991564, deviceId=3, source=0x1002 }
07-04 09:20:14.715 V/WallpaperService(  616): Delivering touch event: MotionEvent { action=ACTION_MOVE, id[0]=0, x[0]=253.64772, y[0]=458.6417, toolType[0]=TOOL_TYPE_FINGER, buttonState=0, metaState=0, flags=0x1, edgeFlags=0x0, pointerCount=1, historySize=0, eventTime=992260, downTime=991564, deviceId=3, source=0x1002 }
07-04 09:20:14.729 D/StateMachine(  461): handleMessage: E msg.what=151572
07-04 09:20:14.729 D/StateMachine(  461): processMsg: ConnectedState
07-04 09:20:14.729 D/WifiStateMachine(  461): ConnectedState{ what=151572 when=0 target=Handler (com.android.internal.util.StateMachine$SmHandler) {428f74f8} }
07-04 09:20:14.729 D/StateMachine(  461): processMsg: L2ConnectedState
07-04 09:20:14.730 D/WifiStateMachine(  461): L2ConnectedState{ what=151572 when=0 target=Handler (com.android.internal.util.StateMachine$SmHandler) {428f74f8} }
07-04 09:20:14.730 D/WifiNative-wlan0(  461): doString: SIGNAL_POLL
07-04 09:20:14.730 D/WifiCommon(  461): [wlan0] SET "SIGNAL_POLL"
07-04 09:20:14.731 D/wpa_supplicant(  673): RX ctrl_iface - hexdump(len=11): 53 49 47 4e 41 4c 5f 50 4f 4c 4c
07-04 09:20:14.731 D/wpa_supplicant(  673): wlan0: Control interface command 'SIGNAL_POLL'
